Archive member included to satisfy reference by file (symbol)

/home/chris/opt/STM32CubeIDE/st/stm32cubeide_1.2.0/plugins/com.st.stm32cube.ide.mcu.externaltools.gnu-tools-for-stm32.7-2018-q2-update.linux64_1.4.0.202007081208/tools/bin/../lib/gcc/arm-none-eabi/7.3.1/../../../../arm-none-eabi/lib/thumb/v6-m/libc_nano.a(lib_a-errno.o)
                              Core/Src/syscalls.o (__errno)
/home/chris/opt/STM32CubeIDE/st/stm32cubeide_1.2.0/plugins/com.st.stm32cube.ide.mcu.externaltools.gnu-tools-for-stm32.7-2018-q2-update.linux64_1.4.0.202007081208/tools/bin/../lib/gcc/arm-none-eabi/7.3.1/../../../../arm-none-eabi/lib/thumb/v6-m/libc_nano.a(lib_a-exit.o)
                              /home/chris/opt/STM32CubeIDE/st/stm32cubeide_1.2.0/plugins/com.st.stm32cube.ide.mcu.externaltools.gnu-tools-for-stm32.7-2018-q2-update.linux64_1.4.0.202007081208/tools/bin/../lib/gcc/arm-none-eabi/7.3.1/../../../../arm-none-eabi/lib/thumb/v6-m/crt0.o (exit)
/home/chris/opt/STM32CubeIDE/st/stm32cubeide_1.2.0/plugins/com.st.stm32cube.ide.mcu.externaltools.gnu-tools-for-stm32.7-2018-q2-update.linux64_1.4.0.202007081208/tools/bin/../lib/gcc/arm-none-eabi/7.3.1/../../../../arm-none-eabi/lib/thumb/v6-m/libc_nano.a(lib_a-impure.o)
                              /home/chris/opt/STM32CubeIDE/st/stm32cubeide_1.2.0/plugins/com.st.stm32cube.ide.mcu.externaltools.gnu-tools-for-stm32.7-2018-q2-update.linux64_1.4.0.202007081208/tools/bin/../lib/gcc/arm-none-eabi/7.3.1/../../../../arm-none-eabi/lib/thumb/v6-m/libc_nano.a(lib_a-exit.o) (_global_impure_ptr)
/home/chris/opt/STM32CubeIDE/st/stm32cubeide_1.2.0/plugins/com.st.stm32cube.ide.mcu.externaltools.gnu-tools-for-stm32.7-2018-q2-update.linux64_1.4.0.202007081208/tools/bin/../lib/gcc/arm-none-eabi/7.3.1/../../../../arm-none-eabi/lib/thumb/v6-m/libc_nano.a(lib_a-init.o)
                              /home/chris/opt/STM32CubeIDE/st/stm32cubeide_1.2.0/plugins/com.st.stm32cube.ide.mcu.externaltools.gnu-tools-for-stm32.7-2018-q2-update.linux64_1.4.0.202007081208/tools/bin/../lib/gcc/arm-none-eabi/7.3.1/../../../../arm-none-eabi/lib/thumb/v6-m/crt0.o (__libc_init_array)
/home/chris/opt/STM32CubeIDE/st/stm32cubeide_1.2.0/plugins/com.st.stm32cube.ide.mcu.externaltools.gnu-tools-for-stm32.7-2018-q2-update.linux64_1.4.0.202007081208/tools/bin/../lib/gcc/arm-none-eabi/7.3.1/../../../../arm-none-eabi/lib/thumb/v6-m/libc_nano.a(lib_a-memcpy-stub.o)
                              UserApp/user_app.o (memcpy)
/home/chris/opt/STM32CubeIDE/st/stm32cubeide_1.2.0/plugins/com.st.stm32cube.ide.mcu.externaltools.gnu-tools-for-stm32.7-2018-q2-update.linux64_1.4.0.202007081208/tools/bin/../lib/gcc/arm-none-eabi/7.3.1/../../../../arm-none-eabi/lib/thumb/v6-m/libc_nano.a(lib_a-memmove.o)
                              ssd1306/ssd1306_tests.o (memmove)
/home/chris/opt/STM32CubeIDE/st/stm32cubeide_1.2.0/plugins/com.st.stm32cube.ide.mcu.externaltools.gnu-tools-for-stm32.7-2018-q2-update.linux64_1.4.0.202007081208/tools/bin/../lib/gcc/arm-none-eabi/7.3.1/../../../../arm-none-eabi/lib/thumb/v6-m/libc_nano.a(lib_a-memset.o)
                              /home/chris/opt/STM32CubeIDE/st/stm32cubeide_1.2.0/plugins/com.st.stm32cube.ide.mcu.externaltools.gnu-tools-for-stm32.7-2018-q2-update.linux64_1.4.0.202007081208/tools/bin/../lib/gcc/arm-none-eabi/7.3.1/../../../../arm-none-eabi/lib/thumb/v6-m/crt0.o (memset)
/home/chris/opt/STM32CubeIDE/st/stm32cubeide_1.2.0/plugins/com.st.stm32cube.ide.mcu.externaltools.gnu-tools-for-stm32.7-2018-q2-update.linux64_1.4.0.202007081208/tools/bin/../lib/gcc/arm-none-eabi/7.3.1/../../../../arm-none-eabi/lib/thumb/v6-m/libc_nano.a(lib_a-snprintf.o)
                              UserApp/user_app.o (snprintf)
/home/chris/opt/STM32CubeIDE/st/stm32cubeide_1.2.0/plugins/com.st.stm32cube.ide.mcu.externaltools.gnu-tools-for-stm32.7-2018-q2-update.linux64_1.4.0.202007081208/tools/bin/../lib/gcc/arm-none-eabi/7.3.1/../../../../arm-none-eabi/lib/thumb/v6-m/libc_nano.a(lib_a-nano-svfprintf.o)
                              /home/chris/opt/STM32CubeIDE/st/stm32cubeide_1.2.0/plugins/com.st.stm32cube.ide.mcu.externaltools.gnu-tools-for-stm32.7-2018-q2-update.linux64_1.4.0.202007081208/tools/bin/../lib/gcc/arm-none-eabi/7.3.1/../../../../arm-none-eabi/lib/thumb/v6-m/libc_nano.a(lib_a-snprintf.o) (_svfprintf_r)
/home/chris/opt/STM32CubeIDE/st/stm32cubeide_1.2.0/plugins/com.st.stm32cube.ide.mcu.externaltools.gnu-tools-for-stm32.7-2018-q2-update.linux64_1.4.0.202007081208/tools/bin/../lib/gcc/arm-none-eabi/7.3.1/../../../../arm-none-eabi/lib/thumb/v6-m/libc_nano.a(lib_a-nano-vfprintf_i.o)
                              /home/chris/opt/STM32CubeIDE/st/stm32cubeide_1.2.0/plugins/com.st.stm32cube.ide.mcu.externaltools.gnu-tools-for-stm32.7-2018-q2-update.linux64_1.4.0.202007081208/tools/bin/../lib/gcc/arm-none-eabi/7.3.1/../../../../arm-none-eabi/lib/thumb/v6-m/libc_nano.a(lib_a-nano-svfprintf.o) (_printf_i)
[...]
Memory Configuration

Name             Origin             Length             Attributes
RAM              0x0000000020000000 0x0000000000002000 xrw
FLASH            0x0000000008000000 0x0000000000010000 xr
*default*        0x0000000000000000 0xffffffffffffffff

Linker script and memory map

LOAD /home/chris/opt/STM32CubeIDE/st/stm32cubeide_1.2.0/plugins/com.st.stm32cube.ide.mcu.externaltools.gnu-tools-for-stm32.7-2018-q2-update.linux64_1.4.0.202007081208/tools/bin/../lib/gcc/arm-none-eabi/7.3.1/thumb/v6-m/crti.o
LOAD /home/chris/opt/STM32CubeIDE/st/stm32cubeide_1.2.0/plugins/com.st.stm32cube.ide.mcu.externaltools.gnu-tools-for-stm32.7-2018-q2-update.linux64_1.4.0.202007081208/tools/bin/../lib/gcc/arm-none-eabi/7.3.1/thumb/v6-m/crtbegin.o
LOAD /home/chris/opt/STM32CubeIDE/st/stm32cubeide_1.2.0/plugins/com.st.stm32cube.ide.mcu.externaltools.gnu-tools-for-stm32.7-2018-q2-update.linux64_1.4.0.202007081208/tools/bin/../lib/gcc/arm-none-eabi/7.3.1/../../../../arm-none-eabi/lib/thumb/v6-m/crt0.o
LOAD Core/Src/dma.o
LOAD Core/Src/gpio.o
LOAD Core/Src/i2c.o
LOAD Core/Src/main.o
LOAD Core/Src/stm32f0xx_hal_msp.o
LOAD Core/Src/stm32f0xx_it.o
LOAD Core/Src/syscalls.o
LOAD Core/Src/sysmem.o
LOAD Core/Src/system_stm32f0xx.o
LOAD Core/Src/usart.o
LOAD Core/Startup/startup_stm32f051k8tx.o
LOAD Drivers/STM32F0xx_HAL_Driver/Src/stm32f0xx_hal.o
LOAD Drivers/STM32F0xx_HAL_Driver/Src/stm32f0xx_hal_cortex.o
LOAD Drivers/STM32F0xx_HAL_Driver/Src/stm32f0xx_hal_dma.o
LOAD Drivers/STM32F0xx_HAL_Driver/Src/stm32f0xx_hal_exti.o
LOAD Drivers/STM32F0xx_HAL_Driver/Src/stm32f0xx_hal_flash.o
LOAD Drivers/STM32F0xx_HAL_Driver/Src/stm32f0xx_hal_flash_ex.o
LOAD Drivers/STM32F0xx_HAL_Driver/Src/stm32f0xx_hal_gpio.o
LOAD Drivers/STM32F0xx_HAL_Driver/Src/stm32f0xx_hal_i2c.o
LOAD Drivers/STM32F0xx_HAL_Driver/Src/stm32f0xx_hal_i2c_ex.o
LOAD Drivers/STM32F0xx_HAL_Driver/Src/stm32f0xx_hal_pwr.o
LOAD Drivers/STM32F0xx_HAL_Driver/Src/stm32f0xx_hal_pwr_ex.o
LOAD Drivers/STM32F0xx_HAL_Driver/Src/stm32f0xx_hal_rcc.o
LOAD Drivers/STM32F0xx_HAL_Driver/Src/stm32f0xx_hal_rcc_ex.o
LOAD Drivers/STM32F0xx_HAL_Driver/Src/stm32f0xx_hal_tim.o
LOAD Drivers/STM32F0xx_HAL_Driver/Src/stm32f0xx_hal_tim_ex.o
LOAD Drivers/STM32F0xx_HAL_Driver/Src/stm32f0xx_hal_uart.o
LOAD Drivers/STM32F0xx_HAL_Driver/Src/stm32f0xx_hal_uart_ex.o
LOAD UserApp/user_app.o
LOAD ssd1306/ssd1306.o
LOAD ssd1306/ssd1306_fonts.o
LOAD ssd1306/ssd1306_tests.o
START GROUP
LOAD /home/chris/opt/STM32CubeIDE/st/stm32cubeide_1.2.0/plugins/com.st.stm32cube.ide.mcu.externaltools.gnu-tools-for-stm32.7-2018-q2-update.linux64_1.4.0.202007081208/tools/bin/../lib/gcc/arm-none-eabi/7.3.1/../../../../arm-none-eabi/lib/thumb/v6-m/libc_nano.a
LOAD /home/chris/opt/STM32CubeIDE/st/stm32cubeide_1.2.0/plugins/com.st.stm32cube.ide.mcu.externaltools.gnu-tools-for-stm32.7-2018-q2-update.linux64_1.4.0.202007081208/tools/bin/../lib/gcc/arm-none-eabi/7.3.1/../../../../arm-none-eabi/lib/thumb/v6-m/libm.a
END GROUP
START GROUP
LOAD /home/chris/opt/STM32CubeIDE/st/stm32cubeide_1.2.0/plugins/com.st.stm32cube.ide.mcu.externaltools.gnu-tools-for-stm32.7-2018-q2-update.linux64_1.4.0.202007081208/tools/bin/../lib/gcc/arm-none-eabi/7.3.1/thumb/v6-m/libgcc.a
LOAD /home/chris/opt/STM32CubeIDE/st/stm32cubeide_1.2.0/plugins/com.st.stm32cube.ide.mcu.externaltools.gnu-tools-for-stm32.7-2018-q2-update.linux64_1.4.0.202007081208/tools/bin/../lib/gcc/arm-none-eabi/7.3.1/../../../../arm-none-eabi/lib/thumb/v6-m/libc_nano.a
END GROUP
START GROUP
LOAD /home/chris/opt/STM32CubeIDE/st/stm32cubeide_1.2.0/plugins/com.st.stm32cube.ide.mcu.externaltools.gnu-tools-for-stm32.7-2018-q2-update.linux64_1.4.0.202007081208/tools/bin/../lib/gcc/arm-none-eabi/7.3.1/thumb/v6-m/libgcc.a
LOAD /home/chris/opt/STM32CubeIDE/st/stm32cubeide_1.2.0/plugins/com.st.stm32cube.ide.mcu.externaltools.gnu-tools-for-stm32.7-2018-q2-update.linux64_1.4.0.202007081208/tools/bin/../lib/gcc/arm-none-eabi/7.3.1/../../../../arm-none-eabi/lib/thumb/v6-m/libc_nano.a
LOAD /home/chris/opt/STM32CubeIDE/st/stm32cubeide_1.2.0/plugins/com.st.stm32cube.ide.mcu.externaltools.gnu-tools-for-stm32.7-2018-q2-update.linux64_1.4.0.202007081208/tools/bin/../lib/gcc/arm-none-eabi/7.3.1/../../../../arm-none-eabi/lib/thumb/v6-m/libnosys.a
END GROUP
START GROUP
LOAD /home/chris/opt/STM32CubeIDE/st/stm32cubeide_1.2.0/plugins/com.st.stm32cube.ide.mcu.externaltools.gnu-tools-for-stm32.7-2018-q2-update.linux64_1.4.0.202007081208/tools/bin/../lib/gcc/arm-none-eabi/7.3.1/thumb/v6-m/libgcc.a
LOAD /home/chris/opt/STM32CubeIDE/st/stm32cubeide_1.2.0/plugins/com.st.stm32cube.ide.mcu.externaltools.gnu-tools-for-stm32.7-2018-q2-update.linux64_1.4.0.202007081208/tools/bin/../lib/gcc/arm-none-eabi/7.3.1/../../../../arm-none-eabi/lib/thumb/v6-m/libc_nano.a
LOAD /home/chris/opt/STM32CubeIDE/st/stm32cubeide_1.2.0/plugins/com.st.stm32cube.ide.mcu.externaltools.gnu-tools-for-stm32.7-2018-q2-update.linux64_1.4.0.202007081208/tools/bin/../lib/gcc/arm-none-eabi/7.3.1/../../../../arm-none-eabi/lib/thumb/v6-m/libnosys.a
END GROUP
LOAD /home/chris/opt/STM32CubeIDE/st/stm32cubeide_1.2.0/plugins/com.st.stm32cube.ide.mcu.externaltools.gnu-tools-for-stm32.7-2018-q2-update.linux64_1.4.0.202007081208/tools/bin/../lib/gcc/arm-none-eabi/7.3.1/thumb/v6-m/crtend.o
LOAD /home/chris/opt/STM32CubeIDE/st/stm32cubeide_1.2.0/plugins/com.st.stm32cube.ide.mcu.externaltools.gnu-tools-for-stm32.7-2018-q2-update.linux64_1.4.0.202007081208/tools/bin/../lib/gcc/arm-none-eabi/7.3.1/thumb/v6-m/crtn.o
                0x0000000020002000                _estack = (ORIGIN (RAM) + LENGTH (RAM))
                0x0000000000000200                _Min_Heap_Size = 0x200
                0x0000000000000400                _Min_Stack_Size = 0x400

.isr_vector     0x0000000008000000       0xc0
                0x0000000008000000                . = ALIGN (0x4)
 *(.isr_vector)
 .isr_vector    0x0000000008000000       0xc0 Core/Startup/startup_stm32f051k8tx.o
                0x0000000008000000                g_pfnVectors
                0x00000000080000c0                . = ALIGN (0x4)

.text           0x00000000080000c0     0x4bc0
                0x00000000080000c0                . = ALIGN (0x4)
 *(.text)
 .text          0x00000000080000c0       0x48 /home/chris/opt/STM32CubeIDE/st/stm32cubeide_1.2.0/plugins/com.st.stm32cube.ide.mcu.externaltools.gnu-tools-for-stm32.7-2018-q2-update.linux64_1.4.0.202007081208/tools/bin/../lib/gcc/arm-none-eabi/7.3.1/thumb/v6-m/crtbegin.o
 .text          0x0000000008000108      0x114 /home/chris/opt/STM32CubeIDE/st/stm32cubeide_1.2.0/plugins/com.st.stm32cube.ide.mcu.externaltools.gnu-tools-for-stm32.7-2018-q2-update.linux64_1.4.0.202007081208/tools/bin/../lib/gcc/arm-none-eabi/7.3.1/thumb/v6-m/libgcc.a(_udivsi3.o)
                0x0000000008000108                __udivsi3
                0x0000000008000108                __aeabi_uidiv
                0x0000000008000214                __aeabi_uidivmod
 .text          0x000000000800021c        0x4 /home/chris/opt/STM32CubeIDE/st/stm32cubeide_1.2.0/plugins/com.st.stm32cube.ide.mcu.externaltools.gnu-tools-for-stm32.7-2018-q2-update.linux64_1.4.0.202007081208/tools/bin/../lib/gcc/arm-none-eabi/7.3.1/thumb/v6-m/libgcc.a(_dvmd_tls.o)
                0x000000000800021c                __aeabi_ldiv0
                0x000000000800021c                __aeabi_idiv0
 .text          0x0000000008000220       0x94 /home/chris/opt/STM32CubeIDE/st/stm32cubeide_1.2.0/plugins/com.st.stm32cube.ide.mcu.externaltools.gnu-tools-for-stm32.7-2018-q2-update.linux64_1.4.0.202007081208/tools/bin/../lib/gcc/arm-none-eabi/7.3.1/thumb/v6-m/libgcc.a(floatsisf.o)
                0x0000000008000220                __aeabi_i2f
 .text          0x00000000080002b4      0x604 /home/chris/opt/STM32CubeIDE/st/stm32cubeide_1.2.0/plugins/com.st.stm32cube.ide.mcu.externaltools.gnu-tools-for-stm32.7-2018-q2-update.linux64_1.4.0.202007081208/tools/bin/../lib/gcc/arm-none-eabi/7.3.1/thumb/v6-m/libgcc.a(divdf3.o)
                0x00000000080002b4                __aeabi_ddiv
 .text          0x00000000080008b8       0x6c /home/chris/opt/STM32CubeIDE/st/stm32cubeide_1.2.0/plugins/com.st.stm32cube.ide.mcu.externaltools.gnu-tools-for-stm32.7-2018-q2-update.linux64_1.4.0.202007081208/tools/bin/../lib/gcc/arm-none-eabi/7.3.1/thumb/v6-m/libgcc.a(fixdfsi.o)
                0x00000000080008b8                __aeabi_d2iz
 .text          0x0000000008000924       0x64 /home/chris/opt/STM32CubeIDE/st/stm32cubeide_1.2.0/plugins/com.st.stm32cube.ide.mcu.externaltools.gnu-tools-for-stm32.7-2018-q2-update.linux64_1.4.0.202007081208/tools/bin/../lib/gcc/arm-none-eabi/7.3.1/thumb/v6-m/libgcc.a(floatunsidf.o)
                0x0000000008000924                __aeabi_ui2d
 .text          0x0000000008000988       0xa4 /home/chris/opt/STM32CubeIDE/st/stm32cubeide_1.2.0/plugins/com.st.stm32cube.ide.mcu.externaltools.gnu-tools-for-stm32.7-2018-q2-update.linux64_1.4.0.202007081208/tools/bin/../lib/gcc/arm-none-eabi/7.3.1/thumb/v6-m/libgcc.a(extendsfdf2.o)
                0x0000000008000988                __aeabi_f2d
 .text          0x0000000008000a2c       0x3c /home/chris/opt/STM32CubeIDE/st/stm32cubeide_1.2.0/plugins/com.st.stm32cube.ide.mcu.externaltools.gnu-tools-for-stm32.7-2018-q2-update.linux64_1.4.0.202007081208/tools/bin/../lib/gcc/arm-none-eabi/7.3.1/thumb/v6-m/libgcc.a(_clzsi2.o)
                0x0000000008000a2c                __clzsi2
 *(.text*)
 .text.MX_DMA_Init
                0x0000000008000a68       0x3c Core/Src/dma.o
                0x0000000008000a68                MX_DMA_Init
 .text.MX_GPIO_Init
                0x0000000008000aa4       0xc8 Core/Src/gpio.o
                0x0000000008000aa4                MX_GPIO_Init
 .text.MX_I2C1_Init
                0x0000000008000b6c       0x80 Core/Src/i2c.o
                0x0000000008000b6c                MX_I2C1_Init
 .text.HAL_I2C_MspInit
                0x0000000008000bec       0x9c Core/Src/i2c.o
                0x0000000008000bec                HAL_I2C_MspInit
 .text.main     0x0000000008000c88       0x50 Core/Src/main.o
                0x0000000008000c88                main
 .text.SystemClock_Config
                0x0000000008000cd8       0xb4 Core/Src/main.o
                0x0000000008000cd8                SystemClock_Config
 .text.Error_Handler
                0x0000000008000d8c        0xa Core/Src/main.o
                0x0000000008000d8c                Error_Handler
 *fill*         0x0000000008000d96        0x2 
 .text.HAL_MspInit
                0x0000000008000d98       0x48 Core/Src/stm32f0xx_hal_msp.o
                0x0000000008000d98                HAL_MspInit
 .text.NMI_Handler
                0x0000000008000de0        0xa Core/Src/stm32f0xx_it.o
                0x0000000008000de0                NMI_Handler
 .text.HardFault_Handler
                0x0000000008000dea        0x6 Core/Src/stm32f0xx_it.o
                0x0000000008000dea                HardFault_Handler
 .text.SVC_Handler
                0x0000000008000df0        0xa Core/Src/stm32f0xx_it.o
                0x0000000008000df0                SVC_Handler
 .text.PendSV_Handler
                0x0000000008000dfa        0xa Core/Src/stm32f0xx_it.o
                0x0000000008000dfa                PendSV_Handler
 .text.SysTick_Handler
                0x0000000008000e04        0xe Core/Src/stm32f0xx_it.o
                0x0000000008000e04                SysTick_Handler
 *fill*         0x0000000008000e12        0x2 
 .text.DMA1_Channel2_3_IRQHandler
                0x0000000008000e14       0x18 Core/Src/stm32f0xx_it.o
                0x0000000008000e14                DMA1_Channel2_3_IRQHandler
 .text.USART1_IRQHandler
                0x0000000008000e2c       0x18 Core/Src/stm32f0xx_it.o
                0x0000000008000e2c                USART1_IRQHandler
 .text._sbrk    0x0000000008000e44       0x6c Core/Src/sysmem.o
                0x0000000008000e44                _sbrk
 .text.SystemInit
                0x0000000008000eb0        0xa Core/Src/system_stm32f0xx.o
                0x0000000008000eb0                SystemInit
 *fill*         0x0000000008000eba        0x2 
 .text.MX_USART1_UART_Init
                0x0000000008000ebc       0x60 Core/Src/usart.o
                0x0000000008000ebc                MX_USART1_UART_Init
 .text.HAL_UART_MspInit
                0x0000000008000f1c      0x100 Core/Src/usart.o
                0x0000000008000f1c                HAL_UART_MspInit
 .text.Reset_Handler
                0x000000000800101c       0x50 Core/Startup/startup_stm32f051k8tx.o
                0x000000000800101c                Reset_Handler
 .text.Default_Handler
                0x000000000800106c        0x2 Core/Startup/startup_stm32f051k8tx.o
                0x000000000800106c                TIM1_CC_IRQHandler
                0x000000000800106c                TSC_IRQHandler
                0x000000000800106c                ADC1_COMP_IRQHandler
                0x000000000800106c                PVD_IRQHandler
                0x000000000800106c                I2C1_IRQHandler
                0x000000000800106c                RCC_CRS_IRQHandler
                0x000000000800106c                SPI1_IRQHandler
                0x000000000800106c                TIM6_DAC_IRQHandler
                0x000000000800106c                EXTI2_3_IRQHandler
                0x000000000800106c                I2C2_IRQHandler
                0x000000000800106c                TIM17_IRQHandler
                0x000000000800106c                CEC_CAN_IRQHandler
                0x000000000800106c                RTC_IRQHandler
                0x000000000800106c                TIM16_IRQHandler
                0x000000000800106c                TIM3_IRQHandler
                0x000000000800106c                EXTI4_15_IRQHandler
                0x000000000800106c                DMA1_Channel1_IRQHandler
                0x000000000800106c                Default_Handler
                0x000000000800106c                TIM14_IRQHandler
                0x000000000800106c                DMA1_Channel4_5_IRQHandler
                0x000000000800106c                TIM15_IRQHandler
                0x000000000800106c                EXTI0_1_IRQHandler
                0x000000000800106c                SPI2_IRQHandler
                0x000000000800106c                WWDG_IRQHandler
                0x000000000800106c                TIM2_IRQHandler
                0x000000000800106c                USART2_IRQHandler
                0x000000000800106c                FLASH_IRQHandler
                0x000000000800106c                TIM1_BRK_UP_TRG_COM_IRQHandler
 *fill*         0x000000000800106e        0x2 
 .text.HAL_Init
                0x0000000008001070       0x28 Drivers/STM32F0xx_HAL_Driver/Src/stm32f0xx_hal.o
                0x0000000008001070                HAL_Init
 .text.HAL_InitTick
                0x0000000008001098       0x68 Drivers/STM32F0xx_HAL_Driver/Src/stm32f0xx_hal.o
                0x0000000008001098                HAL_InitTick
 .text.HAL_IncTick
                0x0000000008001100       0x24 Drivers/STM32F0xx_HAL_Driver/Src/stm32f0xx_hal.o
                0x0000000008001100                HAL_IncTick
 .text.HAL_GetTick
                0x0000000008001124       0x14 Drivers/STM32F0xx_HAL_Driver/Src/stm32f0xx_hal.o
                0x0000000008001124                HAL_GetTick
 .text.HAL_Delay
                0x0000000008001138       0x44 Drivers/STM32F0xx_HAL_Driver/Src/stm32f0xx_hal.o
                0x0000000008001138                HAL_Delay
 .text.__NVIC_EnableIRQ
                0x000000000800117c       0x34 Drivers/STM32F0xx_HAL_Driver/Src/stm32f0xx_hal_cortex.o
 .text.__NVIC_SetPriority
                0x00000000080011b0       0xdc Drivers/STM32F0xx_HAL_Driver/Src/stm32f0xx_hal_cortex.o
 .text.SysTick_Config
                0x000000000800128c       0x48 Drivers/STM32F0xx_HAL_Driver/Src/stm32f0xx_hal_cortex.o
 .text.HAL_NVIC_SetPriority
                0x00000000080012d4       0x2a Drivers/STM32F0xx_HAL_Driver/Src/stm32f0xx_hal_cortex.o
                0x00000000080012d4                HAL_NVIC_SetPriority
 .text.HAL_NVIC_EnableIRQ
                0x00000000080012fe       0x20 Drivers/STM32F0xx_HAL_Driver/Src/stm32f0xx_hal_cortex.o
                0x00000000080012fe                HAL_NVIC_EnableIRQ
 .text.HAL_SYSTICK_Config
                0x000000000800131e       0x1a Drivers/STM32F0xx_HAL_Driver/Src/stm32f0xx_hal_cortex.o
                0x000000000800131e                HAL_SYSTICK_Config
 .text.HAL_DMA_Init
                0x0000000008001338       0x90 Drivers/STM32F0xx_HAL_Driver/Src/stm32f0xx_hal_dma.o
                0x0000000008001338                HAL_DMA_Init
 .text.HAL_DMA_Start_IT
                0x00000000080013c8       0xcc Drivers/STM32F0xx_HAL_Driver/Src/stm32f0xx_hal_dma.o
                0x00000000080013c8                HAL_DMA_Start_IT
 .text.HAL_DMA_Abort_IT
                0x0000000008001494       0x8c Drivers/STM32F0xx_HAL_Driver/Src/stm32f0xx_hal_dma.o
                0x0000000008001494                HAL_DMA_Abort_IT
 .text.HAL_DMA_IRQHandler
                0x0000000008001520      0x144 Drivers/STM32F0xx_HAL_Driver/Src/stm32f0xx_hal_dma.o
                0x0000000008001520                HAL_DMA_IRQHandler
 .text.DMA_SetConfig
                0x0000000008001664       0x58 Drivers/STM32F0xx_HAL_Driver/Src/stm32f0xx_hal_dma.o
 .text.DMA_CalcBaseAndBitshift
                0x00000000080016bc       0x38 Drivers/STM32F0xx_HAL_Driver/Src/stm32f0xx_hal_dma.o
 .text.HAL_GPIO_Init
                0x00000000080016f4      0x2e0 Drivers/STM32F0xx_HAL_Driver/Src/stm32f0xx_hal_gpio.o
                0x00000000080016f4                HAL_GPIO_Init
 .text.HAL_GPIO_WritePin
                0x00000000080019d4       0x3a Drivers/STM32F0xx_HAL_Driver/Src/stm32f0xx_hal_gpio.o
                0x00000000080019d4                HAL_GPIO_WritePin
 .text.HAL_GPIO_TogglePin
                0x0000000008001a0e       0x36 Drivers/STM32F0xx_HAL_Driver/Src/stm32f0xx_hal_gpio.o
                0x0000000008001a0e                HAL_GPIO_TogglePin
 .text.HAL_I2C_Init
                0x0000000008001a44      0x12c Drivers/STM32F0xx_HAL_Driver/Src/stm32f0xx_hal_i2c.o
                0x0000000008001a44                HAL_I2C_Init
 .text.HAL_I2C_Mem_Write
                0x0000000008001b70      0x25c Drivers/STM32F0xx_HAL_Driver/Src/stm32f0xx_hal_i2c.o
                0x0000000008001b70                HAL_I2C_Mem_Write
 .text.HAL_I2C_IsDeviceReady
                0x0000000008001dcc      0x234 Drivers/STM32F0xx_HAL_Driver/Src/stm32f0xx_hal_i2c.o
                0x0000000008001dcc                HAL_I2C_IsDeviceReady
 .text.I2C_RequestMemoryWrite
                0x0000000008002000       0xc8 Drivers/STM32F0xx_HAL_Driver/Src/stm32f0xx_hal_i2c.o
 .text.I2C_Flush_TXDR
                0x00000000080020c8       0x44 Drivers/STM32F0xx_HAL_Driver/Src/stm32f0xx_hal_i2c.o
 .text.I2C_WaitOnFlagUntilTimeout
                0x000000000800210c       0x7e Drivers/STM32F0xx_HAL_Driver/Src/stm32f0xx_hal_i2c.o
 .text.I2C_WaitOnTXISFlagUntilTimeout
                0x000000000800218a       0x7e Drivers/STM32F0xx_HAL_Driver/Src/stm32f0xx_hal_i2c.o
 .text.I2C_WaitOnSTOPFlagUntilTimeout
                0x0000000008002208       0x78 Drivers/STM32F0xx_HAL_Driver/Src/stm32f0xx_hal_i2c.o
 .text.I2C_IsAcknowledgeFailed
                0x0000000008002280       0xcc Drivers/STM32F0xx_HAL_Driver/Src/stm32f0xx_hal_i2c.o
 .text.I2C_TransferConfig
                0x000000000800234c       0x6c Drivers/STM32F0xx_HAL_Driver/Src/stm32f0xx_hal_i2c.o
 .text.HAL_I2CEx_ConfigAnalogFilter
                0x00000000080023b8       0x98 Drivers/STM32F0xx_HAL_Driver/Src/stm32f0xx_hal_i2c_ex.o
                0x00000000080023b8                HAL_I2CEx_ConfigAnalogFilter
 .text.HAL_I2CEx_ConfigDigitalFilter
                0x0000000008002450       0x98 Drivers/STM32F0xx_HAL_Driver/Src/stm32f0xx_hal_i2c_ex.o
                0x0000000008002450                HAL_I2CEx_ConfigDigitalFilter
 .text.HAL_RCC_OscConfig
                0x00000000080024e8      0x638 Drivers/STM32F0xx_HAL_Driver/Src/stm32f0xx_hal_rcc.o
                0x00000000080024e8                HAL_RCC_OscConfig
 .text.HAL_RCC_ClockConfig
                0x0000000008002b20      0x19c Drivers/STM32F0xx_HAL_Driver/Src/stm32f0xx_hal_rcc.o
                0x0000000008002b20                HAL_RCC_ClockConfig
 .text.HAL_RCC_GetSysClockFreq
                0x0000000008002cbc       0xc8 Drivers/STM32F0xx_HAL_Driver/Src/stm32f0xx_hal_rcc.o
                0x0000000008002cbc                HAL_RCC_GetSysClockFreq
 .text.HAL_RCC_GetHCLKFreq
                0x0000000008002d84       0x14 Drivers/STM32F0xx_HAL_Driver/Src/stm32f0xx_hal_rcc.o
                0x0000000008002d84                HAL_RCC_GetHCLKFreq
 .text.HAL_RCC_GetPCLK1Freq
                0x0000000008002d98       0x2c Drivers/STM32F0xx_HAL_Driver/Src/stm32f0xx_hal_rcc.o
                0x0000000008002d98                HAL_RCC_GetPCLK1Freq
 .text.HAL_RCCEx_PeriphCLKConfig
                0x0000000008002dc4      0x1bc Drivers/STM32F0xx_HAL_Driver/Src/stm32f0xx_hal_rcc_ex.o
                0x0000000008002dc4                HAL_RCCEx_PeriphCLKConfig
 .text.HAL_UART_Init
                0x0000000008002f80       0xa8 Drivers/STM32F0xx_HAL_Driver/Src/stm32f0xx_hal_uart.o
                0x0000000008002f80                HAL_UART_Init
 .text.HAL_UART_Receive_DMA
                0x0000000008003028      0x130 Drivers/STM32F0xx_HAL_Driver/Src/stm32f0xx_hal_uart.o
                0x0000000008003028                HAL_UART_Receive_DMA
 .text.HAL_UART_IRQHandler
                0x0000000008003158      0x278 Drivers/STM32F0xx_HAL_Driver/Src/stm32f0xx_hal_uart.o
                0x0000000008003158                HAL_UART_IRQHandler
 .text.HAL_UART_TxCpltCallback
                0x00000000080033d0       0x10 Drivers/STM32F0xx_HAL_Driver/Src/stm32f0xx_hal_uart.o
                0x00000000080033d0                HAL_UART_TxCpltCallback
 .text.HAL_UART_RxHalfCpltCallback
                0x00000000080033e0       0x10 Drivers/STM32F0xx_HAL_Driver/Src/stm32f0xx_hal_uart.o
                0x00000000080033e0                HAL_UART_RxHalfCpltCallback
 .text.HAL_UART_ErrorCallback
                0x00000000080033f0       0x10 Drivers/STM32F0xx_HAL_Driver/Src/stm32f0xx_hal_uart.o
                0x00000000080033f0                HAL_UART_ErrorCallback
 .text.UART_SetConfig
                0x0000000008003400      0x30c Drivers/STM32F0xx_HAL_Driver/Src/stm32f0xx_hal_uart.o
                0x0000000008003400                UART_SetConfig
 .text.UART_AdvFeatureConfig
                0x000000000800370c      0x168 Drivers/STM32F0xx_HAL_Driver/Src/stm32f0xx_hal_uart.o
                0x000000000800370c                UART_AdvFeatureConfig
 .text.UART_CheckIdleState
                0x0000000008003874       0x8c Drivers/STM32F0xx_HAL_Driver/Src/stm32f0xx_hal_uart.o
                0x0000000008003874                UART_CheckIdleState
 .text.UART_WaitOnFlagUntilTimeout
                0x0000000008003900       0xfc Drivers/STM32F0xx_HAL_Driver/Src/stm32f0xx_hal_uart.o
                0x0000000008003900                UART_WaitOnFlagUntilTimeout
 .text.UART_EndTxTransfer
                0x00000000080039fc       0x26 Drivers/STM32F0xx_HAL_Driver/Src/stm32f0xx_hal_uart.o
 *fill*         0x0000000008003a22        0x2 
 .text.UART_EndRxTransfer
                0x0000000008003a24       0x40 Drivers/STM32F0xx_HAL_Driver/Src/stm32f0xx_hal_uart.o
 .text.UART_DMAReceiveCplt
                0x0000000008003a64       0x68 Drivers/STM32F0xx_HAL_Driver/Src/stm32f0xx_hal_uart.o
 .text.UART_DMARxHalfCplt
                0x0000000008003acc       0x1e Drivers/STM32F0xx_HAL_Driver/Src/stm32f0xx_hal_uart.o
 .text.UART_DMAError
                0x0000000008003aea       0x7e Drivers/STM32F0xx_HAL_Driver/Src/stm32f0xx_hal_uart.o
 .text.UART_DMAAbortOnError
                0x0000000008003b68       0x2e Drivers/STM32F0xx_HAL_Driver/Src/stm32f0xx_hal_uart.o
 .text.UART_EndTransmit_IT
                0x0000000008003b96       0x34 Drivers/STM32F0xx_HAL_Driver/Src/stm32f0xx_hal_uart.o
 .text.HAL_UARTEx_WakeupCallback
                0x0000000008003bca       0x10 Drivers/STM32F0xx_HAL_Driver/Src/stm32f0xx_hal_uart_ex.o
                0x0000000008003bca                HAL_UARTEx_WakeupCallback
 *fill*         0x0000000008003bda        0x2 
 .text.I2C_DeviceScan
                0x0000000008003bdc       0x5c UserApp/user_app.o
                0x0000000008003bdc                I2C_DeviceScan
 .text.HAL_UART_RxCpltCallback
                0x0000000008003c38       0x54 UserApp/user_app.o
                0x0000000008003c38                HAL_UART_RxCpltCallback
 .text.test_i2c_device
                0x0000000008003c8c       0x7e UserApp/user_app.o
                0x0000000008003c8c                test_i2c_device
 *fill*         0x0000000008003d0a        0x2 
 .text.i2c_display_loop
                0x0000000008003d0c       0x4c UserApp/user_app.o
                0x0000000008003d0c                i2c_display_loop
 .text.pop_msg_out_buf_stack
                0x0000000008003d58       0x24 UserApp/user_app.o
                0x0000000008003d58                pop_msg_out_buf_stack
 .text.ssd1306_Reset
                0x0000000008003d7c        0xa ssd1306/ssd1306.o
                0x0000000008003d7c                ssd1306_Reset
 *fill*         0x0000000008003d86        0x2 
 .text.ssd1306_WriteCommand
                0x0000000008003d88       0x34 ssd1306/ssd1306.o
                0x0000000008003d88                ssd1306_WriteCommand
 .text.ssd1306_WriteData
                0x0000000008003dbc       0x34 ssd1306/ssd1306.o
                0x0000000008003dbc                ssd1306_WriteData
 .text.ssd1306_Init
                0x0000000008003df0       0xdc ssd1306/ssd1306.o
                0x0000000008003df0                ssd1306_Init
 .text.ssd1306_Fill
                0x0000000008003ecc       0x48 ssd1306/ssd1306.o
                0x0000000008003ecc                ssd1306_Fill
 .text.ssd1306_UpdateScreen
                0x0000000008003f14       0x58 ssd1306/ssd1306.o
                0x0000000008003f14                ssd1306_UpdateScreen
 .text.ssd1306_DrawPixel
                0x0000000008003f6c       0xe0 ssd1306/ssd1306.o
                0x0000000008003f6c                ssd1306_DrawPixel
 .text.ssd1306_WriteChar
                0x000000000800404c      0x120 ssd1306/ssd1306.o
                0x000000000800404c                ssd1306_WriteChar
 .text.ssd1306_WriteString
                0x000000000800416c       0x54 ssd1306/ssd1306.o
                0x000000000800416c                ssd1306_WriteString
 .text.ssd1306_SetCursor
                0x00000000080041c0       0x34 ssd1306/ssd1306.o
                0x00000000080041c0                ssd1306_SetCursor
 .text.ssd1306_TestFonts
                0x00000000080041f4       0x70 ssd1306/ssd1306_tests.o
                0x00000000080041f4                ssd1306_TestFonts
 .text.ssd1306_TestFPS
                0x0000000008004264      0x154 ssd1306/ssd1306_tests.o
                0x0000000008004264                ssd1306_TestFPS
 .text.ssd1306_TestAll
                0x00000000080043b8       0x16 ssd1306/ssd1306_tests.o
                0x00000000080043b8                ssd1306_TestAll
 *fill*         0x00000000080043ce        0x2 
 .text.__errno  0x00000000080043d0        0xc /home/chris/opt/STM32CubeIDE/st/stm32cubeide_1.2.0/plugins/com.st.stm32cube.ide.mcu.externaltools.gnu-tools-for-stm32.7-2018-q2-update.linux64_1.4.0.202007081208/tools/bin/../lib/gcc/arm-none-eabi/7.3.1/../../../../arm-none-eabi/lib/thumb/v6-m/libc_nano.a(lib_a-errno.o)
                0x00000000080043d0                __errno
 .text.__libc_init_array
                0x00000000080043dc       0x48 /home/chris/opt/STM32CubeIDE/st/stm32cubeide_1.2.0/plugins/com.st.stm32cube.ide.mcu.externaltools.gnu-tools-for-stm32.7-2018-q2-update.linux64_1.4.0.202007081208/tools/bin/../lib/gcc/arm-none-eabi/7.3.1/../../../../arm-none-eabi/lib/thumb/v6-m/libc_nano.a(lib_a-init.o)
                0x00000000080043dc                __libc_init_array
 .text.memcpy   0x0000000008004424       0x12 /home/chris/opt/STM32CubeIDE/st/stm32cubeide_1.2.0/plugins/com.st.stm32cube.ide.mcu.externaltools.gnu-tools-for-stm32.7-2018-q2-update.linux64_1.4.0.202007081208/tools/bin/../lib/gcc/arm-none-eabi/7.3.1/../../../../arm-none-eabi/lib/thumb/v6-m/libc_nano.a(lib_a-memcpy-stub.o)
                0x0000000008004424                memcpy
 .text.memmove  0x0000000008004436       0x26 /home/chris/opt/STM32CubeIDE/st/stm32cubeide_1.2.0/plugins/com.st.stm32cube.ide.mcu.externaltools.gnu-tools-for-stm32.7-2018-q2-update.linux64_1.4.0.202007081208/tools/bin/../lib/gcc/arm-none-eabi/7.3.1/../../../../arm-none-eabi/lib/thumb/v6-m/libc_nano.a(lib_a-memmove.o)
                0x0000000008004436                memmove
 .text.memset   0x000000000800445c       0x10 /home/chris/opt/STM32CubeIDE/st/stm32cubeide_1.2.0/plugins/com.st.stm32cube.ide.mcu.externaltools.gnu-tools-for-stm32.7-2018-q2-update.linux64_1.4.0.202007081208/tools/bin/../lib/gcc/arm-none-eabi/7.3.1/../../../../arm-none-eabi/lib/thumb/v6-m/libc_nano.a(lib_a-memset.o)
                0x000000000800445c                memset
 .text.snprintf
                0x000000000800446c       0x64 /home/chris/opt/STM32CubeIDE/st/stm32cubeide_1.2.0/plugins/com.st.stm32cube.ide.mcu.externaltools.gnu-tools-for-stm32.7-2018-q2-update.linux64_1.4.0.202007081208/tools/bin/../lib/gcc/arm-none-eabi/7.3.1/../../../../arm-none-eabi/lib/thumb/v6-m/libc_nano.a(lib_a-snprintf.o)
                0x000000000800446c                snprintf
                0x000000000800446c                sniprintf
 .text.__ssputs_r
                0x00000000080044d0       0xc4 /home/chris/opt/STM32CubeIDE/st/stm32cubeide_1.2.0/plugins/com.st.stm32cube.ide.mcu.externaltools.gnu-tools-for-stm32.7-2018-q2-update.linux64_1.4.0.202007081208/tools/bin/../lib/gcc/arm-none-eabi/7.3.1/../../../../arm-none-eabi/lib/thumb/v6-m/libc_nano.a(lib_a-nano-svfprintf.o)
                0x00000000080044d0                __ssputs_r
 .text._svfprintf_r
                0x0000000008004594      0x1fc /home/chris/opt/STM32CubeIDE/st/stm32cubeide_1.2.0/plugins/com.st.stm32cube.ide.mcu.externaltools.gnu-tools-for-stm32.7-2018-q2-update.linux64_1.4.0.202007081208/tools/bin/../lib/gcc/arm-none-eabi/7.3.1/../../../../arm-none-eabi/lib/thumb/v6-m/libc_nano.a(lib_a-nano-svfprintf.o)
                0x0000000008004594                _svfprintf_r
                0x0000000008004594                _svfiprintf_r
 .text._printf_common
                0x0000000008004790       0xda /home/chris/opt/STM32CubeIDE/st/stm32cubeide_1.2.0/plugins/com.st.stm32cube.ide.mcu.externaltools.gnu-tools-for-stm32.7-2018-q2-update.linux64_1.4.0.202007081208/tools/bin/../lib/gcc/arm-none-eabi/7.3.1/../../../../arm-none-eabi/lib/thumb/v6-m/libc_nano.a(lib_a-nano-vfprintf_i.o)
                0x0000000008004790                _printf_common
 *fill*         0x000000000800486a        0x2 
 .text._printf_i
                0x000000000800486c      0x210 /home/chris/opt/STM32CubeIDE/st/stm32cubeide_1.2.0/plugins/com.st.stm32cube.ide.mcu.externaltools.gnu-tools-for-stm32.7-2018-q2-update.linux64_1.4.0.202007081208/tools/bin/../lib/gcc/arm-none-eabi/7.3.1/../../../../arm-none-eabi/lib/thumb/v6-m/libc_nano.a(lib_a-nano-vfprintf_i.o)
                0x000000000800486c                _printf_i
 .text.memchr   0x0000000008004a7c       0x16 /home/chris/opt/STM32CubeIDE/st/stm32cubeide_1.2.0/plugins/com.st.stm32cube.ide.mcu.externaltools.gnu-tools-for-stm32.7-2018-q2-update.linux64_1.4.0.202007081208/tools/bin/../lib/gcc/arm-none-eabi/7.3.1/../../../../arm-none-eabi/lib/thumb/v6-m/libc_nano.a(lib_a-memchr-stub.o)
                0x0000000008004a7c                memchr
 *fill*         0x0000000008004a92        0x2 
 .text._free_r  0x0000000008004a94       0x94 /home/chris/opt/STM32CubeIDE/st/stm32cubeide_1.2.0/plugins/com.st.stm32cube.ide.mcu.externaltools.gnu-tools-for-stm32.7-2018-q2-update.linux64_1.4.0.202007081208/tools/bin/../lib/gcc/arm-none-eabi/7.3.1/../../../../arm-none-eabi/lib/thumb/v6-m/libc_nano.a(lib_a-nano-freer.o)
                0x0000000008004a94                _free_r
 .text._malloc_r
                0x0000000008004b28       0xbc /home/chris/opt/STM32CubeIDE/st/stm32cubeide_1.2.0/plugins/com.st.stm32cube.ide.mcu.externaltools.gnu-tools-for-stm32.7-2018-q2-update.linux64_1.4.0.202007081208/tools/bin/../lib/gcc/arm-none-eabi/7.3.1/../../../../arm-none-eabi/lib/thumb/v6-m/libc_nano.a(lib_a-nano-mallocr.o)
                0x0000000008004b28                _malloc_r
 .text._realloc_r
                0x0000000008004be4       0x4c /home/chris/opt/STM32CubeIDE/st/stm32cubeide_1.2.0/plugins/com.st.stm32cube.ide.mcu.externaltools.gnu-tools-for-stm32.7-2018-q2-update.linux64_1.4.0.202007081208/tools/bin/../lib/gcc/arm-none-eabi/7.3.1/../../../../arm-none-eabi/lib/thumb/v6-m/libc_nano.a(lib_a-nano-reallocr.o)
                0x0000000008004be4                _realloc_r
 .text._sbrk_r  0x0000000008004c30       0x24 /home/chris/opt/STM32CubeIDE/st/stm32cubeide_1.2.0/plugins/com.st.stm32cube.ide.mcu.externaltools.gnu-tools-for-stm32.7-2018-q2-update.linux64_1.4.0.202007081208/tools/bin/../lib/gcc/arm-none-eabi/7.3.1/../../../../arm-none-eabi/lib/thumb/v6-m/libc_nano.a(lib_a-sbrkr.o)
                0x0000000008004c30                _sbrk_r
 .text.__malloc_lock
                0x0000000008004c54        0x2 /home/chris/opt/STM32CubeIDE/st/stm32cubeide_1.2.0/plugins/com.st.stm32cube.ide.mcu.externaltools.gnu-tools-for-stm32.7-2018-q2-update.linux64_1.4.0.202007081208/tools/bin/../lib/gcc/arm-none-eabi/7.3.1/../../../../arm-none-eabi/lib/thumb/v6-m/libc_nano.a(lib_a-mlock.o)
                0x0000000008004c54                __malloc_lock
 .text.__malloc_unlock
                0x0000000008004c56        0x2 /home/chris/opt/STM32CubeIDE/st/stm32cubeide_1.2.0/plugins/com.st.stm32cube.ide.mcu.externaltools.gnu-tools-for-stm32.7-2018-q2-update.linux64_1.4.0.202007081208/tools/bin/../lib/gcc/arm-none-eabi/7.3.1/../../../../arm-none-eabi/lib/thumb/v6-m/libc_nano.a(lib_a-mlock.o)
                0x0000000008004c56                __malloc_unlock
 .text._malloc_usable_size_r
                0x0000000008004c58       0x10 /home/chris/opt/STM32CubeIDE/st/stm32cubeide_1.2.0/plugins/com.st.stm32cube.ide.mcu.externaltools.gnu-tools-for-stm32.7-2018-q2-update.linux64_1.4.0.202007081208/tools/bin/../lib/gcc/arm-none-eabi/7.3.1/../../../../arm-none-eabi/lib/thumb/v6-m/libc_nano.a(lib_a-nano-msizer.o)
                0x0000000008004c58                _malloc_usable_size_r
 *(.glue_7)
 .glue_7        0x0000000008004c68        0x0 linker stubs
 *(.glue_7t)
 .glue_7t       0x0000000008004c68        0x0 linker stubs
 *(.eh_frame)
 .eh_frame      0x0000000008004c68        0x0 /home/chris/opt/STM32CubeIDE/st/stm32cubeide_1.2.0/plugins/com.st.stm32cube.ide.mcu.externaltools.gnu-tools-for-stm32.7-2018-q2-update.linux64_1.4.0.202007081208/tools/bin/../lib/gcc/arm-none-eabi/7.3.1/thumb/v6-m/crtbegin.o
 *(.init)
 .init          0x0000000008004c68        0x4 /home/chris/opt/STM32CubeIDE/st/stm32cubeide_1.2.0/plugins/com.st.stm32cube.ide.mcu.externaltools.gnu-tools-for-stm32.7-2018-q2-update.linux64_1.4.0.202007081208/tools/bin/../lib/gcc/arm-none-eabi/7.3.1/thumb/v6-m/crti.o
                0x0000000008004c68                _init
 .init          0x0000000008004c6c        0x8 /home/chris/opt/STM32CubeIDE/st/stm32cubeide_1.2.0/plugins/com.st.stm32cube.ide.mcu.externaltools.gnu-tools-for-stm32.7-2018-q2-update.linux64_1.4.0.202007081208/tools/bin/../lib/gcc/arm-none-eabi/7.3.1/thumb/v6-m/crtn.o
 *(.fini)
 .fini          0x0000000008004c74        0x4 /home/chris/opt/STM32CubeIDE/st/stm32cubeide_1.2.0/plugins/com.st.stm32cube.ide.mcu.externaltools.gnu-tools-for-stm32.7-2018-q2-update.linux64_1.4.0.202007081208/tools/bin/../lib/gcc/arm-none-eabi/7.3.1/thumb/v6-m/crti.o
                0x0000000008004c74                _fini
 .fini          0x0000000008004c78        0x8 /home/chris/opt/STM32CubeIDE/st/stm32cubeide_1.2.0/plugins/com.st.stm32cube.ide.mcu.externaltools.gnu-tools-for-stm32.7-2018-q2-update.linux64_1.4.0.202007081208/tools/bin/../lib/gcc/arm-none-eabi/7.3.1/thumb/v6-m/crtn.o
                0x0000000008004c80                . = ALIGN (0x4)
                0x0000000008004c80                _etext = .

.vfp11_veneer   0x0000000008004c80        0x0
 .vfp11_veneer  0x0000000008004c80        0x0 linker stubs

.v4_bx          0x0000000008004c80        0x0
 .v4_bx         0x0000000008004c80        0x0 linker stubs

.iplt           0x0000000008004c80        0x0
 .iplt          0x0000000008004c80        0x0 /home/chris/opt/STM32CubeIDE/st/stm32cubeide_1.2.0/plugins/com.st.stm32cube.ide.mcu.externaltools.gnu-tools-for-stm32.7-2018-q2-update.linux64_1.4.0.202007081208/tools/bin/../lib/gcc/arm-none-eabi/7.3.1/thumb/v6-m/crtbegin.o

.rodata         0x0000000008004c80     0x2934
                0x0000000008004c80                . = ALIGN (0x4)
 *(.rodata)
 .rodata        0x0000000008004c80       0x20 Drivers/STM32F0xx_HAL_Driver/Src/stm32f0xx_hal_rcc.o
 .rodata        0x0000000008004ca0        0x5 UserApp/user_app.o
 *fill*         0x0000000008004ca5        0x3 
 .rodata        0x0000000008004ca8       0x6c ssd1306/ssd1306_tests.o
 .rodata        0x0000000008004d14       0x40 /home/chris/opt/STM32CubeIDE/st/stm32cubeide_1.2.0/plugins/com.st.stm32cube.ide.mcu.externaltools.gnu-tools-for-stm32.7-2018-q2-update.linux64_1.4.0.202007081208/tools/bin/../lib/gcc/arm-none-eabi/7.3.1/thumb/v6-m/libgcc.a(divdf3.o)
 *(.rodata*)
 .rodata.AHBPrescTable
                0x0000000008004d54       0x10 Core/Src/system_stm32f0xx.o
                0x0000000008004d54                AHBPrescTable
 .rodata.APBPrescTable
                0x0000000008004d64        0x8 Core/Src/system_stm32f0xx.o
                0x0000000008004d64                APBPrescTable
 .rodata.Font7x10
                0x0000000008004d6c      0x76c ssd1306/ssd1306_fonts.o
 .rodata.Font11x18
                0x00000000080054d8      0xd5c ssd1306/ssd1306_fonts.o
 .rodata.Font16x26
                0x0000000008006234     0x134c ssd1306/ssd1306_fonts.o
 .rodata._svfprintf_r.str1.1
                0x0000000008007580       0x11 /home/chris/opt/STM32CubeIDE/st/stm32cubeide_1.2.0/plugins/com.st.stm32cube.ide.mcu.externaltools.gnu-tools-for-stm32.7-2018-q2-update.linux64_1.4.0.202007081208/tools/bin/../lib/gcc/arm-none-eabi/7.3.1/../../../../arm-none-eabi/lib/thumb/v6-m/libc_nano.a(lib_a-nano-svfprintf.o)
 .rodata._printf_i.str1.1
                0x0000000008007591       0x22 /home/chris/opt/STM32CubeIDE/st/stm32cubeide_1.2.0/plugins/com.st.stm32cube.ide.mcu.externaltools.gnu-tools-for-stm32.7-2018-q2-update.linux64_1.4.0.202007081208/tools/bin/../lib/gcc/arm-none-eabi/7.3.1/../../../../arm-none-eabi/lib/thumb/v6-m/libc_nano.a(lib_a-nano-vfprintf_i.o)
                0x00000000080075b4                . = ALIGN (0x4)
 *fill*         0x00000000080075b3        0x1 

.rel.dyn        0x00000000080075b4        0x0
 .rel.iplt      0x00000000080075b4        0x0 /home/chris/opt/STM32CubeIDE/st/stm32cubeide_1.2.0/plugins/com.st.stm32cube.ide.mcu.externaltools.gnu-tools-for-stm32.7-2018-q2-update.linux64_1.4.0.202007081208/tools/bin/../lib/gcc/arm-none-eabi/7.3.1/thumb/v6-m/crtbegin.o

.ARM.extab      0x00000000080075b4        0x0
                0x00000000080075b4                . = ALIGN (0x4)
 *(.ARM.extab* .gnu.linkonce.armextab.*)
                0x00000000080075b4                . = ALIGN (0x4)

.ARM            0x00000000080075b4        0x0
                0x00000000080075b4                . = ALIGN (0x4)
                0x00000000080075b4                __exidx_start = .
 *(.ARM.exidx*)
                0x00000000080075b4                __exidx_end = .
                0x00000000080075b4                . = ALIGN (0x4)

.preinit_array  0x00000000080075b4        0x0
                0x00000000080075b4                . = ALIGN (0x4)
                0x00000000080075b4                PROVIDE (__preinit_array_start = .)
 *(.preinit_array*)
                0x00000000080075b4                PROVIDE (__preinit_array_end = .)
                0x00000000080075b4                . = ALIGN (0x4)

.init_array     0x00000000080075b4        0x4
                0x00000000080075b4                . = ALIGN (0x4)
                0x00000000080075b4                PROVIDE (__init_array_start = .)
 *(SORT_BY_NAME(.init_array.*))
 *(.init_array*)
 .init_array    0x00000000080075b4        0x4 /home/chris/opt/STM32CubeIDE/st/stm32cubeide_1.2.0/plugins/com.st.stm32cube.ide.mcu.externaltools.gnu-tools-for-stm32.7-2018-q2-update.linux64_1.4.0.202007081208/tools/bin/../lib/gcc/arm-none-eabi/7.3.1/thumb/v6-m/crtbegin.o
                0x00000000080075b8                PROVIDE (__init_array_end = .)
                0x00000000080075b8                . = ALIGN (0x4)

.fini_array     0x00000000080075b8        0x4
                0x00000000080075b8                . = ALIGN (0x4)
                [!provide]                        PROVIDE (__fini_array_start = .)
 *(SORT_BY_NAME(.fini_array.*))
 *(.fini_array*)
 .fini_array    0x00000000080075b8        0x4 /home/chris/opt/STM32CubeIDE/st/stm32cubeide_1.2.0/plugins/com.st.stm32cube.ide.mcu.externaltools.gnu-tools-for-stm32.7-2018-q2-update.linux64_1.4.0.202007081208/tools/bin/../lib/gcc/arm-none-eabi/7.3.1/thumb/v6-m/crtbegin.o
                [!provide]                        PROVIDE (__fini_array_end = .)
                0x00000000080075bc                . = ALIGN (0x4)
                0x00000000080075bc                _sidata = LOADADDR (.data)

.data           0x0000000020000000       0xc4 load address 0x00000000080075bc
                0x0000000020000000                . = ALIGN (0x4)
                0x0000000020000000                _sdata = .
 *(.data)
 *(.data*)
 .data.SystemCoreClock
                0x0000000020000000        0x4 Core/Src/system_stm32f0xx.o
                0x0000000020000000                SystemCoreClock
 .data.uwTickPrio
                0x0000000020000004        0x4 Drivers/STM32F0xx_HAL_Driver/Src/stm32f0xx_hal.o
                0x0000000020000004                uwTickPrio
 .data.uwTickFreq
                0x0000000020000008        0x1 Drivers/STM32F0xx_HAL_Driver/Src/stm32f0xx_hal.o
                0x0000000020000008                uwTickFreq
 *fill*         0x0000000020000009        0x3 
 .data.msg_out_buf
                0x000000002000000c       0x3c UserApp/user_app.o
                0x000000002000000c                msg_out_buf
 .data.Font_7x10
                0x0000000020000048        0x8 ssd1306/ssd1306_fonts.o
                0x0000000020000048                Font_7x10
 .data.Font_11x18
                0x0000000020000050        0x8 ssd1306/ssd1306_fonts.o
                0x0000000020000050                Font_11x18
 .data.Font_16x26
                0x0000000020000058        0x8 ssd1306/ssd1306_fonts.o
                0x0000000020000058                Font_16x26
 .data._impure_ptr
                0x0000000020000060        0x4 /home/chris/opt/STM32CubeIDE/st/stm32cubeide_1.2.0/plugins/com.st.stm32cube.ide.mcu.externaltools.gnu-tools-for-stm32.7-2018-q2-update.linux64_1.4.0.202007081208/tools/bin/../lib/gcc/arm-none-eabi/7.3.1/../../../../arm-none-eabi/lib/thumb/v6-m/libc_nano.a(lib_a-impure.o)
                0x0000000020000060                _impure_ptr
 .data.impure_data
                0x0000000020000064       0x60 /home/chris/opt/STM32CubeIDE/st/stm32cubeide_1.2.0/plugins/com.st.stm32cube.ide.mcu.externaltools.gnu-tools-for-stm32.7-2018-q2-update.linux64_1.4.0.202007081208/tools/bin/../lib/gcc/arm-none-eabi/7.3.1/../../../../arm-none-eabi/lib/thumb/v6-m/libc_nano.a(lib_a-impure.o)
                0x00000000200000c4                . = ALIGN (0x4)
                0x00000000200000c4                _edata = .

.igot.plt       0x00000000200000c4        0x0 load address 0x0000000008007680
 .igot.plt      0x00000000200000c4        0x0 /home/chris/opt/STM32CubeIDE/st/stm32cubeide_1.2.0/plugins/com.st.stm32cube.ide.mcu.externaltools.gnu-tools-for-stm32.7-2018-q2-update.linux64_1.4.0.202007081208/tools/bin/../lib/gcc/arm-none-eabi/7.3.1/thumb/v6-m/crtbegin.o
                0x00000000200000c4                . = ALIGN (0x4)

.bss            0x00000000200000c4      0x54c load address 0x0000000008007680
                0x00000000200000c4                _sbss = .
                0x00000000200000c4                __bss_start__ = _sbss
 *(.bss)
 .bss           0x00000000200000c4       0x1c /home/chris/opt/STM32CubeIDE/st/stm32cubeide_1.2.0/plugins/com.st.stm32cube.ide.mcu.externaltools.gnu-tools-for-stm32.7-2018-q2-update.linux64_1.4.0.202007081208/tools/bin/../lib/gcc/arm-none-eabi/7.3.1/thumb/v6-m/crtbegin.o
 *(.bss*)
 .bss.__sbrk_heap_end
                0x00000000200000e0        0x4 Core/Src/sysmem.o
 .bss.SSD1306_Buffer
                0x00000000200000e4      0x400 ssd1306/ssd1306.o
 .bss.SSD1306   0x00000000200004e4        0x6 ssd1306/ssd1306.o
 *fill*         0x00000000200004ea        0x2 
 .bss.__malloc_free_list
                0x00000000200004ec        0x4 /home/chris/opt/STM32CubeIDE/st/stm32cubeide_1.2.0/plugins/com.st.stm32cube.ide.mcu.externaltools.gnu-tools-for-stm32.7-2018-q2-update.linux64_1.4.0.202007081208/tools/bin/../lib/gcc/arm-none-eabi/7.3.1/../../../../arm-none-eabi/lib/thumb/v6-m/libc_nano.a(lib_a-nano-mallocr.o)
                0x00000000200004ec                __malloc_free_list
 .bss.__malloc_sbrk_start
                0x00000000200004f0        0x4 /home/chris/opt/STM32CubeIDE/st/stm32cubeide_1.2.0/plugins/com.st.stm32cube.ide.mcu.externaltools.gnu-tools-for-stm32.7-2018-q2-update.linux64_1.4.0.202007081208/tools/bin/../lib/gcc/arm-none-eabi/7.3.1/../../../../arm-none-eabi/lib/thumb/v6-m/libc_nano.a(lib_a-nano-mallocr.o)
                0x00000000200004f0                __malloc_sbrk_start
 *(COMMON)
 COMMON         0x00000000200004f4       0x4c Core/Src/i2c.o
                0x00000000200004f4                hi2c1
 COMMON         0x0000000020000540        0x1 Core/Src/main.o
                0x0000000020000540                uart_data_in
 *fill*         0x0000000020000541        0x3 
 COMMON         0x0000000020000544       0xc4 Core/Src/usart.o
                0x0000000020000544                hdma_usart1_rx
                0x0000000020000588                huart1
 COMMON         0x0000000020000608        0x4 Drivers/STM32F0xx_HAL_Driver/Src/stm32f0xx_hal.o
                0x0000000020000608                uwTick
 COMMON         0x000000002000060c        0x4 /home/chris/opt/STM32CubeIDE/st/stm32cubeide_1.2.0/plugins/com.st.stm32cube.ide.mcu.externaltools.gnu-tools-for-stm32.7-2018-q2-update.linux64_1.4.0.202007081208/tools/bin/../lib/gcc/arm-none-eabi/7.3.1/../../../../arm-none-eabi/lib/thumb/v6-m/libc_nano.a(lib_a-reent.o)
                0x000000002000060c                errno
                0x0000000020000610                . = ALIGN (0x4)
                0x0000000020000610                _ebss = .
                0x0000000020000610                __bss_end__ = _ebss

._user_heap_stack
                0x0000000020000610      0x600 load address 0x0000000008007680
                0x0000000020000610                . = ALIGN (0x8)
                [!provide]                        PROVIDE (end = .)
                0x0000000020000610                PROVIDE (_end = .)
                0x0000000020000810                . = (. + _Min_Heap_Size)
 *fill*         0x0000000020000610      0x200 
                0x0000000020000c10                . = (. + _Min_Stack_Size)
 *fill*         0x0000000020000810      0x400 
                0x0000000020000c10                . = ALIGN (0x8)

/DISCARD/
 libc.a(*)
 libm.a(*)
 libgcc.a(*)

.ARM.attributes
                0x0000000000000000       0x28
 *(.ARM.attributes)
 .ARM.attributes
                0x0000000000000000       0x1e /home/chris/opt/STM32CubeIDE/st/stm32cubeide_1.2.0/plugins/com.st.stm32cube.ide.mcu.externaltools.gnu-tools-for-stm32.7-2018-q2-update.linux64_1.4.0.202007081208/tools/bin/../lib/gcc/arm-none-eabi/7.3.1/thumb/v6-m/crti.o
 .ARM.attributes
                0x000000000000001e       0x2c /home/chris/opt/STM32CubeIDE/st/stm32cubeide_1.2.0/plugins/com.st.stm32cube.ide.mcu.externaltools.gnu-tools-for-stm32.7-2018-q2-update.linux64_1.4.0.202007081208/tools/bin/../lib/gcc/arm-none-eabi/7.3.1/thumb/v6-m/crtbegin.o
 .ARM.attributes
                0x000000000000004a       0x31 Core/Src/dma.o
 .ARM.attributes
                0x000000000000007b       0x31 Core/Src/gpio.o
 .ARM.attributes
                0x00000000000000ac       0x31 Core/Src/i2c.o
 .ARM.attributes
                0x00000000000000dd       0x31 Core/Src/main.o
 .ARM.attributes
                0x000000000000010e       0x31 Core/Src/stm32f0xx_hal_msp.o
 .ARM.attributes
                0x000000000000013f       0x31 Core/Src/stm32f0xx_it.o
 .ARM.attributes
                0x0000000000000170       0x31 Core/Src/sysmem.o
 .ARM.attributes
                0x00000000000001a1       0x31 Core/Src/system_stm32f0xx.o
 .ARM.attributes
                0x00000000000001d2       0x31 Core/Src/usart.o
 .ARM.attributes
                0x0000000000000203       0x21 Core/Startup/startup_stm32f051k8tx.o
 .ARM.attributes
                0x0000000000000224       0x31 Drivers/STM32F0xx_HAL_Driver/Src/stm32f0xx_hal.o
 .ARM.attributes
                0x0000000000000255       0x31 Drivers/STM32F0xx_HAL_Driver/Src/stm32f0xx_hal_cortex.o
 .ARM.attributes
                0x0000000000000286       0x31 Drivers/STM32F0xx_HAL_Driver/Src/stm32f0xx_hal_dma.o
 .ARM.attributes
                0x00000000000002b7       0x31 Drivers/STM32F0xx_HAL_Driver/Src/stm32f0xx_hal_gpio.o
 .ARM.attributes
                0x00000000000002e8       0x31 Drivers/STM32F0xx_HAL_Driver/Src/stm32f0xx_hal_i2c.o
 .ARM.attributes
                0x0000000000000319       0x31 Drivers/STM32F0xx_HAL_Driver/Src/stm32f0xx_hal_i2c_ex.o
 .ARM.attributes
                0x000000000000034a       0x31 Drivers/STM32F0xx_HAL_Driver/Src/stm32f0xx_hal_rcc.o
 .ARM.attributes
                0x000000000000037b       0x31 Drivers/STM32F0xx_HAL_Driver/Src/stm32f0xx_hal_rcc_ex.o
 .ARM.attributes
                0x00000000000003ac       0x31 Drivers/STM32F0xx_HAL_Driver/Src/stm32f0xx_hal_uart.o
 .ARM.attributes
                0x00000000000003dd       0x31 Drivers/STM32F0xx_HAL_Driver/Src/stm32f0xx_hal_uart_ex.o
 .ARM.attributes
                0x000000000000040e       0x31 UserApp/user_app.o
 .ARM.attributes
                0x000000000000043f       0x31 ssd1306/ssd1306.o
 .ARM.attributes
                0x0000000000000470       0x31 ssd1306/ssd1306_fonts.o
 .ARM.attributes
                0x00000000000004a1       0x31 ssd1306/ssd1306_tests.o
 .ARM.attributes
                0x00000000000004d2       0x2c /home/chris/opt/STM32CubeIDE/st/stm32cubeide_1.2.0/plugins/com.st.stm32cube.ide.mcu.externaltools.gnu-tools-for-stm32.7-2018-q2-update.linux64_1.4.0.202007081208/tools/bin/../lib/gcc/arm-none-eabi/7.3.1/../../../../arm-none-eabi/lib/thumb/v6-m/libc_nano.a(lib_a-errno.o)
 .ARM.attributes
                0x00000000000004fe       0x2c /home/chris/opt/STM32CubeIDE/st/stm32cubeide_1.2.0/plugins/com.st.stm32cube.ide.mcu.externaltools.gnu-tools-for-stm32.7-2018-q2-update.linux64_1.4.0.202007081208/tools/bin/../lib/gcc/arm-none-eabi/7.3.1/../../../../arm-none-eabi/lib/thumb/v6-m/libc_nano.a(lib_a-impure.o)
 .ARM.attributes
                0x000000000000052a       0x2c /home/chris/opt/STM32CubeIDE/st/stm32cubeide_1.2.0/plugins/com.st.stm32cube.ide.mcu.externaltools.gnu-tools-for-stm32.7-2018-q2-update.linux64_1.4.0.202007081208/tools/bin/../lib/gcc/arm-none-eabi/7.3.1/../../../../arm-none-eabi/lib/thumb/v6-m/libc_nano.a(lib_a-init.o)
 .ARM.attributes
                0x0000000000000556       0x2c /home/chris/opt/STM32CubeIDE/st/stm32cubeide_1.2.0/plugins/com.st.stm32cube.ide.mcu.externaltools.gnu-tools-for-stm32.7-2018-q2-update.linux64_1.4.0.202007081208/tools/bin/../lib/gcc/arm-none-eabi/7.3.1/../../../../arm-none-eabi/lib/thumb/v6-m/libc_nano.a(lib_a-memcpy-stub.o)
 .ARM.attributes
                0x0000000000000582       0x2c /home/chris/opt/STM32CubeIDE/st/stm32cubeide_1.2.0/plugins/com.st.stm32cube.ide.mcu.externaltools.gnu-tools-for-stm32.7-2018-q2-update.linux64_1.4.0.202007081208/tools/bin/../lib/gcc/arm-none-eabi/7.3.1/../../../../arm-none-eabi/lib/thumb/v6-m/libc_nano.a(lib_a-memmove.o)
 .ARM.attributes
                0x00000000000005ae       0x2c /home/chris/opt/STM32CubeIDE/st/stm32cubeide_1.2.0/plugins/com.st.stm32cube.ide.mcu.externaltools.gnu-tools-for-stm32.7-2018-q2-update.linux64_1.4.0.202007081208/tools/bin/../lib/gcc/arm-none-eabi/7.3.1/../../../../arm-none-eabi/lib/thumb/v6-m/libc_nano.a(lib_a-memset.o)
 .ARM.attributes
                0x00000000000005da       0x2c /home/chris/opt/STM32CubeIDE/st/stm32cubeide_1.2.0/plugins/com.st.stm32cube.ide.mcu.externaltools.gnu-tools-for-stm32.7-2018-q2-update.linux64_1.4.0.202007081208/tools/bin/../lib/gcc/arm-none-eabi/7.3.1/../../../../arm-none-eabi/lib/thumb/v6-m/libc_nano.a(lib_a-snprintf.o)
 .ARM.attributes
                0x0000000000000606       0x2c /home/chris/opt/STM32CubeIDE/st/stm32cubeide_1.2.0/plugins/com.st.stm32cube.ide.mcu.externaltools.gnu-tools-for-stm32.7-2018-q2-update.linux64_1.4.0.202007081208/tools/bin/../lib/gcc/arm-none-eabi/7.3.1/../../../../arm-none-eabi/lib/thumb/v6-m/libc_nano.a(lib_a-nano-svfprintf.o)
 .ARM.attributes
                0x0000000000000632       0x2c /home/chris/opt/STM32CubeIDE/st/stm32cubeide_1.2.0/plugins/com.st.stm32cube.ide.mcu.externaltools.gnu-tools-for-stm32.7-2018-q2-update.linux64_1.4.0.202007081208/tools/bin/../lib/gcc/arm-none-eabi/7.3.1/../../../../arm-none-eabi/lib/thumb/v6-m/libc_nano.a(lib_a-nano-vfprintf_i.o)
 .ARM.attributes
                0x000000000000065e       0x2c /home/chris/opt/STM32CubeIDE/st/stm32cubeide_1.2.0/plugins/com.st.stm32cube.ide.mcu.externaltools.gnu-tools-for-stm32.7-2018-q2-update.linux64_1.4.0.202007081208/tools/bin/../lib/gcc/arm-none-eabi/7.3.1/../../../../arm-none-eabi/lib/thumb/v6-m/libc_nano.a(lib_a-memchr-stub.o)
 .ARM.attributes
                0x000000000000068a       0x2c /home/chris/opt/STM32CubeIDE/st/stm32cubeide_1.2.0/plugins/com.st.stm32cube.ide.mcu.externaltools.gnu-tools-for-stm32.7-2018-q2-update.linux64_1.4.0.202007081208/tools/bin/../lib/gcc/arm-none-eabi/7.3.1/../../../../arm-none-eabi/lib/thumb/v6-m/libc_nano.a(lib_a-nano-freer.o)
 .ARM.attributes
                0x00000000000006b6       0x2c /home/chris/opt/STM32CubeIDE/st/stm32cubeide_1.2.0/plugins/com.st.stm32cube.ide.mcu.externaltools.gnu-tools-for-stm32.7-2018-q2-update.linux64_1.4.0.202007081208/tools/bin/../lib/gcc/arm-none-eabi/7.3.1/../../../../arm-none-eabi/lib/thumb/v6-m/libc_nano.a(lib_a-nano-mallocr.o)
 .ARM.attributes
                0x00000000000006e2       0x2c /home/chris/opt/STM32CubeIDE/st/stm32cubeide_1.2.0/plugins/com.st.stm32cube.ide.mcu.externaltools.gnu-tools-for-stm32.7-2018-q2-update.linux64_1.4.0.202007081208/tools/bin/../lib/gcc/arm-none-eabi/7.3.1/../../../../arm-none-eabi/lib/thumb/v6-m/libc_nano.a(lib_a-nano-reallocr.o)
 .ARM.attributes
                0x000000000000070e       0x2c /home/chris/opt/STM32CubeIDE/st/stm32cubeide_1.2.0/plugins/com.st.stm32cube.ide.mcu.externaltools.gnu-tools-for-stm32.7-2018-q2-update.linux64_1.4.0.202007081208/tools/bin/../lib/gcc/arm-none-eabi/7.3.1/../../../../arm-none-eabi/lib/thumb/v6-m/libc_nano.a(lib_a-sbrkr.o)
 .ARM.attributes
                0x000000000000073a       0x2c /home/chris/opt/STM32CubeIDE/st/stm32cubeide_1.2.0/plugins/com.st.stm32cube.ide.mcu.externaltools.gnu-tools-for-stm32.7-2018-q2-update.linux64_1.4.0.202007081208/tools/bin/../lib/gcc/arm-none-eabi/7.3.1/../../../../arm-none-eabi/lib/thumb/v6-m/libc_nano.a(lib_a-mlock.o)
 .ARM.attributes
                0x0000000000000766       0x2c /home/chris/opt/STM32CubeIDE/st/stm32cubeide_1.2.0/plugins/com.st.stm32cube.ide.mcu.externaltools.gnu-tools-for-stm32.7-2018-q2-update.linux64_1.4.0.202007081208/tools/bin/../lib/gcc/arm-none-eabi/7.3.1/../../../../arm-none-eabi/lib/thumb/v6-m/libc_nano.a(lib_a-nano-msizer.o)
 .ARM.attributes
                0x0000000000000792       0x2c /home/chris/opt/STM32CubeIDE/st/stm32cubeide_1.2.0/plugins/com.st.stm32cube.ide.mcu.externaltools.gnu-tools-for-stm32.7-2018-q2-update.linux64_1.4.0.202007081208/tools/bin/../lib/gcc/arm-none-eabi/7.3.1/../../../../arm-none-eabi/lib/thumb/v6-m/libc_nano.a(lib_a-reent.o)
 .ARM.attributes
                0x00000000000007be       0x1e /home/chris/opt/STM32CubeIDE/st/stm32cubeide_1.2.0/plugins/com.st.stm32cube.ide.mcu.externaltools.gnu-tools-for-stm32.7-2018-q2-update.linux64_1.4.0.202007081208/tools/bin/../lib/gcc/arm-none-eabi/7.3.1/thumb/v6-m/libgcc.a(_udivsi3.o)
 .ARM.attributes
                0x00000000000007dc       0x1e /home/chris/opt/STM32CubeIDE/st/stm32cubeide_1.2.0/plugins/com.st.stm32cube.ide.mcu.externaltools.gnu-tools-for-stm32.7-2018-q2-update.linux64_1.4.0.202007081208/tools/bin/../lib/gcc/arm-none-eabi/7.3.1/thumb/v6-m/libgcc.a(_dvmd_tls.o)
 .ARM.attributes
                0x00000000000007fa       0x2c /home/chris/opt/STM32CubeIDE/st/stm32cubeide_1.2.0/plugins/com.st.stm32cube.ide.mcu.externaltools.gnu-tools-for-stm32.7-2018-q2-update.linux64_1.4.0.202007081208/tools/bin/../lib/gcc/arm-none-eabi/7.3.1/thumb/v6-m/libgcc.a(floatsisf.o)
 .ARM.attributes
                0x0000000000000826       0x2c /home/chris/opt/STM32CubeIDE/st/stm32cubeide_1.2.0/plugins/com.st.stm32cube.ide.mcu.externaltools.gnu-tools-for-stm32.7-2018-q2-update.linux64_1.4.0.202007081208/tools/bin/../lib/gcc/arm-none-eabi/7.3.1/thumb/v6-m/libgcc.a(divdf3.o)
 .ARM.attributes
                0x0000000000000852       0x2c /home/chris/opt/STM32CubeIDE/st/stm32cubeide_1.2.0/plugins/com.st.stm32cube.ide.mcu.externaltools.gnu-tools-for-stm32.7-2018-q2-update.linux64_1.4.0.202007081208/tools/bin/../lib/gcc/arm-none-eabi/7.3.1/thumb/v6-m/libgcc.a(fixdfsi.o)
 .ARM.attributes
                0x000000000000087e       0x2c /home/chris/opt/STM32CubeIDE/st/stm32cubeide_1.2.0/plugins/com.st.stm32cube.ide.mcu.externaltools.gnu-tools-for-stm32.7-2018-q2-update.linux64_1.4.0.202007081208/tools/bin/../lib/gcc/arm-none-eabi/7.3.1/thumb/v6-m/libgcc.a(floatunsidf.o)
 .ARM.attributes
                0x00000000000008aa       0x2c /home/chris/opt/STM32CubeIDE/st/stm32cubeide_1.2.0/plugins/com.st.stm32cube.ide.mcu.externaltools.gnu-tools-for-stm32.7-2018-q2-update.linux64_1.4.0.202007081208/tools/bin/../lib/gcc/arm-none-eabi/7.3.1/thumb/v6-m/libgcc.a(extendsfdf2.o)
 .ARM.attributes
                0x00000000000008d6       0x1e /home/chris/opt/STM32CubeIDE/st/stm32cubeide_1.2.0/plugins/com.st.stm32cube.ide.mcu.externaltools.gnu-tools-for-stm32.7-2018-q2-update.linux64_1.4.0.202007081208/tools/bin/../lib/gcc/arm-none-eabi/7.3.1/thumb/v6-m/libgcc.a(_clzsi2.o)
 .ARM.attributes
                0x00000000000008f4       0x1e /home/chris/opt/STM32CubeIDE/st/stm32cubeide_1.2.0/plugins/com.st.stm32cube.ide.mcu.externaltools.gnu-tools-for-stm32.7-2018-q2-update.linux64_1.4.0.202007081208/tools/bin/../lib/gcc/arm-none-eabi/7.3.1/thumb/v6-m/crtn.o
OUTPUT(F051_Test.elf elf32-littlearm)

.debug_info     0x0000000000000000     0xe013
 .debug_info    0x0000000000000000      0x31c Core/Src/dma.o
 .debug_info    0x000000000000031c      0x399 Core/Src/gpio.o
 .debug_info    0x00000000000006b5      0x8cc Core/Src/i2c.o
 .debug_info    0x0000000000000f81      0xbd6 Core/Src/main.o
 .debug_info    0x0000000000001b57      0x25e Core/Src/stm32f0xx_hal_msp.o
 .debug_info    0x0000000000001db5      0x6dd Core/Src/stm32f0xx_it.o
 .debug_info    0x0000000000002492      0x985 Core/Src/sysmem.o
 .debug_info    0x0000000000002e17      0x29e Core/Src/system_stm32f0xx.o
 .debug_info    0x00000000000030b5      0xa03 Core/Src/usart.o
 .debug_info    0x0000000000003ab8       0x22 Core/Startup/startup_stm32f051k8tx.o
 .debug_info    0x0000000000003ada      0x6a8 Drivers/STM32F0xx_HAL_Driver/Src/stm32f0xx_hal.o
 .debug_info    0x0000000000004182      0x77a Drivers/STM32F0xx_HAL_Driver/Src/stm32f0xx_hal_cortex.o
 .debug_info    0x00000000000048fc      0x79f Drivers/STM32F0xx_HAL_Driver/Src/stm32f0xx_hal_dma.o
 .debug_info    0x000000000000509b      0x682 Drivers/STM32F0xx_HAL_Driver/Src/stm32f0xx_hal_gpio.o
 .debug_info    0x000000000000571d     0x1fb9 Drivers/STM32F0xx_HAL_Driver/Src/stm32f0xx_hal_i2c.o
 .debug_info    0x00000000000076d6      0x8bf Drivers/STM32F0xx_HAL_Driver/Src/stm32f0xx_hal_i2c_ex.o
 .debug_info    0x0000000000007f95      0x821 Drivers/STM32F0xx_HAL_Driver/Src/stm32f0xx_hal_rcc.o
 .debug_info    0x00000000000087b6      0x3d8 Drivers/STM32F0xx_HAL_Driver/Src/stm32f0xx_hal_rcc_ex.o
 .debug_info    0x0000000000008b8e     0x156d Drivers/STM32F0xx_HAL_Driver/Src/stm32f0xx_hal_uart.o
 .debug_info    0x000000000000a0fb      0x872 Drivers/STM32F0xx_HAL_Driver/Src/stm32f0xx_hal_uart_ex.o
 .debug_info    0x000000000000a96d     0x13d9 UserApp/user_app.o
 .debug_info    0x000000000000bd46     0x1150 ssd1306/ssd1306.o
 .debug_info    0x000000000000ce96      0x19c ssd1306/ssd1306_fonts.o
 .debug_info    0x000000000000d032      0xfe1 ssd1306/ssd1306_tests.o

.debug_abbrev   0x0000000000000000     0x2727
 .debug_abbrev  0x0000000000000000      0x107 Core/Src/dma.o
 .debug_abbrev  0x0000000000000107      0x134 Core/Src/gpio.o
 .debug_abbrev  0x000000000000023b      0x1a4 Core/Src/i2c.o
 .debug_abbrev  0x00000000000003df      0x19f Core/Src/main.o
 .debug_abbrev  0x000000000000057e      0x109 Core/Src/stm32f0xx_hal_msp.o
 .debug_abbrev  0x0000000000000687      0x158 Core/Src/stm32f0xx_it.o
 .debug_abbrev  0x00000000000007df      0x19b Core/Src/sysmem.o
 .debug_abbrev  0x000000000000097a      0x12b Core/Src/system_stm32f0xx.o
 .debug_abbrev  0x0000000000000aa5      0x1b3 Core/Src/usart.o
 .debug_abbrev  0x0000000000000c58       0x12 Core/Startup/startup_stm32f051k8tx.o
 .debug_abbrev  0x0000000000000c6a      0x1f2 Drivers/STM32F0xx_HAL_Driver/Src/stm32f0xx_hal.o
 .debug_abbrev  0x0000000000000e5c      0x273 Drivers/STM32F0xx_HAL_Driver/Src/stm32f0xx_hal_cortex.o
 .debug_abbrev  0x00000000000010cf      0x1ed Drivers/STM32F0xx_HAL_Driver/Src/stm32f0xx_hal_dma.o
 .debug_abbrev  0x00000000000012bc      0x1c0 Drivers/STM32F0xx_HAL_Driver/Src/stm32f0xx_hal_gpio.o
 .debug_abbrev  0x000000000000147c      0x239 Drivers/STM32F0xx_HAL_Driver/Src/stm32f0xx_hal_i2c.o
 .debug_abbrev  0x00000000000016b5      0x1c8 Drivers/STM32F0xx_HAL_Driver/Src/stm32f0xx_hal_i2c_ex.o
 .debug_abbrev  0x000000000000187d      0x20f Drivers/STM32F0xx_HAL_Driver/Src/stm32f0xx_hal_rcc.o
 .debug_abbrev  0x0000000000001a8c      0x175 Drivers/STM32F0xx_HAL_Driver/Src/stm32f0xx_hal_rcc_ex.o
 .debug_abbrev  0x0000000000001c01      0x214 Drivers/STM32F0xx_HAL_Driver/Src/stm32f0xx_hal_uart.o
 .debug_abbrev  0x0000000000001e15      0x1f1 Drivers/STM32F0xx_HAL_Driver/Src/stm32f0xx_hal_uart_ex.o
 .debug_abbrev  0x0000000000002006      0x23c UserApp/user_app.o
 .debug_abbrev  0x0000000000002242      0x24f ssd1306/ssd1306.o
 .debug_abbrev  0x0000000000002491       0xa1 ssd1306/ssd1306_fonts.o
 .debug_abbrev  0x0000000000002532      0x1f5 ssd1306/ssd1306_tests.o

.debug_aranges  0x0000000000000000      0xb00
 .debug_aranges
                0x0000000000000000       0x20 Core/Src/dma.o
 .debug_aranges
                0x0000000000000020       0x20 Core/Src/gpio.o
 .debug_aranges
                0x0000000000000040       0x30 Core/Src/i2c.o
 .debug_aranges
                0x0000000000000070       0x30 Core/Src/main.o
 .debug_aranges
                0x00000000000000a0       0x20 Core/Src/stm32f0xx_hal_msp.o
 .debug_aranges
                0x00000000000000c0       0x50 Core/Src/stm32f0xx_it.o
 .debug_aranges
                0x0000000000000110       0x20 Core/Src/sysmem.o
 .debug_aranges
                0x0000000000000130       0x28 Core/Src/system_stm32f0xx.o
 .debug_aranges
                0x0000000000000158       0x30 Core/Src/usart.o
 .debug_aranges
                0x0000000000000188       0x28 Core/Startup/startup_stm32f051k8tx.o
 .debug_aranges
                0x00000000000001b0       0xd0 Drivers/STM32F0xx_HAL_Driver/Src/stm32f0xx_hal.o
 .debug_aranges
                0x0000000000000280       0xc0 Drivers/STM32F0xx_HAL_Driver/Src/stm32f0xx_hal_cortex.o
 .debug_aranges
                0x0000000000000340       0x88 Drivers/STM32F0xx_HAL_Driver/Src/stm32f0xx_hal_dma.o
 .debug_aranges
                0x00000000000003c8       0x58 Drivers/STM32F0xx_HAL_Driver/Src/stm32f0xx_hal_gpio.o
 .debug_aranges
                0x0000000000000420      0x290 Drivers/STM32F0xx_HAL_Driver/Src/stm32f0xx_hal_i2c.o
 .debug_aranges
                0x00000000000006b0       0x48 Drivers/STM32F0xx_HAL_Driver/Src/stm32f0xx_hal_i2c_ex.o
 .debug_aranges
                0x00000000000006f8       0x80 Drivers/STM32F0xx_HAL_Driver/Src/stm32f0xx_hal_rcc.o
 .debug_aranges
                0x0000000000000778       0x30 Drivers/STM32F0xx_HAL_Driver/Src/stm32f0xx_hal_rcc_ex.o
 .debug_aranges
                0x00000000000007a8      0x210 Drivers/STM32F0xx_HAL_Driver/Src/stm32f0xx_hal_uart.o
 .debug_aranges
                0x00000000000009b8       0x50 Drivers/STM32F0xx_HAL_Driver/Src/stm32f0xx_hal_uart_ex.o
 .debug_aranges
                0x0000000000000a08       0x40 UserApp/user_app.o
 .debug_aranges
                0x0000000000000a48       0x68 ssd1306/ssd1306.o
 .debug_aranges
                0x0000000000000ab0       0x18 ssd1306/ssd1306_fonts.o
 .debug_aranges
                0x0000000000000ac8       0x38 ssd1306/ssd1306_tests.o

.debug_ranges   0x0000000000000000      0x980
 .debug_ranges  0x0000000000000000       0x10 Core/Src/dma.o
 .debug_ranges  0x0000000000000010       0x10 Core/Src/gpio.o
 .debug_ranges  0x0000000000000020       0x20 Core/Src/i2c.o
 .debug_ranges  0x0000000000000040       0x20 Core/Src/main.o
 .debug_ranges  0x0000000000000060       0x10 Core/Src/stm32f0xx_hal_msp.o
 .debug_ranges  0x0000000000000070       0x40 Core/Src/stm32f0xx_it.o
 .debug_ranges  0x00000000000000b0       0x10 Core/Src/sysmem.o
 .debug_ranges  0x00000000000000c0       0x18 Core/Src/system_stm32f0xx.o
 .debug_ranges  0x00000000000000d8       0x20 Core/Src/usart.o
 .debug_ranges  0x00000000000000f8       0x20 Core/Startup/startup_stm32f051k8tx.o
 .debug_ranges  0x0000000000000118       0xc0 Drivers/STM32F0xx_HAL_Driver/Src/stm32f0xx_hal.o
 .debug_ranges  0x00000000000001d8       0xb0 Drivers/STM32F0xx_HAL_Driver/Src/stm32f0xx_hal_cortex.o
 .debug_ranges  0x0000000000000288       0x78 Drivers/STM32F0xx_HAL_Driver/Src/stm32f0xx_hal_dma.o
 .debug_ranges  0x0000000000000300       0x48 Drivers/STM32F0xx_HAL_Driver/Src/stm32f0xx_hal_gpio.o
 .debug_ranges  0x0000000000000348      0x280 Drivers/STM32F0xx_HAL_Driver/Src/stm32f0xx_hal_i2c.o
 .debug_ranges  0x00000000000005c8       0x38 Drivers/STM32F0xx_HAL_Driver/Src/stm32f0xx_hal_i2c_ex.o
 .debug_ranges  0x0000000000000600       0x70 Drivers/STM32F0xx_HAL_Driver/Src/stm32f0xx_hal_rcc.o
 .debug_ranges  0x0000000000000670       0x20 Drivers/STM32F0xx_HAL_Driver/Src/stm32f0xx_hal_rcc_ex.o
 .debug_ranges  0x0000000000000690      0x200 Drivers/STM32F0xx_HAL_Driver/Src/stm32f0xx_hal_uart.o
 .debug_ranges  0x0000000000000890       0x40 Drivers/STM32F0xx_HAL_Driver/Src/stm32f0xx_hal_uart_ex.o
 .debug_ranges  0x00000000000008d0       0x30 UserApp/user_app.o
 .debug_ranges  0x0000000000000900       0x58 ssd1306/ssd1306.o
 .debug_ranges  0x0000000000000958       0x28 ssd1306/ssd1306_tests.o

.debug_macro    0x0000000000000000     0xf416
 .debug_macro   0x0000000000000000      0x1b9 Core/Src/dma.o
 .debug_macro   0x00000000000001b9      0xa4e Core/Src/dma.o
 .debug_macro   0x0000000000000c07      0x12d Core/Src/dma.o
 .debug_macro   0x0000000000000d34       0x2e Core/Src/dma.o
 .debug_macro   0x0000000000000d62       0x22 Core/Src/dma.o
 .debug_macro   0x0000000000000d84       0x22 Core/Src/dma.o
 .debug_macro   0x0000000000000da6       0x8e Core/Src/dma.o
 .debug_macro   0x0000000000000e34       0x51 Core/Src/dma.o
 .debug_macro   0x0000000000000e85       0xef Core/Src/dma.o
 .debug_macro   0x0000000000000f74       0x6a Core/Src/dma.o
 .debug_macro   0x0000000000000fde      0x1df Core/Src/dma.o
 .debug_macro   0x00000000000011bd       0x1c Core/Src/dma.o
 .debug_macro   0x00000000000011d9       0x22 Core/Src/dma.o
 .debug_macro   0x00000000000011fb       0xb5 Core/Src/dma.o
 .debug_macro   0x00000000000012b0      0x391 Core/Src/dma.o
 .debug_macro   0x0000000000001641     0x8cdd Core/Src/dma.o
 .debug_macro   0x000000000000a31e       0x3c Core/Src/dma.o
 .debug_macro   0x000000000000a35a      0x174 Core/Src/dma.o
 .debug_macro   0x000000000000a4ce       0x54 Core/Src/dma.o
 .debug_macro   0x000000000000a522      0x924 Core/Src/dma.o
 .debug_macro   0x000000000000ae46      0x251 Core/Src/dma.o
 .debug_macro   0x000000000000b097      0x12f Core/Src/dma.o
 .debug_macro   0x000000000000b1c6      0x114 Core/Src/dma.o
 .debug_macro   0x000000000000b2da      0x1a0 Core/Src/dma.o
 .debug_macro   0x000000000000b47a      0x1ed Core/Src/dma.o
 .debug_macro   0x000000000000b667       0x34 Core/Src/dma.o
 .debug_macro   0x000000000000b69b       0x43 Core/Src/dma.o
 .debug_macro   0x000000000000b6de       0x28 Core/Src/dma.o
 .debug_macro   0x000000000000b706       0xb0 Core/Src/dma.o
 .debug_macro   0x000000000000b7b6      0x199 Core/Src/dma.o
 .debug_macro   0x000000000000b94f      0x22c Core/Src/dma.o
 .debug_macro   0x000000000000bb7b       0x60 Core/Src/dma.o
 .debug_macro   0x000000000000bbdb       0xa5 Core/Src/dma.o
 .debug_macro   0x000000000000bc80       0x4c Core/Src/dma.o
 .debug_macro   0x000000000000bccc      0x112 Core/Src/dma.o
 .debug_macro   0x000000000000bdde      0x589 Core/Src/dma.o
 .debug_macro   0x000000000000c367       0x3e Core/Src/dma.o
 .debug_macro   0x000000000000c3a5      0x114 Core/Src/dma.o
 .debug_macro   0x000000000000c4b9      0x1b9 Core/Src/gpio.o
 .debug_macro   0x000000000000c672      0x1b9 Core/Src/i2c.o
 .debug_macro   0x000000000000c82b      0x1e5 Core/Src/main.o
 .debug_macro   0x000000000000ca10      0x1af Core/Src/stm32f0xx_hal_msp.o
 .debug_macro   0x000000000000cbbf      0x1b9 Core/Src/stm32f0xx_it.o
 .debug_macro   0x000000000000cd78       0xee Core/Src/sysmem.o
 .debug_macro   0x000000000000ce66      0x23b Core/Src/sysmem.o
 .debug_macro   0x000000000000d0a1      0x1a5 Core/Src/system_stm32f0xx.o
 .debug_macro   0x000000000000d246      0x1b9 Core/Src/usart.o
 .debug_macro   0x000000000000d3ff      0x1c9 Drivers/STM32F0xx_HAL_Driver/Src/stm32f0xx_hal.o
 .debug_macro   0x000000000000d5c8      0x1a5 Drivers/STM32F0xx_HAL_Driver/Src/stm32f0xx_hal_cortex.o
 .debug_macro   0x000000000000d76d      0x1a5 Drivers/STM32F0xx_HAL_Driver/Src/stm32f0xx_hal_dma.o
 .debug_macro   0x000000000000d912      0x1dd Drivers/STM32F0xx_HAL_Driver/Src/stm32f0xx_hal_gpio.o
 .debug_macro   0x000000000000daef      0x26a Drivers/STM32F0xx_HAL_Driver/Src/stm32f0xx_hal_i2c.o
 .debug_macro   0x000000000000dd59      0x1a5 Drivers/STM32F0xx_HAL_Driver/Src/stm32f0xx_hal_i2c_ex.o
 .debug_macro   0x000000000000defe      0x1b7 Drivers/STM32F0xx_HAL_Driver/Src/stm32f0xx_hal_rcc.o
 .debug_macro   0x000000000000e0b5      0x1a5 Drivers/STM32F0xx_HAL_Driver/Src/stm32f0xx_hal_rcc_ex.o
 .debug_macro   0x000000000000e25a      0x1c2 Drivers/STM32F0xx_HAL_Driver/Src/stm32f0xx_hal_uart.o
 .debug_macro   0x000000000000e41c      0x1a5 Drivers/STM32F0xx_HAL_Driver/Src/stm32f0xx_hal_uart_ex.o
 .debug_macro   0x000000000000e5c1      0x38e UserApp/user_app.o
 .debug_macro   0x000000000000e94f       0x46 UserApp/user_app.o
 .debug_macro   0x000000000000e995       0x16 UserApp/user_app.o
 .debug_macro   0x000000000000e9ab      0x32a UserApp/user_app.o
 .debug_macro   0x000000000000ecd5       0x16 UserApp/user_app.o
 .debug_macro   0x000000000000eceb       0x20 UserApp/user_app.o
 .debug_macro   0x000000000000ed0b       0x46 UserApp/user_app.o
 .debug_macro   0x000000000000ed51      0x314 ssd1306/ssd1306.o
 .debug_macro   0x000000000000f065       0x6d ssd1306/ssd1306_fonts.o
 .debug_macro   0x000000000000f0d2      0x344 ssd1306/ssd1306_tests.o

.debug_line     0x0000000000000000     0xcc12
 .debug_line    0x0000000000000000      0x6a2 Core/Src/dma.o
 .debug_line    0x00000000000006a2      0x6b0 Core/Src/gpio.o
 .debug_line    0x0000000000000d52      0x6dd Core/Src/i2c.o
 .debug_line    0x000000000000142f      0x757 Core/Src/main.o
 .debug_line    0x0000000000001b86      0x6a7 Core/Src/stm32f0xx_hal_msp.o
 .debug_line    0x000000000000222d      0x71f Core/Src/stm32f0xx_it.o
 .debug_line    0x000000000000294c      0x512 Core/Src/sysmem.o
 .debug_line    0x0000000000002e5e      0x6c1 Core/Src/system_stm32f0xx.o
 .debug_line    0x000000000000351f      0x6ec Core/Src/usart.o
 .debug_line    0x0000000000003c0b       0x89 Core/Startup/startup_stm32f051k8tx.o
 .debug_line    0x0000000000003c94      0x85d Drivers/STM32F0xx_HAL_Driver/Src/stm32f0xx_hal.o
 .debug_line    0x00000000000044f1      0x875 Drivers/STM32F0xx_HAL_Driver/Src/stm32f0xx_hal_cortex.o
 .debug_line    0x0000000000004d66      0x8bb Drivers/STM32F0xx_HAL_Driver/Src/stm32f0xx_hal_dma.o
 .debug_line    0x0000000000005621      0x820 Drivers/STM32F0xx_HAL_Driver/Src/stm32f0xx_hal_gpio.o
 .debug_line    0x0000000000005e41     0x1a97 Drivers/STM32F0xx_HAL_Driver/Src/stm32f0xx_hal_i2c.o
 .debug_line    0x00000000000078d8      0x7eb Drivers/STM32F0xx_HAL_Driver/Src/stm32f0xx_hal_i2c_ex.o
 .debug_line    0x00000000000080c3      0x91e Drivers/STM32F0xx_HAL_Driver/Src/stm32f0xx_hal_rcc.o
 .debug_line    0x00000000000089e1      0x79c Drivers/STM32F0xx_HAL_Driver/Src/stm32f0xx_hal_rcc_ex.o
 .debug_line    0x000000000000917d     0x115e Drivers/STM32F0xx_HAL_Driver/Src/stm32f0xx_hal_uart.o
 .debug_line    0x000000000000a2db      0x7a0 Drivers/STM32F0xx_HAL_Driver/Src/stm32f0xx_hal_uart_ex.o
 .debug_line    0x000000000000aa7b      0xa0d UserApp/user_app.o
 .debug_line    0x000000000000b488      0xa05 ssd1306/ssd1306.o
 .debug_line    0x000000000000be8d      0x3f2 ssd1306/ssd1306_fonts.o
 .debug_line    0x000000000000c27f      0x993 ssd1306/ssd1306_tests.o

.debug_str      0x0000000000000000    0x524cd
 .debug_str     0x0000000000000000    0x4aa21 Core/Src/dma.o
                                      0x4acaf (size before relaxing)
 .debug_str     0x000000000004aa21       0xb9 Core/Src/gpio.o
                                      0x4ab9c (size before relaxing)
 .debug_str     0x000000000004aada      0x493 Core/Src/i2c.o
                                      0x4b055 (size before relaxing)
 .debug_str     0x000000000004af6d      0x3ca Core/Src/main.o
                                      0x4b376 (size before relaxing)
 .debug_str     0x000000000004b337       0x2c Core/Src/stm32f0xx_hal_msp.o
                                      0x4ab01 (size before relaxing)
 .debug_str     0x000000000004b363       0x97 Core/Src/stm32f0xx_it.o
                                      0x4af0f (size before relaxing)
 .debug_str     0x000000000004b3fa     0x1fd3 Core/Src/sysmem.o
                                       0x5ed1 (size before relaxing)
 .debug_str     0x000000000004d3cd       0x5f Core/Src/system_stm32f0xx.o
                                      0x4ab23 (size before relaxing)
 .debug_str     0x000000000004d42c       0x57 Core/Src/usart.o
                                      0x4b176 (size before relaxing)
 .debug_str     0x000000000004d483       0x36 Core/Startup/startup_stm32f051k8tx.o
                                         0x75 (size before relaxing)
 .debug_str     0x000000000004d4b9      0x386 Drivers/STM32F0xx_HAL_Driver/Src/stm32f0xx_hal.o
                                      0x4b05d (size before relaxing)
 .debug_str     0x000000000004d83f      0x20c Drivers/STM32F0xx_HAL_Driver/Src/stm32f0xx_hal_cortex.o
                                      0x4af15 (size before relaxing)
 .debug_str     0x000000000004da4b      0x24d Drivers/STM32F0xx_HAL_Driver/Src/stm32f0xx_hal_dma.o
                                      0x4aefb (size before relaxing)
 .debug_str     0x000000000004dc98      0x20e Drivers/STM32F0xx_HAL_Driver/Src/stm32f0xx_hal_gpio.o
                                      0x4adbf (size before relaxing)
 .debug_str     0x000000000004dea6      0xe3d Drivers/STM32F0xx_HAL_Driver/Src/stm32f0xx_hal_i2c.o
                                      0x4bdd5 (size before relaxing)
 .debug_str     0x000000000004ece3       0xf3 Drivers/STM32F0xx_HAL_Driver/Src/stm32f0xx_hal_i2c_ex.o
                                      0x4b0c1 (size before relaxing)
 .debug_str     0x000000000004edd6      0x249 Drivers/STM32F0xx_HAL_Driver/Src/stm32f0xx_hal_rcc.o
                                      0x4af2d (size before relaxing)
 .debug_str     0x000000000004f01f       0xb1 Drivers/STM32F0xx_HAL_Driver/Src/stm32f0xx_hal_rcc_ex.o
                                      0x4ac71 (size before relaxing)
 .debug_str     0x000000000004f0d0      0x7e5 Drivers/STM32F0xx_HAL_Driver/Src/stm32f0xx_hal_uart.o
                                      0x4b738 (size before relaxing)
 .debug_str     0x000000000004f8b5      0x169 Drivers/STM32F0xx_HAL_Driver/Src/stm32f0xx_hal_uart_ex.o
                                      0x4b017 (size before relaxing)
 .debug_str     0x000000000004fa1e     0x2855 UserApp/user_app.o
                                      0x4f580 (size before relaxing)
 .debug_str     0x0000000000052273      0x163 ssd1306/ssd1306.o
                                      0x4f2e2 (size before relaxing)
 .debug_str     0x00000000000523d6       0x61 ssd1306/ssd1306_fonts.o
                                       0x3c28 (size before relaxing)
 .debug_str     0x0000000000052437       0x96 ssd1306/ssd1306_tests.o
                                      0x4f289 (size before relaxing)

.comment        0x0000000000000000       0x7b
 .comment       0x0000000000000000       0x7b Core/Src/dma.o
                                         0x7c (size before relaxing)
 .comment       0x000000000000007b       0x7c Core/Src/gpio.o
 .comment       0x000000000000007b       0x7c Core/Src/i2c.o
 .comment       0x000000000000007b       0x7c Core/Src/main.o
 .comment       0x000000000000007b       0x7c Core/Src/stm32f0xx_hal_msp.o
 .comment       0x000000000000007b       0x7c Core/Src/stm32f0xx_it.o
 .comment       0x000000000000007b       0x7c Core/Src/sysmem.o
 .comment       0x000000000000007b       0x7c Core/Src/system_stm32f0xx.o
 .comment       0x000000000000007b       0x7c Core/Src/usart.o
 .comment       0x000000000000007b       0x7c Drivers/STM32F0xx_HAL_Driver/Src/stm32f0xx_hal.o
 .comment       0x000000000000007b       0x7c Drivers/STM32F0xx_HAL_Driver/Src/stm32f0xx_hal_cortex.o
 .comment       0x000000000000007b       0x7c Drivers/STM32F0xx_HAL_Driver/Src/stm32f0xx_hal_dma.o
 .comment       0x000000000000007b       0x7c Drivers/STM32F0xx_HAL_Driver/Src/stm32f0xx_hal_gpio.o
 .comment       0x000000000000007b       0x7c Drivers/STM32F0xx_HAL_Driver/Src/stm32f0xx_hal_i2c.o
 .comment       0x000000000000007b       0x7c Drivers/STM32F0xx_HAL_Driver/Src/stm32f0xx_hal_i2c_ex.o
 .comment       0x000000000000007b       0x7c Drivers/STM32F0xx_HAL_Driver/Src/stm32f0xx_hal_rcc.o
 .comment       0x000000000000007b       0x7c Drivers/STM32F0xx_HAL_Driver/Src/stm32f0xx_hal_rcc_ex.o
 .comment       0x000000000000007b       0x7c Drivers/STM32F0xx_HAL_Driver/Src/stm32f0xx_hal_uart.o
 .comment       0x000000000000007b       0x7c Drivers/STM32F0xx_HAL_Driver/Src/stm32f0xx_hal_uart_ex.o
 .comment       0x000000000000007b       0x7c UserApp/user_app.o
 .comment       0x000000000000007b       0x7c ssd1306/ssd1306.o
 .comment       0x000000000000007b       0x7c ssd1306/ssd1306_fonts.o
 .comment       0x000000000000007b       0x7c ssd1306/ssd1306_tests.o

.debug_frame    0x0000000000000000     0x27e0
 .debug_frame   0x0000000000000000       0x30 Core/Src/dma.o
 .debug_frame   0x0000000000000030       0x30 Core/Src/gpio.o
 .debug_frame   0x0000000000000060       0x6c Core/Src/i2c.o
 .debug_frame   0x00000000000000cc       0x68 Core/Src/main.o
 .debug_frame   0x0000000000000134       0x30 Core/Src/stm32f0xx_hal_msp.o
 .debug_frame   0x0000000000000164       0xd4 Core/Src/stm32f0xx_it.o
 .debug_frame   0x0000000000000238       0x30 Core/Src/sysmem.o
 .debug_frame   0x0000000000000268       0x4c Core/Src/system_stm32f0xx.o
 .debug_frame   0x00000000000002b4       0x6c Core/Src/usart.o
 .debug_frame   0x0000000000000320      0x2a4 Drivers/STM32F0xx_HAL_Driver/Src/stm32f0xx_hal.o
 .debug_frame   0x00000000000005c4      0x2a0 Drivers/STM32F0xx_HAL_Driver/Src/stm32f0xx_hal_cortex.o
 .debug_frame   0x0000000000000864      0x1d0 Drivers/STM32F0xx_HAL_Driver/Src/stm32f0xx_hal_dma.o
 .debug_frame   0x0000000000000a34      0x110 Drivers/STM32F0xx_HAL_Driver/Src/stm32f0xx_hal_gpio.o
 .debug_frame   0x0000000000000b44      0xa20 Drivers/STM32F0xx_HAL_Driver/Src/stm32f0xx_hal_i2c.o
 .debug_frame   0x0000000000001564       0xd0 Drivers/STM32F0xx_HAL_Driver/Src/stm32f0xx_hal_i2c_ex.o
 .debug_frame   0x0000000000001634      0x198 Drivers/STM32F0xx_HAL_Driver/Src/stm32f0xx_hal_rcc.o
 .debug_frame   0x00000000000017cc       0x70 Drivers/STM32F0xx_HAL_Driver/Src/stm32f0xx_hal_rcc_ex.o
 .debug_frame   0x000000000000183c      0x7f0 Drivers/STM32F0xx_HAL_Driver/Src/stm32f0xx_hal_uart.o
 .debug_frame   0x000000000000202c       0xf0 Drivers/STM32F0xx_HAL_Driver/Src/stm32f0xx_hal_uart_ex.o
 .debug_frame   0x000000000000211c       0xa8 UserApp/user_app.o
 .debug_frame   0x00000000000021c4      0x148 ssd1306/ssd1306.o
 .debug_frame   0x000000000000230c       0x8c ssd1306/ssd1306_tests.o
 .debug_frame   0x0000000000002398       0x20 /home/chris/opt/STM32CubeIDE/st/stm32cubeide_1.2.0/plugins/com.st.stm32cube.ide.mcu.externaltools.gnu-tools-for-stm32.7-2018-q2-update.linux64_1.4.0.202007081208/tools/bin/../lib/gcc/arm-none-eabi/7.3.1/../../../../arm-none-eabi/lib/thumb/v6-m/libc_nano.a(lib_a-errno.o)
 .debug_frame   0x00000000000023b8       0x2c /home/chris/opt/STM32CubeIDE/st/stm32cubeide_1.2.0/plugins/com.st.stm32cube.ide.mcu.externaltools.gnu-tools-for-stm32.7-2018-q2-update.linux64_1.4.0.202007081208/tools/bin/../lib/gcc/arm-none-eabi/7.3.1/../../../../arm-none-eabi/lib/thumb/v6-m/libc_nano.a(lib_a-init.o)
 .debug_frame   0x00000000000023e4       0x28 /home/chris/opt/STM32CubeIDE/st/stm32cubeide_1.2.0/plugins/com.st.stm32cube.ide.mcu.externaltools.gnu-tools-for-stm32.7-2018-q2-update.linux64_1.4.0.202007081208/tools/bin/../lib/gcc/arm-none-eabi/7.3.1/../../../../arm-none-eabi/lib/thumb/v6-m/libc_nano.a(lib_a-memcpy-stub.o)
 .debug_frame   0x000000000000240c       0x28 /home/chris/opt/STM32CubeIDE/st/stm32cubeide_1.2.0/plugins/com.st.stm32cube.ide.mcu.externaltools.gnu-tools-for-stm32.7-2018-q2-update.linux64_1.4.0.202007081208/tools/bin/../lib/gcc/arm-none-eabi/7.3.1/../../../../arm-none-eabi/lib/thumb/v6-m/libc_nano.a(lib_a-memmove.o)
 .debug_frame   0x0000000000002434       0x20 /home/chris/opt/STM32CubeIDE/st/stm32cubeide_1.2.0/plugins/com.st.stm32cube.ide.mcu.externaltools.gnu-tools-for-stm32.7-2018-q2-update.linux64_1.4.0.202007081208/tools/bin/../lib/gcc/arm-none-eabi/7.3.1/../../../../arm-none-eabi/lib/thumb/v6-m/libc_nano.a(lib_a-memset.o)
 .debug_frame   0x0000000000002454       0x50 /home/chris/opt/STM32CubeIDE/st/stm32cubeide_1.2.0/plugins/com.st.stm32cube.ide.mcu.externaltools.gnu-tools-for-stm32.7-2018-q2-update.linux64_1.4.0.202007081208/tools/bin/../lib/gcc/arm-none-eabi/7.3.1/../../../../arm-none-eabi/lib/thumb/v6-m/libc_nano.a(lib_a-snprintf.o)
 .debug_frame   0x00000000000024a4       0x74 /home/chris/opt/STM32CubeIDE/st/stm32cubeide_1.2.0/plugins/com.st.stm32cube.ide.mcu.externaltools.gnu-tools-for-stm32.7-2018-q2-update.linux64_1.4.0.202007081208/tools/bin/../lib/gcc/arm-none-eabi/7.3.1/../../../../arm-none-eabi/lib/thumb/v6-m/libc_nano.a(lib_a-nano-svfprintf.o)
 .debug_frame   0x0000000000002518       0x54 /home/chris/opt/STM32CubeIDE/st/stm32cubeide_1.2.0/plugins/com.st.stm32cube.ide.mcu.externaltools.gnu-tools-for-stm32.7-2018-q2-update.linux64_1.4.0.202007081208/tools/bin/../lib/gcc/arm-none-eabi/7.3.1/../../../../arm-none-eabi/lib/thumb/v6-m/libc_nano.a(lib_a-nano-vfprintf_i.o)
 .debug_frame   0x000000000000256c       0x20 /home/chris/opt/STM32CubeIDE/st/stm32cubeide_1.2.0/plugins/com.st.stm32cube.ide.mcu.externaltools.gnu-tools-for-stm32.7-2018-q2-update.linux64_1.4.0.202007081208/tools/bin/../lib/gcc/arm-none-eabi/7.3.1/../../../../arm-none-eabi/lib/thumb/v6-m/libc_nano.a(lib_a-memchr-stub.o)
 .debug_frame   0x000000000000258c       0x2c /home/chris/opt/STM32CubeIDE/st/stm32cubeide_1.2.0/plugins/com.st.stm32cube.ide.mcu.externaltools.gnu-tools-for-stm32.7-2018-q2-update.linux64_1.4.0.202007081208/tools/bin/../lib/gcc/arm-none-eabi/7.3.1/../../../../arm-none-eabi/lib/thumb/v6-m/libc_nano.a(lib_a-nano-freer.o)
 .debug_frame   0x00000000000025b8       0x2c /home/chris/opt/STM32CubeIDE/st/stm32cubeide_1.2.0/plugins/com.st.stm32cube.ide.mcu.externaltools.gnu-tools-for-stm32.7-2018-q2-update.linux64_1.4.0.202007081208/tools/bin/../lib/gcc/arm-none-eabi/7.3.1/../../../../arm-none-eabi/lib/thumb/v6-m/libc_nano.a(lib_a-nano-mallocr.o)
 .debug_frame   0x00000000000025e4       0x30 /home/chris/opt/STM32CubeIDE/st/stm32cubeide_1.2.0/plugins/com.st.stm32cube.ide.mcu.externaltools.gnu-tools-for-stm32.7-2018-q2-update.linux64_1.4.0.202007081208/tools/bin/../lib/gcc/arm-none-eabi/7.3.1/../../../../arm-none-eabi/lib/thumb/v6-m/libc_nano.a(lib_a-nano-reallocr.o)
 .debug_frame   0x0000000000002614       0x2c /home/chris/opt/STM32CubeIDE/st/stm32cubeide_1.2.0/plugins/com.st.stm32cube.ide.mcu.externaltools.gnu-tools-for-stm32.7-2018-q2-update.linux64_1.4.0.202007081208/tools/bin/../lib/gcc/arm-none-eabi/7.3.1/../../../../arm-none-eabi/lib/thumb/v6-m/libc_nano.a(lib_a-sbrkr.o)
 .debug_frame   0x0000000000002640       0x30 /home/chris/opt/STM32CubeIDE/st/stm32cubeide_1.2.0/plugins/com.st.stm32cube.ide.mcu.externaltools.gnu-tools-for-stm32.7-2018-q2-update.linux64_1.4.0.202007081208/tools/bin/../lib/gcc/arm-none-eabi/7.3.1/../../../../arm-none-eabi/lib/thumb/v6-m/libc_nano.a(lib_a-mlock.o)
 .debug_frame   0x0000000000002670       0x20 /home/chris/opt/STM32CubeIDE/st/stm32cubeide_1.2.0/plugins/com.st.stm32cube.ide.mcu.externaltools.gnu-tools-for-stm32.7-2018-q2-update.linux64_1.4.0.202007081208/tools/bin/../lib/gcc/arm-none-eabi/7.3.1/../../../../arm-none-eabi/lib/thumb/v6-m/libc_nano.a(lib_a-nano-msizer.o)
 .debug_frame   0x0000000000002690       0x48 /home/chris/opt/STM32CubeIDE/st/stm32cubeide_1.2.0/plugins/com.st.stm32cube.ide.mcu.externaltools.gnu-tools-for-stm32.7-2018-q2-update.linux64_1.4.0.202007081208/tools/bin/../lib/gcc/arm-none-eabi/7.3.1/../../../../arm-none-eabi/lib/thumb/v6-m/libc_nano.a(lib_a-reent.o)
 .debug_frame   0x00000000000026d8       0x20 /home/chris/opt/STM32CubeIDE/st/stm32cubeide_1.2.0/plugins/com.st.stm32cube.ide.mcu.externaltools.gnu-tools-for-stm32.7-2018-q2-update.linux64_1.4.0.202007081208/tools/bin/../lib/gcc/arm-none-eabi/7.3.1/thumb/v6-m/libgcc.a(_udivsi3.o)
 .debug_frame   0x00000000000026f8       0x2c /home/chris/opt/STM32CubeIDE/st/stm32cubeide_1.2.0/plugins/com.st.stm32cube.ide.mcu.externaltools.gnu-tools-for-stm32.7-2018-q2-update.linux64_1.4.0.202007081208/tools/bin/../lib/gcc/arm-none-eabi/7.3.1/thumb/v6-m/libgcc.a(floatsisf.o)
 .debug_frame   0x0000000000002724       0x3c /home/chris/opt/STM32CubeIDE/st/stm32cubeide_1.2.0/plugins/com.st.stm32cube.ide.mcu.externaltools.gnu-tools-for-stm32.7-2018-q2-update.linux64_1.4.0.202007081208/tools/bin/../lib/gcc/arm-none-eabi/7.3.1/thumb/v6-m/libgcc.a(divdf3.o)
 .debug_frame   0x0000000000002760       0x2c /home/chris/opt/STM32CubeIDE/st/stm32cubeide_1.2.0/plugins/com.st.stm32cube.ide.mcu.externaltools.gnu-tools-for-stm32.7-2018-q2-update.linux64_1.4.0.202007081208/tools/bin/../lib/gcc/arm-none-eabi/7.3.1/thumb/v6-m/libgcc.a(fixdfsi.o)
 .debug_frame   0x000000000000278c       0x28 /home/chris/opt/STM32CubeIDE/st/stm32cubeide_1.2.0/plugins/com.st.stm32cube.ide.mcu.externaltools.gnu-tools-for-stm32.7-2018-q2-update.linux64_1.4.0.202007081208/tools/bin/../lib/gcc/arm-none-eabi/7.3.1/thumb/v6-m/libgcc.a(floatunsidf.o)
 .debug_frame   0x00000000000027b4       0x2c /home/chris/opt/STM32CubeIDE/st/stm32cubeide_1.2.0/plugins/com.st.stm32cube.ide.mcu.externaltools.gnu-tools-for-stm32.7-2018-q2-update.linux64_1.4.0.202007081208/tools/bin/../lib/gcc/arm-none-eabi/7.3.1/thumb/v6-m/libgcc.a(extendsfdf2.o)
