17:57:59 **** Incremental Build of configuration Debug for project F051_Test ****
make -j4 all 
arm-none-eabi-gcc "/home/chris/Projects/Embedded/stm32-ssd1306/ssd1306/ssd1306_tests.c" -mcpu=cortex-m0 -std=gnu11 -g3 -DUSE_HAL_DRIVER -DSSD1306_USE_I2C -DSTM32F051x8 -DDEBUG -c -I../Core/Inc -I../Drivers/STM32F0xx_HAL_Driver/Inc -I../Drivers/STM32F0xx_HAL_Driver/Inc/Legacy -I../Drivers/CMSIS/Device/ST/STM32F0xx/Include -I../Drivers/CMSIS/Include -I"/home/chris/Projects/Embedded/stm32-ssd1306/ssd1306" -I"/home/chris/Projects/Embedded/FT232_USART_Test/UserApp" -O0 -ffunction-sections -fdata-sections -Wall -fstack-usage -MMD -MP -MF"ssd1306/ssd1306_tests.d" -MT"ssd1306/ssd1306_tests.o" --specs=nano.specs -mfloat-abi=soft -mthumb -o "ssd1306/ssd1306_tests.o"
arm-none-eabi-gcc -o "F051_Test.elf" @"objects.list"   -mcpu=cortex-m0 -T"/home/chris/Projects/Embedded/FT232_USART_Test/F051_Test/STM32F051K8TX_FLASH.ld" --specs=nosys.specs -Wl,-Map="F051_Test.map" -Wl,--gc-sections -static --specs=nano.specs -mfloat-abi=soft -mthumb -Wl,--start-group -lc -lm -Wl,--end-group
Finished building target: F051_Test.elf
 
arm-none-eabi-objdump -h -S  F051_Test.elf  > "F051_Test.list"
arm-none-eabi-objcopy  -O binary  F051_Test.elf  "F051_Test.bin"
arm-none-eabi-size   F051_Test.elf 
   text	   data	    bss	    dec	    hex	filename
  30132	    204	   2892	  33228	   81cc	F051_Test.elf
Finished building: default.size.stdout
Finished building: F051_Test.bin
 
 
Finished building: F051_Test.list
 

17:58:00 Build Finished. 0 errors, 0 warnings. (took 794ms)

