16:40:32 **** Clean-only build of configuration Debug for project F051_Test ****
make -j4 clean 
rm -rf *
 
16:40:32 **** Incremental Build of configuration Debug for project F051_Test ****
make -j4 all 
arm-none-eabi-gcc "/home/chris/Projects/Embedded/stm32-ssd1306/ssd1306/ssd1306.c" -mcpu=cortex-m0 -std=gnu11 -g3 -DUSE_HAL_DRIVER -DSSD1306_USE_I2C -DSTM32F051x8 -DDEBUG -c -I../Core/Inc -I../Drivers/STM32F0xx_HAL_Driver/Inc -I../Drivers/STM32F0xx_HAL_Driver/Inc/Legacy -I../Drivers/CMSIS/Device/ST/STM32F0xx/Include -I../Drivers/CMSIS/Include -I"/home/chris/Projects/Embedded/stm32-ssd1306/ssd1306" -I"/home/chris/Projects/Embedded/FT232_USART_Test/UserApp" -O0 -ffunction-sections -fdata-sections -Wall -fstack-usage -MMD -MP -MF"ssd1306/ssd1306.d" -MT"ssd1306/ssd1306.o" --specs=nano.specs -mfloat-abi=soft -mthumb -o "ssd1306/ssd1306.o"
arm-none-eabi-gcc "/home/chris/Projects/Embedded/stm32-ssd1306/ssd1306/ssd1306_fonts.c" -mcpu=cortex-m0 -std=gnu11 -g3 -DUSE_HAL_DRIVER -DSSD1306_USE_I2C -DSTM32F051x8 -DDEBUG -c -I../Core/Inc -I../Drivers/STM32F0xx_HAL_Driver/Inc -I../Drivers/STM32F0xx_HAL_Driver/Inc/Legacy -I../Drivers/CMSIS/Device/ST/STM32F0xx/Include -I../Drivers/CMSIS/Include -I"/home/chris/Projects/Embedded/stm32-ssd1306/ssd1306" -I"/home/chris/Projects/Embedded/FT232_USART_Test/UserApp" -O0 -ffunction-sections -fdata-sections -Wall -fstack-usage -MMD -MP -MF"ssd1306/ssd1306_fonts.d" -MT"ssd1306/ssd1306_fonts.o" --specs=nano.specs -mfloat-abi=soft -mthumb -o "ssd1306/ssd1306_fonts.o"
arm-none-eabi-gcc "/home/chris/Projects/Embedded/stm32-ssd1306/ssd1306/ssd1306_tests.c" -mcpu=cortex-m0 -std=gnu11 -g3 -DUSE_HAL_DRIVER -DSSD1306_USE_I2C -DSTM32F051x8 -DDEBUG -c -I../Core/Inc -I../Drivers/STM32F0xx_HAL_Driver/Inc -I../Drivers/STM32F0xx_HAL_Driver/Inc/Legacy -I../Drivers/CMSIS/Device/ST/STM32F0xx/Include -I../Drivers/CMSIS/Include -I"/home/chris/Projects/Embedded/stm32-ssd1306/ssd1306" -I"/home/chris/Projects/Embedded/FT232_USART_Test/UserApp" -O0 -ffunction-sections -fdata-sections -Wall -fstack-usage -MMD -MP -MF"ssd1306/ssd1306_tests.d" -MT"ssd1306/ssd1306_tests.o" --specs=nano.specs -mfloat-abi=soft -mthumb -o "ssd1306/ssd1306_tests.o"
arm-none-eabi-gcc "/home/chris/Projects/Embedded/FT232_USART_Test/UserApp/user_app.c" -mcpu=cortex-m0 -std=gnu11 -g3 -DUSE_HAL_DRIVER -DSSD1306_USE_I2C -DSTM32F051x8 -DDEBUG -c -I../Core/Inc -I../Drivers/STM32F0xx_HAL_Driver/Inc -I../Drivers/STM32F0xx_HAL_Driver/Inc/Legacy -I../Drivers/CMSIS/Device/ST/STM32F0xx/Include -I../Drivers/CMSIS/Include -I"/home/chris/Projects/Embedded/stm32-ssd1306/ssd1306" -I"/home/chris/Projects/Embedded/FT232_USART_Test/UserApp" -O0 -ffunction-sections -fdata-sections -Wall -fstack-usage -MMD -MP -MF"UserApp/user_app.d" -MT"UserApp/user_app.o" --specs=nano.specs -mfloat-abi=soft -mthumb -o "UserApp/user_app.o"
arm-none-eabi-gcc "../Drivers/STM32F0xx_HAL_Driver/Src/stm32f0xx_hal.c" -mcpu=cortex-m0 -std=gnu11 -g3 -DUSE_HAL_DRIVER -DSSD1306_USE_I2C -DSTM32F051x8 -DDEBUG -c -I../Core/Inc -I../Drivers/STM32F0xx_HAL_Driver/Inc -I../Drivers/STM32F0xx_HAL_Driver/Inc/Legacy -I../Drivers/CMSIS/Device/ST/STM32F0xx/Include -I../Drivers/CMSIS/Include -I"/home/chris/Projects/Embedded/stm32-ssd1306/ssd1306" -I"/home/chris/Projects/Embedded/FT232_USART_Test/UserApp" -O0 -ffunction-sections -fdata-sections -Wall -fstack-usage -MMD -MP -MF"Drivers/STM32F0xx_HAL_Driver/Src/stm32f0xx_hal.d" -MT"Drivers/STM32F0xx_HAL_Driver/Src/stm32f0xx_hal.o" --specs=nano.specs -mfloat-abi=soft -mthumb -o "Drivers/STM32F0xx_HAL_Driver/Src/stm32f0xx_hal.o"
arm-none-eabi-gcc "../Drivers/STM32F0xx_HAL_Driver/Src/stm32f0xx_hal_cortex.c" -mcpu=cortex-m0 -std=gnu11 -g3 -DUSE_HAL_DRIVER -DSSD1306_USE_I2C -DSTM32F051x8 -DDEBUG -c -I../Core/Inc -I../Drivers/STM32F0xx_HAL_Driver/Inc -I../Drivers/STM32F0xx_HAL_Driver/Inc/Legacy -I../Drivers/CMSIS/Device/ST/STM32F0xx/Include -I../Drivers/CMSIS/Include -I"/home/chris/Projects/Embedded/stm32-ssd1306/ssd1306" -I"/home/chris/Projects/Embedded/FT232_USART_Test/UserApp" -O0 -ffunction-sections -fdata-sections -Wall -fstack-usage -MMD -MP -MF"Drivers/STM32F0xx_HAL_Driver/Src/stm32f0xx_hal_cortex.d" -MT"Drivers/STM32F0xx_HAL_Driver/Src/stm32f0xx_hal_cortex.o" --specs=nano.specs -mfloat-abi=soft -mthumb -o "Drivers/STM32F0xx_HAL_Driver/Src/stm32f0xx_hal_cortex.o"
arm-none-eabi-gcc "../Drivers/STM32F0xx_HAL_Driver/Src/stm32f0xx_hal_dma.c" -mcpu=cortex-m0 -std=gnu11 -g3 -DUSE_HAL_DRIVER -DSSD1306_USE_I2C -DSTM32F051x8 -DDEBUG -c -I../Core/Inc -I../Drivers/STM32F0xx_HAL_Driver/Inc -I../Drivers/STM32F0xx_HAL_Driver/Inc/Legacy -I../Drivers/CMSIS/Device/ST/STM32F0xx/Include -I../Drivers/CMSIS/Include -I"/home/chris/Projects/Embedded/stm32-ssd1306/ssd1306" -I"/home/chris/Projects/Embedded/FT232_USART_Test/UserApp" -O0 -ffunction-sections -fdata-sections -Wall -fstack-usage -MMD -MP -MF"Drivers/STM32F0xx_HAL_Driver/Src/stm32f0xx_hal_dma.d" -MT"Drivers/STM32F0xx_HAL_Driver/Src/stm32f0xx_hal_dma.o" --specs=nano.specs -mfloat-abi=soft -mthumb -o "Drivers/STM32F0xx_HAL_Driver/Src/stm32f0xx_hal_dma.o"
arm-none-eabi-gcc "../Drivers/STM32F0xx_HAL_Driver/Src/stm32f0xx_hal_exti.c" -mcpu=cortex-m0 -std=gnu11 -g3 -DUSE_HAL_DRIVER -DSSD1306_USE_I2C -DSTM32F051x8 -DDEBUG -c -I../Core/Inc -I../Drivers/STM32F0xx_HAL_Driver/Inc -I../Drivers/STM32F0xx_HAL_Driver/Inc/Legacy -I../Drivers/CMSIS/Device/ST/STM32F0xx/Include -I../Drivers/CMSIS/Include -I"/home/chris/Projects/Embedded/stm32-ssd1306/ssd1306" -I"/home/chris/Projects/Embedded/FT232_USART_Test/UserApp" -O0 -ffunction-sections -fdata-sections -Wall -fstack-usage -MMD -MP -MF"Drivers/STM32F0xx_HAL_Driver/Src/stm32f0xx_hal_exti.d" -MT"Drivers/STM32F0xx_HAL_Driver/Src/stm32f0xx_hal_exti.o" --specs=nano.specs -mfloat-abi=soft -mthumb -o "Drivers/STM32F0xx_HAL_Driver/Src/stm32f0xx_hal_exti.o"
arm-none-eabi-gcc "../Drivers/STM32F0xx_HAL_Driver/Src/stm32f0xx_hal_flash.c" -mcpu=cortex-m0 -std=gnu11 -g3 -DUSE_HAL_DRIVER -DSSD1306_USE_I2C -DSTM32F051x8 -DDEBUG -c -I../Core/Inc -I../Drivers/STM32F0xx_HAL_Driver/Inc -I../Drivers/STM32F0xx_HAL_Driver/Inc/Legacy -I../Drivers/CMSIS/Device/ST/STM32F0xx/Include -I../Drivers/CMSIS/Include -I"/home/chris/Projects/Embedded/stm32-ssd1306/ssd1306" -I"/home/chris/Projects/Embedded/FT232_USART_Test/UserApp" -O0 -ffunction-sections -fdata-sections -Wall -fstack-usage -MMD -MP -MF"Drivers/STM32F0xx_HAL_Driver/Src/stm32f0xx_hal_flash.d" -MT"Drivers/STM32F0xx_HAL_Driver/Src/stm32f0xx_hal_flash.o" --specs=nano.specs -mfloat-abi=soft -mthumb -o "Drivers/STM32F0xx_HAL_Driver/Src/stm32f0xx_hal_flash.o"
arm-none-eabi-gcc "../Drivers/STM32F0xx_HAL_Driver/Src/stm32f0xx_hal_flash_ex.c" -mcpu=cortex-m0 -std=gnu11 -g3 -DUSE_HAL_DRIVER -DSSD1306_USE_I2C -DSTM32F051x8 -DDEBUG -c -I../Core/Inc -I../Drivers/STM32F0xx_HAL_Driver/Inc -I../Drivers/STM32F0xx_HAL_Driver/Inc/Legacy -I../Drivers/CMSIS/Device/ST/STM32F0xx/Include -I../Drivers/CMSIS/Include -I"/home/chris/Projects/Embedded/stm32-ssd1306/ssd1306" -I"/home/chris/Projects/Embedded/FT232_USART_Test/UserApp" -O0 -ffunction-sections -fdata-sections -Wall -fstack-usage -MMD -MP -MF"Drivers/STM32F0xx_HAL_Driver/Src/stm32f0xx_hal_flash_ex.d" -MT"Drivers/STM32F0xx_HAL_Driver/Src/stm32f0xx_hal_flash_ex.o" --specs=nano.specs -mfloat-abi=soft -mthumb -o "Drivers/STM32F0xx_HAL_Driver/Src/stm32f0xx_hal_flash_ex.o"
arm-none-eabi-gcc "../Drivers/STM32F0xx_HAL_Driver/Src/stm32f0xx_hal_gpio.c" -mcpu=cortex-m0 -std=gnu11 -g3 -DUSE_HAL_DRIVER -DSSD1306_USE_I2C -DSTM32F051x8 -DDEBUG -c -I../Core/Inc -I../Drivers/STM32F0xx_HAL_Driver/Inc -I../Drivers/STM32F0xx_HAL_Driver/Inc/Legacy -I../Drivers/CMSIS/Device/ST/STM32F0xx/Include -I../Drivers/CMSIS/Include -I"/home/chris/Projects/Embedded/stm32-ssd1306/ssd1306" -I"/home/chris/Projects/Embedded/FT232_USART_Test/UserApp" -O0 -ffunction-sections -fdata-sections -Wall -fstack-usage -MMD -MP -MF"Drivers/STM32F0xx_HAL_Driver/Src/stm32f0xx_hal_gpio.d" -MT"Drivers/STM32F0xx_HAL_Driver/Src/stm32f0xx_hal_gpio.o" --specs=nano.specs -mfloat-abi=soft -mthumb -o "Drivers/STM32F0xx_HAL_Driver/Src/stm32f0xx_hal_gpio.o"
arm-none-eabi-gcc "../Drivers/STM32F0xx_HAL_Driver/Src/stm32f0xx_hal_i2c.c" -mcpu=cortex-m0 -std=gnu11 -g3 -DUSE_HAL_DRIVER -DSSD1306_USE_I2C -DSTM32F051x8 -DDEBUG -c -I../Core/Inc -I../Drivers/STM32F0xx_HAL_Driver/Inc -I../Drivers/STM32F0xx_HAL_Driver/Inc/Legacy -I../Drivers/CMSIS/Device/ST/STM32F0xx/Include -I../Drivers/CMSIS/Include -I"/home/chris/Projects/Embedded/stm32-ssd1306/ssd1306" -I"/home/chris/Projects/Embedded/FT232_USART_Test/UserApp" -O0 -ffunction-sections -fdata-sections -Wall -fstack-usage -MMD -MP -MF"Drivers/STM32F0xx_HAL_Driver/Src/stm32f0xx_hal_i2c.d" -MT"Drivers/STM32F0xx_HAL_Driver/Src/stm32f0xx_hal_i2c.o" --specs=nano.specs -mfloat-abi=soft -mthumb -o "Drivers/STM32F0xx_HAL_Driver/Src/stm32f0xx_hal_i2c.o"
arm-none-eabi-gcc "../Drivers/STM32F0xx_HAL_Driver/Src/stm32f0xx_hal_i2c_ex.c" -mcpu=cortex-m0 -std=gnu11 -g3 -DUSE_HAL_DRIVER -DSSD1306_USE_I2C -DSTM32F051x8 -DDEBUG -c -I../Core/Inc -I../Drivers/STM32F0xx_HAL_Driver/Inc -I../Drivers/STM32F0xx_HAL_Driver/Inc/Legacy -I../Drivers/CMSIS/Device/ST/STM32F0xx/Include -I../Drivers/CMSIS/Include -I"/home/chris/Projects/Embedded/stm32-ssd1306/ssd1306" -I"/home/chris/Projects/Embedded/FT232_USART_Test/UserApp" -O0 -ffunction-sections -fdata-sections -Wall -fstack-usage -MMD -MP -MF"Drivers/STM32F0xx_HAL_Driver/Src/stm32f0xx_hal_i2c_ex.d" -MT"Drivers/STM32F0xx_HAL_Driver/Src/stm32f0xx_hal_i2c_ex.o" --specs=nano.specs -mfloat-abi=soft -mthumb -o "Drivers/STM32F0xx_HAL_Driver/Src/stm32f0xx_hal_i2c_ex.o"
arm-none-eabi-gcc "../Drivers/STM32F0xx_HAL_Driver/Src/stm32f0xx_hal_pwr.c" -mcpu=cortex-m0 -std=gnu11 -g3 -DUSE_HAL_DRIVER -DSSD1306_USE_I2C -DSTM32F051x8 -DDEBUG -c -I../Core/Inc -I../Drivers/STM32F0xx_HAL_Driver/Inc -I../Drivers/STM32F0xx_HAL_Driver/Inc/Legacy -I../Drivers/CMSIS/Device/ST/STM32F0xx/Include -I../Drivers/CMSIS/Include -I"/home/chris/Projects/Embedded/stm32-ssd1306/ssd1306" -I"/home/chris/Projects/Embedded/FT232_USART_Test/UserApp" -O0 -ffunction-sections -fdata-sections -Wall -fstack-usage -MMD -MP -MF"Drivers/STM32F0xx_HAL_Driver/Src/stm32f0xx_hal_pwr.d" -MT"Drivers/STM32F0xx_HAL_Driver/Src/stm32f0xx_hal_pwr.o" --specs=nano.specs -mfloat-abi=soft -mthumb -o "Drivers/STM32F0xx_HAL_Driver/Src/stm32f0xx_hal_pwr.o"
arm-none-eabi-gcc "../Drivers/STM32F0xx_HAL_Driver/Src/stm32f0xx_hal_pwr_ex.c" -mcpu=cortex-m0 -std=gnu11 -g3 -DUSE_HAL_DRIVER -DSSD1306_USE_I2C -DSTM32F051x8 -DDEBUG -c -I../Core/Inc -I../Drivers/STM32F0xx_HAL_Driver/Inc -I../Drivers/STM32F0xx_HAL_Driver/Inc/Legacy -I../Drivers/CMSIS/Device/ST/STM32F0xx/Include -I../Drivers/CMSIS/Include -I"/home/chris/Projects/Embedded/stm32-ssd1306/ssd1306" -I"/home/chris/Projects/Embedded/FT232_USART_Test/UserApp" -O0 -ffunction-sections -fdata-sections -Wall -fstack-usage -MMD -MP -MF"Drivers/STM32F0xx_HAL_Driver/Src/stm32f0xx_hal_pwr_ex.d" -MT"Drivers/STM32F0xx_HAL_Driver/Src/stm32f0xx_hal_pwr_ex.o" --specs=nano.specs -mfloat-abi=soft -mthumb -o "Drivers/STM32F0xx_HAL_Driver/Src/stm32f0xx_hal_pwr_ex.o"
arm-none-eabi-gcc "../Drivers/STM32F0xx_HAL_Driver/Src/stm32f0xx_hal_rcc.c" -mcpu=cortex-m0 -std=gnu11 -g3 -DUSE_HAL_DRIVER -DSSD1306_USE_I2C -DSTM32F051x8 -DDEBUG -c -I../Core/Inc -I../Drivers/STM32F0xx_HAL_Driver/Inc -I../Drivers/STM32F0xx_HAL_Driver/Inc/Legacy -I../Drivers/CMSIS/Device/ST/STM32F0xx/Include -I../Drivers/CMSIS/Include -I"/home/chris/Projects/Embedded/stm32-ssd1306/ssd1306" -I"/home/chris/Projects/Embedded/FT232_USART_Test/UserApp" -O0 -ffunction-sections -fdata-sections -Wall -fstack-usage -MMD -MP -MF"Drivers/STM32F0xx_HAL_Driver/Src/stm32f0xx_hal_rcc.d" -MT"Drivers/STM32F0xx_HAL_Driver/Src/stm32f0xx_hal_rcc.o" --specs=nano.specs -mfloat-abi=soft -mthumb -o "Drivers/STM32F0xx_HAL_Driver/Src/stm32f0xx_hal_rcc.o"
arm-none-eabi-gcc "../Drivers/STM32F0xx_HAL_Driver/Src/stm32f0xx_hal_rcc_ex.c" -mcpu=cortex-m0 -std=gnu11 -g3 -DUSE_HAL_DRIVER -DSSD1306_USE_I2C -DSTM32F051x8 -DDEBUG -c -I../Core/Inc -I../Drivers/STM32F0xx_HAL_Driver/Inc -I../Drivers/STM32F0xx_HAL_Driver/Inc/Legacy -I../Drivers/CMSIS/Device/ST/STM32F0xx/Include -I../Drivers/CMSIS/Include -I"/home/chris/Projects/Embedded/stm32-ssd1306/ssd1306" -I"/home/chris/Projects/Embedded/FT232_USART_Test/UserApp" -O0 -ffunction-sections -fdata-sections -Wall -fstack-usage -MMD -MP -MF"Drivers/STM32F0xx_HAL_Driver/Src/stm32f0xx_hal_rcc_ex.d" -MT"Drivers/STM32F0xx_HAL_Driver/Src/stm32f0xx_hal_rcc_ex.o" --specs=nano.specs -mfloat-abi=soft -mthumb -o "Drivers/STM32F0xx_HAL_Driver/Src/stm32f0xx_hal_rcc_ex.o"
arm-none-eabi-gcc "../Drivers/STM32F0xx_HAL_Driver/Src/stm32f0xx_hal_tim.c" -mcpu=cortex-m0 -std=gnu11 -g3 -DUSE_HAL_DRIVER -DSSD1306_USE_I2C -DSTM32F051x8 -DDEBUG -c -I../Core/Inc -I../Drivers/STM32F0xx_HAL_Driver/Inc -I../Drivers/STM32F0xx_HAL_Driver/Inc/Legacy -I../Drivers/CMSIS/Device/ST/STM32F0xx/Include -I../Drivers/CMSIS/Include -I"/home/chris/Projects/Embedded/stm32-ssd1306/ssd1306" -I"/home/chris/Projects/Embedded/FT232_USART_Test/UserApp" -O0 -ffunction-sections -fdata-sections -Wall -fstack-usage -MMD -MP -MF"Drivers/STM32F0xx_HAL_Driver/Src/stm32f0xx_hal_tim.d" -MT"Drivers/STM32F0xx_HAL_Driver/Src/stm32f0xx_hal_tim.o" --specs=nano.specs -mfloat-abi=soft -mthumb -o "Drivers/STM32F0xx_HAL_Driver/Src/stm32f0xx_hal_tim.o"
arm-none-eabi-gcc "../Drivers/STM32F0xx_HAL_Driver/Src/stm32f0xx_hal_tim_ex.c" -mcpu=cortex-m0 -std=gnu11 -g3 -DUSE_HAL_DRIVER -DSSD1306_USE_I2C -DSTM32F051x8 -DDEBUG -c -I../Core/Inc -I../Drivers/STM32F0xx_HAL_Driver/Inc -I../Drivers/STM32F0xx_HAL_Driver/Inc/Legacy -I../Drivers/CMSIS/Device/ST/STM32F0xx/Include -I../Drivers/CMSIS/Include -I"/home/chris/Projects/Embedded/stm32-ssd1306/ssd1306" -I"/home/chris/Projects/Embedded/FT232_USART_Test/UserApp" -O0 -ffunction-sections -fdata-sections -Wall -fstack-usage -MMD -MP -MF"Drivers/STM32F0xx_HAL_Driver/Src/stm32f0xx_hal_tim_ex.d" -MT"Drivers/STM32F0xx_HAL_Driver/Src/stm32f0xx_hal_tim_ex.o" --specs=nano.specs -mfloat-abi=soft -mthumb -o "Drivers/STM32F0xx_HAL_Driver/Src/stm32f0xx_hal_tim_ex.o"
arm-none-eabi-gcc "../Drivers/STM32F0xx_HAL_Driver/Src/stm32f0xx_hal_uart.c" -mcpu=cortex-m0 -std=gnu11 -g3 -DUSE_HAL_DRIVER -DSSD1306_USE_I2C -DSTM32F051x8 -DDEBUG -c -I../Core/Inc -I../Drivers/STM32F0xx_HAL_Driver/Inc -I../Drivers/STM32F0xx_HAL_Driver/Inc/Legacy -I../Drivers/CMSIS/Device/ST/STM32F0xx/Include -I../Drivers/CMSIS/Include -I"/home/chris/Projects/Embedded/stm32-ssd1306/ssd1306" -I"/home/chris/Projects/Embedded/FT232_USART_Test/UserApp" -O0 -ffunction-sections -fdata-sections -Wall -fstack-usage -MMD -MP -MF"Drivers/STM32F0xx_HAL_Driver/Src/stm32f0xx_hal_uart.d" -MT"Drivers/STM32F0xx_HAL_Driver/Src/stm32f0xx_hal_uart.o" --specs=nano.specs -mfloat-abi=soft -mthumb -o "Drivers/STM32F0xx_HAL_Driver/Src/stm32f0xx_hal_uart.o"
arm-none-eabi-gcc "../Drivers/STM32F0xx_HAL_Driver/Src/stm32f0xx_hal_uart_ex.c" -mcpu=cortex-m0 -std=gnu11 -g3 -DUSE_HAL_DRIVER -DSSD1306_USE_I2C -DSTM32F051x8 -DDEBUG -c -I../Core/Inc -I../Drivers/STM32F0xx_HAL_Driver/Inc -I../Drivers/STM32F0xx_HAL_Driver/Inc/Legacy -I../Drivers/CMSIS/Device/ST/STM32F0xx/Include -I../Drivers/CMSIS/Include -I"/home/chris/Projects/Embedded/stm32-ssd1306/ssd1306" -I"/home/chris/Projects/Embedded/FT232_USART_Test/UserApp" -O0 -ffunction-sections -fdata-sections -Wall -fstack-usage -MMD -MP -MF"Drivers/STM32F0xx_HAL_Driver/Src/stm32f0xx_hal_uart_ex.d" -MT"Drivers/STM32F0xx_HAL_Driver/Src/stm32f0xx_hal_uart_ex.o" --specs=nano.specs -mfloat-abi=soft -mthumb -o "Drivers/STM32F0xx_HAL_Driver/Src/stm32f0xx_hal_uart_ex.o"
arm-none-eabi-gcc -mcpu=cortex-m0 -g3 -c -x assembler-with-cpp -MMD -MP -MF"Core/Startup/startup_stm32f051k8tx.d" -MT"Core/Startup/startup_stm32f051k8tx.o" --specs=nano.specs -mfloat-abi=soft -mthumb -o "Core/Startup/startup_stm32f051k8tx.o" "../Core/Startup/startup_stm32f051k8tx.s"
arm-none-eabi-gcc "../Core/Src/dma.c" -mcpu=cortex-m0 -std=gnu11 -g3 -DUSE_HAL_DRIVER -DSSD1306_USE_I2C -DSTM32F051x8 -DDEBUG -c -I../Core/Inc -I../Drivers/STM32F0xx_HAL_Driver/Inc -I../Drivers/STM32F0xx_HAL_Driver/Inc/Legacy -I../Drivers/CMSIS/Device/ST/STM32F0xx/Include -I../Drivers/CMSIS/Include -I"/home/chris/Projects/Embedded/stm32-ssd1306/ssd1306" -I"/home/chris/Projects/Embedded/FT232_USART_Test/UserApp" -O0 -ffunction-sections -fdata-sections -Wall -fstack-usage -MMD -MP -MF"Core/Src/dma.d" -MT"Core/Src/dma.o" --specs=nano.specs -mfloat-abi=soft -mthumb -o "Core/Src/dma.o"
arm-none-eabi-gcc "../Core/Src/gpio.c" -mcpu=cortex-m0 -std=gnu11 -g3 -DUSE_HAL_DRIVER -DSSD1306_USE_I2C -DSTM32F051x8 -DDEBUG -c -I../Core/Inc -I../Drivers/STM32F0xx_HAL_Driver/Inc -I../Drivers/STM32F0xx_HAL_Driver/Inc/Legacy -I../Drivers/CMSIS/Device/ST/STM32F0xx/Include -I../Drivers/CMSIS/Include -I"/home/chris/Projects/Embedded/stm32-ssd1306/ssd1306" -I"/home/chris/Projects/Embedded/FT232_USART_Test/UserApp" -O0 -ffunction-sections -fdata-sections -Wall -fstack-usage -MMD -MP -MF"Core/Src/gpio.d" -MT"Core/Src/gpio.o" --specs=nano.specs -mfloat-abi=soft -mthumb -o "Core/Src/gpio.o"
arm-none-eabi-gcc "../Core/Src/i2c.c" -mcpu=cortex-m0 -std=gnu11 -g3 -DUSE_HAL_DRIVER -DSSD1306_USE_I2C -DSTM32F051x8 -DDEBUG -c -I../Core/Inc -I../Drivers/STM32F0xx_HAL_Driver/Inc -I../Drivers/STM32F0xx_HAL_Driver/Inc/Legacy -I../Drivers/CMSIS/Device/ST/STM32F0xx/Include -I../Drivers/CMSIS/Include -I"/home/chris/Projects/Embedded/stm32-ssd1306/ssd1306" -I"/home/chris/Projects/Embedded/FT232_USART_Test/UserApp" -O0 -ffunction-sections -fdata-sections -Wall -fstack-usage -MMD -MP -MF"Core/Src/i2c.d" -MT"Core/Src/i2c.o" --specs=nano.specs -mfloat-abi=soft -mthumb -o "Core/Src/i2c.o"
arm-none-eabi-gcc "../Core/Src/main.c" -mcpu=cortex-m0 -std=gnu11 -g3 -DUSE_HAL_DRIVER -DSSD1306_USE_I2C -DSTM32F051x8 -DDEBUG -c -I../Core/Inc -I../Drivers/STM32F0xx_HAL_Driver/Inc -I../Drivers/STM32F0xx_HAL_Driver/Inc/Legacy -I../Drivers/CMSIS/Device/ST/STM32F0xx/Include -I../Drivers/CMSIS/Include -I"/home/chris/Projects/Embedded/stm32-ssd1306/ssd1306" -I"/home/chris/Projects/Embedded/FT232_USART_Test/UserApp" -O0 -ffunction-sections -fdata-sections -Wall -fstack-usage -MMD -MP -MF"Core/Src/main.d" -MT"Core/Src/main.o" --specs=nano.specs -mfloat-abi=soft -mthumb -o "Core/Src/main.o"
arm-none-eabi-gcc "../Core/Src/stm32f0xx_hal_msp.c" -mcpu=cortex-m0 -std=gnu11 -g3 -DUSE_HAL_DRIVER -DSSD1306_USE_I2C -DSTM32F051x8 -DDEBUG -c -I../Core/Inc -I../Drivers/STM32F0xx_HAL_Driver/Inc -I../Drivers/STM32F0xx_HAL_Driver/Inc/Legacy -I../Drivers/CMSIS/Device/ST/STM32F0xx/Include -I../Drivers/CMSIS/Include -I"/home/chris/Projects/Embedded/stm32-ssd1306/ssd1306" -I"/home/chris/Projects/Embedded/FT232_USART_Test/UserApp" -O0 -ffunction-sections -fdata-sections -Wall -fstack-usage -MMD -MP -MF"Core/Src/stm32f0xx_hal_msp.d" -MT"Core/Src/stm32f0xx_hal_msp.o" --specs=nano.specs -mfloat-abi=soft -mthumb -o "Core/Src/stm32f0xx_hal_msp.o"
arm-none-eabi-gcc "../Core/Src/stm32f0xx_it.c" -mcpu=cortex-m0 -std=gnu11 -g3 -DUSE_HAL_DRIVER -DSSD1306_USE_I2C -DSTM32F051x8 -DDEBUG -c -I../Core/Inc -I../Drivers/STM32F0xx_HAL_Driver/Inc -I../Drivers/STM32F0xx_HAL_Driver/Inc/Legacy -I../Drivers/CMSIS/Device/ST/STM32F0xx/Include -I../Drivers/CMSIS/Include -I"/home/chris/Projects/Embedded/stm32-ssd1306/ssd1306" -I"/home/chris/Projects/Embedded/FT232_USART_Test/UserApp" -O0 -ffunction-sections -fdata-sections -Wall -fstack-usage -MMD -MP -MF"Core/Src/stm32f0xx_it.d" -MT"Core/Src/stm32f0xx_it.o" --specs=nano.specs -mfloat-abi=soft -mthumb -o "Core/Src/stm32f0xx_it.o"
arm-none-eabi-gcc "../Core/Src/syscalls.c" -mcpu=cortex-m0 -std=gnu11 -g3 -DUSE_HAL_DRIVER -DSSD1306_USE_I2C -DSTM32F051x8 -DDEBUG -c -I../Core/Inc -I../Drivers/STM32F0xx_HAL_Driver/Inc -I../Drivers/STM32F0xx_HAL_Driver/Inc/Legacy -I../Drivers/CMSIS/Device/ST/STM32F0xx/Include -I../Drivers/CMSIS/Include -I"/home/chris/Projects/Embedded/stm32-ssd1306/ssd1306" -I"/home/chris/Projects/Embedded/FT232_USART_Test/UserApp" -O0 -ffunction-sections -fdata-sections -Wall -fstack-usage -MMD -MP -MF"Core/Src/syscalls.d" -MT"Core/Src/syscalls.o" --specs=nano.specs -mfloat-abi=soft -mthumb -o "Core/Src/syscalls.o"
arm-none-eabi-gcc "../Core/Src/sysmem.c" -mcpu=cortex-m0 -std=gnu11 -g3 -DUSE_HAL_DRIVER -DSSD1306_USE_I2C -DSTM32F051x8 -DDEBUG -c -I../Core/Inc -I../Drivers/STM32F0xx_HAL_Driver/Inc -I../Drivers/STM32F0xx_HAL_Driver/Inc/Legacy -I../Drivers/CMSIS/Device/ST/STM32F0xx/Include -I../Drivers/CMSIS/Include -I"/home/chris/Projects/Embedded/stm32-ssd1306/ssd1306" -I"/home/chris/Projects/Embedded/FT232_USART_Test/UserApp" -O0 -ffunction-sections -fdata-sections -Wall -fstack-usage -MMD -MP -MF"Core/Src/sysmem.d" -MT"Core/Src/sysmem.o" --specs=nano.specs -mfloat-abi=soft -mthumb -o "Core/Src/sysmem.o"
arm-none-eabi-gcc "../Core/Src/system_stm32f0xx.c" -mcpu=cortex-m0 -std=gnu11 -g3 -DUSE_HAL_DRIVER -DSSD1306_USE_I2C -DSTM32F051x8 -DDEBUG -c -I../Core/Inc -I../Drivers/STM32F0xx_HAL_Driver/Inc -I../Drivers/STM32F0xx_HAL_Driver/Inc/Legacy -I../Drivers/CMSIS/Device/ST/STM32F0xx/Include -I../Drivers/CMSIS/Include -I"/home/chris/Projects/Embedded/stm32-ssd1306/ssd1306" -I"/home/chris/Projects/Embedded/FT232_USART_Test/UserApp" -O0 -ffunction-sections -fdata-sections -Wall -fstack-usage -MMD -MP -MF"Core/Src/system_stm32f0xx.d" -MT"Core/Src/system_stm32f0xx.o" --specs=nano.specs -mfloat-abi=soft -mthumb -o "Core/Src/system_stm32f0xx.o"
arm-none-eabi-gcc "../Core/Src/usart.c" -mcpu=cortex-m0 -std=gnu11 -g3 -DUSE_HAL_DRIVER -DSSD1306_USE_I2C -DSTM32F051x8 -DDEBUG -c -I../Core/Inc -I../Drivers/STM32F0xx_HAL_Driver/Inc -I../Drivers/STM32F0xx_HAL_Driver/Inc/Legacy -I../Drivers/CMSIS/Device/ST/STM32F0xx/Include -I../Drivers/CMSIS/Include -I"/home/chris/Projects/Embedded/stm32-ssd1306/ssd1306" -I"/home/chris/Projects/Embedded/FT232_USART_Test/UserApp" -O0 -ffunction-sections -fdata-sections -Wall -fstack-usage -MMD -MP -MF"Core/Src/usart.d" -MT"Core/Src/usart.o" --specs=nano.specs -mfloat-abi=soft -mthumb -o "Core/Src/usart.o"
arm-none-eabi-gcc -o "F051_Test.elf" @"objects.list"   -mcpu=cortex-m0 -T"/home/chris/Projects/Embedded/FT232_USART_Test/F051_Test/STM32F051K8TX_FLASH.ld" --specs=nosys.specs -Wl,-Map="F051_Test.map" -Wl,--gc-sections -static --specs=nano.specs -mfloat-abi=soft -mthumb -Wl,--start-group -lc -lm -Wl,--end-group
Finished building target: F051_Test.elf
 
arm-none-eabi-size   F051_Test.elf 
arm-none-eabi-objdump -h -S  F051_Test.elf  > "F051_Test.list"
arm-none-eabi-objcopy  -O binary  F051_Test.elf  "F051_Test.bin"
   text	   data	    bss	    dec	    hex	filename
  30224	    144	   2896	  33264	   81f0	F051_Test.elf
Finished building: default.size.stdout
 
Finished building: F051_Test.bin
 
Finished building: F051_Test.list
 
16:53:16 **** Incremental Build of configuration Debug for project F051_Test ****
make -j4 all 
arm-none-eabi-gcc "/home/chris/Projects/Embedded/FT232_USART_Test/UserApp/user_app.c" -mcpu=cortex-m0 -std=gnu11 -g3 -DUSE_HAL_DRIVER -DSSD1306_USE_I2C -DSTM32F051x8 -DDEBUG -c -I../Core/Inc -I../Drivers/STM32F0xx_HAL_Driver/Inc -I../Drivers/STM32F0xx_HAL_Driver/Inc/Legacy -I../Drivers/CMSIS/Device/ST/STM32F0xx/Include -I../Drivers/CMSIS/Include -I"/home/chris/Projects/Embedded/stm32-ssd1306/ssd1306" -I"/home/chris/Projects/Embedded/FT232_USART_Test/UserApp" -O0 -ffunction-sections -fdata-sections -Wall -fstack-usage -MMD -MP -MF"UserApp/user_app.d" -MT"UserApp/user_app.o" --specs=nano.specs -mfloat-abi=soft -mthumb -o "UserApp/user_app.o"
arm-none-eabi-gcc -o "F051_Test.elf" @"objects.list"   -mcpu=cortex-m0 -T"/home/chris/Projects/Embedded/FT232_USART_Test/F051_Test/STM32F051K8TX_FLASH.ld" --specs=nosys.specs -Wl,-Map="F051_Test.map" -Wl,--gc-sections -static --specs=nano.specs -mfloat-abi=soft -mthumb -Wl,--start-group -lc -lm -Wl,--end-group
Finished building target: F051_Test.elf
 
arm-none-eabi-objdump -h -S  F051_Test.elf  > "F051_Test.list"
arm-none-eabi-objcopy  -O binary  F051_Test.elf  "F051_Test.bin"
arm-none-eabi-size   F051_Test.elf 
   text	   data	    bss	    dec	    hex	filename
  30220	    144	   2896	  33260	   81ec	F051_Test.elf
Finished building: default.size.stdout
Finished building: F051_Test.bin
 
 
Finished building: F051_Test.list
 
16:55:56 **** Incremental Build of configuration Debug for project F051_Test ****
make -j4 all 
arm-none-eabi-gcc "/home/chris/Projects/Embedded/FT232_USART_Test/UserApp/user_app.c" -mcpu=cortex-m0 -std=gnu11 -g3 -DUSE_HAL_DRIVER -DSSD1306_USE_I2C -DSTM32F051x8 -DDEBUG -c -I../Core/Inc -I../Drivers/STM32F0xx_HAL_Driver/Inc -I../Drivers/STM32F0xx_HAL_Driver/Inc/Legacy -I../Drivers/CMSIS/Device/ST/STM32F0xx/Include -I../Drivers/CMSIS/Include -I"/home/chris/Projects/Embedded/stm32-ssd1306/ssd1306" -I"/home/chris/Projects/Embedded/FT232_USART_Test/UserApp" -O0 -ffunction-sections -fdata-sections -Wall -fstack-usage -MMD -MP -MF"UserApp/user_app.d" -MT"UserApp/user_app.o" --specs=nano.specs -mfloat-abi=soft -mthumb -o "UserApp/user_app.o"
arm-none-eabi-gcc -o "F051_Test.elf" @"objects.list"   -mcpu=cortex-m0 -T"/home/chris/Projects/Embedded/FT232_USART_Test/F051_Test/STM32F051K8TX_FLASH.ld" --specs=nosys.specs -Wl,-Map="F051_Test.map" -Wl,--gc-sections -static --specs=nano.specs -mfloat-abi=soft -mthumb -Wl,--start-group -lc -lm -Wl,--end-group
Finished building target: F051_Test.elf
 
arm-none-eabi-objdump -h -S  F051_Test.elf  > "F051_Test.list"
arm-none-eabi-objcopy  -O binary  F051_Test.elf  "F051_Test.bin"
arm-none-eabi-size   F051_Test.elf 
   text	   data	    bss	    dec	    hex	filename
  30220	    144	   2896	  33260	   81ec	F051_Test.elf
Finished building: default.size.stdout
 
Finished building: F051_Test.bin
 
Finished building: F051_Test.list
 
17:01:20 **** Incremental Build of configuration Debug for project F051_Test ****
make -j4 all 
arm-none-eabi-gcc "/home/chris/Projects/Embedded/stm32-ssd1306/ssd1306/ssd1306_tests.c" -mcpu=cortex-m0 -std=gnu11 -g3 -DUSE_HAL_DRIVER -DSSD1306_USE_I2C -DSTM32F051x8 -DDEBUG -c -I../Core/Inc -I../Drivers/STM32F0xx_HAL_Driver/Inc -I../Drivers/STM32F0xx_HAL_Driver/Inc/Legacy -I../Drivers/CMSIS/Device/ST/STM32F0xx/Include -I../Drivers/CMSIS/Include -I"/home/chris/Projects/Embedded/stm32-ssd1306/ssd1306" -I"/home/chris/Projects/Embedded/FT232_USART_Test/UserApp" -O0 -ffunction-sections -fdata-sections -Wall -fstack-usage -MMD -MP -MF"ssd1306/ssd1306_tests.d" -MT"ssd1306/ssd1306_tests.o" --specs=nano.specs -mfloat-abi=soft -mthumb -o "ssd1306/ssd1306_tests.o"
arm-none-eabi-gcc "/home/chris/Projects/Embedded/FT232_USART_Test/UserApp/user_app.c" -mcpu=cortex-m0 -std=gnu11 -g3 -DUSE_HAL_DRIVER -DSSD1306_USE_I2C -DSTM32F051x8 -DDEBUG -c -I../Core/Inc -I../Drivers/STM32F0xx_HAL_Driver/Inc -I../Drivers/STM32F0xx_HAL_Driver/Inc/Legacy -I../Drivers/CMSIS/Device/ST/STM32F0xx/Include -I../Drivers/CMSIS/Include -I"/home/chris/Projects/Embedded/stm32-ssd1306/ssd1306" -I"/home/chris/Projects/Embedded/FT232_USART_Test/UserApp" -O0 -ffunction-sections -fdata-sections -Wall -fstack-usage -MMD -MP -MF"UserApp/user_app.d" -MT"UserApp/user_app.o" --specs=nano.specs -mfloat-abi=soft -mthumb -o "UserApp/user_app.o"
arm-none-eabi-gcc -o "F051_Test.elf" @"objects.list"   -mcpu=cortex-m0 -T"/home/chris/Projects/Embedded/FT232_USART_Test/F051_Test/STM32F051K8TX_FLASH.ld" --specs=nosys.specs -Wl,-Map="F051_Test.map" -Wl,--gc-sections -static --specs=nano.specs -mfloat-abi=soft -mthumb -Wl,--start-group -lc -lm -Wl,--end-group
Finished building target: F051_Test.elf
 
arm-none-eabi-objdump -h -S  F051_Test.elf  > "F051_Test.list"
arm-none-eabi-objcopy  -O binary  F051_Test.elf  "F051_Test.bin"
arm-none-eabi-size   F051_Test.elf 
   text	   data	    bss	    dec	    hex	filename
  30264	    144	   2896	  33304	   8218	F051_Test.elf
Finished building: F051_Test.bin
Finished building: default.size.stdout
 
 
Finished building: F051_Test.list
 
17:02:59 **** Incremental Build of configuration Debug for project F051_Test ****
make -j4 all 
arm-none-eabi-gcc "/home/chris/Projects/Embedded/stm32-ssd1306/ssd1306/ssd1306_tests.c" -mcpu=cortex-m0 -std=gnu11 -g3 -DUSE_HAL_DRIVER -DSSD1306_USE_I2C -DSTM32F051x8 -DDEBUG -c -I../Core/Inc -I../Drivers/STM32F0xx_HAL_Driver/Inc -I../Drivers/STM32F0xx_HAL_Driver/Inc/Legacy -I../Drivers/CMSIS/Device/ST/STM32F0xx/Include -I../Drivers/CMSIS/Include -I"/home/chris/Projects/Embedded/stm32-ssd1306/ssd1306" -I"/home/chris/Projects/Embedded/FT232_USART_Test/UserApp" -O0 -ffunction-sections -fdata-sections -Wall -fstack-usage -MMD -MP -MF"ssd1306/ssd1306_tests.d" -MT"ssd1306/ssd1306_tests.o" --specs=nano.specs -mfloat-abi=soft -mthumb -o "ssd1306/ssd1306_tests.o"
arm-none-eabi-gcc -o "F051_Test.elf" @"objects.list"   -mcpu=cortex-m0 -T"/home/chris/Projects/Embedded/FT232_USART_Test/F051_Test/STM32F051K8TX_FLASH.ld" --specs=nosys.specs -Wl,-Map="F051_Test.map" -Wl,--gc-sections -static --specs=nano.specs -mfloat-abi=soft -mthumb -Wl,--start-group -lc -lm -Wl,--end-group
Finished building target: F051_Test.elf
 
arm-none-eabi-objdump -h -S  F051_Test.elf  > "F051_Test.list"
arm-none-eabi-objcopy  -O binary  F051_Test.elf  "F051_Test.bin"
arm-none-eabi-size   F051_Test.elf 
   text	   data	    bss	    dec	    hex	filename
  30332	    144	   2896	  33372	   825c	F051_Test.elf
Finished building: default.size.stdout
 
Finished building: F051_Test.bin
 
Finished building: F051_Test.list
 
17:06:00 **** Incremental Build of configuration Debug for project F051_Test ****
make -j4 all 
arm-none-eabi-gcc "/home/chris/Projects/Embedded/FT232_USART_Test/UserApp/user_app.c" -mcpu=cortex-m0 -std=gnu11 -g3 -DUSE_HAL_DRIVER -DSSD1306_USE_I2C -DSTM32F051x8 -DDEBUG -c -I../Core/Inc -I../Drivers/STM32F0xx_HAL_Driver/Inc -I../Drivers/STM32F0xx_HAL_Driver/Inc/Legacy -I../Drivers/CMSIS/Device/ST/STM32F0xx/Include -I../Drivers/CMSIS/Include -I"/home/chris/Projects/Embedded/stm32-ssd1306/ssd1306" -I"/home/chris/Projects/Embedded/FT232_USART_Test/UserApp" -O0 -ffunction-sections -fdata-sections -Wall -fstack-usage -MMD -MP -MF"UserApp/user_app.d" -MT"UserApp/user_app.o" --specs=nano.specs -mfloat-abi=soft -mthumb -o "UserApp/user_app.o"
arm-none-eabi-gcc -o "F051_Test.elf" @"objects.list"   -mcpu=cortex-m0 -T"/home/chris/Projects/Embedded/FT232_USART_Test/F051_Test/STM32F051K8TX_FLASH.ld" --specs=nosys.specs -Wl,-Map="F051_Test.map" -Wl,--gc-sections -static --specs=nano.specs -mfloat-abi=soft -mthumb -Wl,--start-group -lc -lm -Wl,--end-group
Finished building target: F051_Test.elf
 
arm-none-eabi-objdump -h -S  F051_Test.elf  > "F051_Test.list"
arm-none-eabi-objcopy  -O binary  F051_Test.elf  "F051_Test.bin"
arm-none-eabi-size   F051_Test.elf 
   text	   data	    bss	    dec	    hex	filename
  30348	    144	   2912	  33404	   827c	F051_Test.elf
Finished building: default.size.stdout
Finished building: F051_Test.bin
 
 
Finished building: F051_Test.list
 
17:06:11 **** Incremental Build of configuration Debug for project F051_Test ****
make -j4 all 
arm-none-eabi-gcc "/home/chris/Projects/Embedded/FT232_USART_Test/UserApp/user_app.c" -mcpu=cortex-m0 -std=gnu11 -g3 -DUSE_HAL_DRIVER -DSSD1306_USE_I2C -DSTM32F051x8 -DDEBUG -c -I../Core/Inc -I../Drivers/STM32F0xx_HAL_Driver/Inc -I../Drivers/STM32F0xx_HAL_Driver/Inc/Legacy -I../Drivers/CMSIS/Device/ST/STM32F0xx/Include -I../Drivers/CMSIS/Include -I"/home/chris/Projects/Embedded/stm32-ssd1306/ssd1306" -I"/home/chris/Projects/Embedded/FT232_USART_Test/UserApp" -O0 -ffunction-sections -fdata-sections -Wall -fstack-usage -MMD -MP -MF"UserApp/user_app.d" -MT"UserApp/user_app.o" --specs=nano.specs -mfloat-abi=soft -mthumb -o "UserApp/user_app.o"
/home/chris/Projects/Embedded/FT232_USART_Test/UserApp/user_app.c: In function 'i2c_display_loop':
/home/chris/Projects/Embedded/FT232_USART_Test/UserApp/user_app.c:73:9: warning: unused variable 'data_out' [-Wunused-variable]
    char data_out [5] = "";
         ^~~~~~~~
arm-none-eabi-gcc -o "F051_Test.elf" @"objects.list"   -mcpu=cortex-m0 -T"/home/chris/Projects/Embedded/FT232_USART_Test/F051_Test/STM32F051K8TX_FLASH.ld" --specs=nosys.specs -Wl,-Map="F051_Test.map" -Wl,--gc-sections -static --specs=nano.specs -mfloat-abi=soft -mthumb -Wl,--start-group -lc -lm -Wl,--end-group
Finished building target: F051_Test.elf
 
arm-none-eabi-objdump -h -S  F051_Test.elf  > "F051_Test.list"
arm-none-eabi-objcopy  -O binary  F051_Test.elf  "F051_Test.bin"
arm-none-eabi-size   F051_Test.elf 
   text	   data	    bss	    dec	    hex	filename
  30348	    144	   2912	  33404	   827c	F051_Test.elf
Finished building: default.size.stdout
Finished building: F051_Test.bin
 
 
Finished building: F051_Test.list
 
17:06:20 **** Incremental Build of configuration Debug for project F051_Test ****
make -j4 all 
arm-none-eabi-gcc "/home/chris/Projects/Embedded/FT232_USART_Test/UserApp/user_app.c" -mcpu=cortex-m0 -std=gnu11 -g3 -DUSE_HAL_DRIVER -DSSD1306_USE_I2C -DSTM32F051x8 -DDEBUG -c -I../Core/Inc -I../Drivers/STM32F0xx_HAL_Driver/Inc -I../Drivers/STM32F0xx_HAL_Driver/Inc/Legacy -I../Drivers/CMSIS/Device/ST/STM32F0xx/Include -I../Drivers/CMSIS/Include -I"/home/chris/Projects/Embedded/stm32-ssd1306/ssd1306" -I"/home/chris/Projects/Embedded/FT232_USART_Test/UserApp" -O0 -ffunction-sections -fdata-sections -Wall -fstack-usage -MMD -MP -MF"UserApp/user_app.d" -MT"UserApp/user_app.o" --specs=nano.specs -mfloat-abi=soft -mthumb -o "UserApp/user_app.o"
arm-none-eabi-gcc -o "F051_Test.elf" @"objects.list"   -mcpu=cortex-m0 -T"/home/chris/Projects/Embedded/FT232_USART_Test/F051_Test/STM32F051K8TX_FLASH.ld" --specs=nosys.specs -Wl,-Map="F051_Test.map" -Wl,--gc-sections -static --specs=nano.specs -mfloat-abi=soft -mthumb -Wl,--start-group -lc -lm -Wl,--end-group
Finished building target: F051_Test.elf
 
arm-none-eabi-objdump -h -S  F051_Test.elf  > "F051_Test.list"
arm-none-eabi-objcopy  -O binary  F051_Test.elf  "F051_Test.bin"
arm-none-eabi-size   F051_Test.elf 
   text	   data	    bss	    dec	    hex	filename
  30336	    144	   2912	  33392	   8270	F051_Test.elf
Finished building: default.size.stdout
Finished building: F051_Test.bin
 
 
Finished building: F051_Test.list
 
17:09:20 **** Incremental Build of configuration Debug for project F051_Test ****
make -j4 all 
arm-none-eabi-gcc "/home/chris/Projects/Embedded/stm32-ssd1306/ssd1306/ssd1306_tests.c" -mcpu=cortex-m0 -std=gnu11 -g3 -DUSE_HAL_DRIVER -DSSD1306_USE_I2C -DSTM32F051x8 -DDEBUG -c -I../Core/Inc -I../Drivers/STM32F0xx_HAL_Driver/Inc -I../Drivers/STM32F0xx_HAL_Driver/Inc/Legacy -I../Drivers/CMSIS/Device/ST/STM32F0xx/Include -I../Drivers/CMSIS/Include -I"/home/chris/Projects/Embedded/stm32-ssd1306/ssd1306" -I"/home/chris/Projects/Embedded/FT232_USART_Test/UserApp" -O0 -ffunction-sections -fdata-sections -Wall -fstack-usage -MMD -MP -MF"ssd1306/ssd1306_tests.d" -MT"ssd1306/ssd1306_tests.o" --specs=nano.specs -mfloat-abi=soft -mthumb -o "ssd1306/ssd1306_tests.o"
/home/chris/Projects/Embedded/stm32-ssd1306/ssd1306/ssd1306_tests.c: In function 'ssd1306_TestFPS':
/home/chris/Projects/Embedded/stm32-ssd1306/ssd1306/ssd1306_tests.c:66:13: warning: the address of 'message' will always evaluate as 'true' [-Waddress]
     } while(message);
             ^~~~~~~
arm-none-eabi-gcc -o "F051_Test.elf" @"objects.list"   -mcpu=cortex-m0 -T"/home/chris/Projects/Embedded/FT232_USART_Test/F051_Test/STM32F051K8TX_FLASH.ld" --specs=nosys.specs -Wl,-Map="F051_Test.map" -Wl,--gc-sections -static --specs=nano.specs -mfloat-abi=soft -mthumb -Wl,--start-group -lc -lm -Wl,--end-group
Finished building target: F051_Test.elf
 
arm-none-eabi-objdump -h -S  F051_Test.elf  > "F051_Test.list"
arm-none-eabi-objcopy  -O binary  F051_Test.elf  "F051_Test.bin"
arm-none-eabi-size   F051_Test.elf 
   text	   data	    bss	    dec	    hex	filename
  27972	    144	   2912	  31028	   7934	F051_Test.elf
Finished building: default.size.stdout
 
Finished building: F051_Test.bin
 
Finished building: F051_Test.list
 
17:10:01 **** Incremental Build of configuration Debug for project F051_Test ****
make -j4 all 
arm-none-eabi-gcc "/home/chris/Projects/Embedded/stm32-ssd1306/ssd1306/ssd1306_tests.c" -mcpu=cortex-m0 -std=gnu11 -g3 -DUSE_HAL_DRIVER -DSSD1306_USE_I2C -DSTM32F051x8 -DDEBUG -c -I../Core/Inc -I../Drivers/STM32F0xx_HAL_Driver/Inc -I../Drivers/STM32F0xx_HAL_Driver/Inc/Legacy -I../Drivers/CMSIS/Device/ST/STM32F0xx/Include -I../Drivers/CMSIS/Include -I"/home/chris/Projects/Embedded/stm32-ssd1306/ssd1306" -I"/home/chris/Projects/Embedded/FT232_USART_Test/UserApp" -O0 -ffunction-sections -fdata-sections -Wall -fstack-usage -MMD -MP -MF"ssd1306/ssd1306_tests.d" -MT"ssd1306/ssd1306_tests.o" --specs=nano.specs -mfloat-abi=soft -mthumb -o "ssd1306/ssd1306_tests.o"
arm-none-eabi-gcc -o "F051_Test.elf" @"objects.list"   -mcpu=cortex-m0 -T"/home/chris/Projects/Embedded/FT232_USART_Test/F051_Test/STM32F051K8TX_FLASH.ld" --specs=nosys.specs -Wl,-Map="F051_Test.map" -Wl,--gc-sections -static --specs=nano.specs -mfloat-abi=soft -mthumb -Wl,--start-group -lc -lm -Wl,--end-group
Finished building target: F051_Test.elf
 
arm-none-eabi-objdump -h -S  F051_Test.elf  > "F051_Test.list"
arm-none-eabi-objcopy  -O binary  F051_Test.elf  "F051_Test.bin"
arm-none-eabi-size   F051_Test.elf 
   text	   data	    bss	    dec	    hex	filename
  27972	    144	   2912	  31028	   7934	F051_Test.elf
Finished building: default.size.stdout
 
Finished building: F051_Test.bin
 
Finished building: F051_Test.list
 
17:11:47 **** Incremental Build of configuration Debug for project F051_Test ****
make -j4 all 
arm-none-eabi-gcc "/home/chris/Projects/Embedded/FT232_USART_Test/UserApp/user_app.c" -mcpu=cortex-m0 -std=gnu11 -g3 -DUSE_HAL_DRIVER -DSSD1306_USE_I2C -DSTM32F051x8 -DDEBUG -c -I../Core/Inc -I../Drivers/STM32F0xx_HAL_Driver/Inc -I../Drivers/STM32F0xx_HAL_Driver/Inc/Legacy -I../Drivers/CMSIS/Device/ST/STM32F0xx/Include -I../Drivers/CMSIS/Include -I"/home/chris/Projects/Embedded/stm32-ssd1306/ssd1306" -I"/home/chris/Projects/Embedded/FT232_USART_Test/UserApp" -O0 -ffunction-sections -fdata-sections -Wall -fstack-usage -MMD -MP -MF"UserApp/user_app.d" -MT"UserApp/user_app.o" --specs=nano.specs -mfloat-abi=soft -mthumb -o "UserApp/user_app.o"
/home/chris/Projects/Embedded/FT232_USART_Test/UserApp/user_app.c: In function 'HAL_UART_RxCpltCallback':
/home/chris/Projects/Embedded/FT232_USART_Test/UserApp/user_app.c:43:19: error: assignment to expression with array type
  uart_data_in_buf = uart_data_in;
                   ^
make: *** [UserApp/subdir.mk:18: UserApp/user_app.o] Error 1
"make -j4 all" terminated with exit code 2. Build might be incomplete.
17:11:57 **** Incremental Build of configuration Debug for project F051_Test ****
make -j4 all 
arm-none-eabi-gcc "/home/chris/Projects/Embedded/FT232_USART_Test/UserApp/user_app.c" -mcpu=cortex-m0 -std=gnu11 -g3 -DUSE_HAL_DRIVER -DSSD1306_USE_I2C -DSTM32F051x8 -DDEBUG -c -I../Core/Inc -I../Drivers/STM32F0xx_HAL_Driver/Inc -I../Drivers/STM32F0xx_HAL_Driver/Inc/Legacy -I../Drivers/CMSIS/Device/ST/STM32F0xx/Include -I../Drivers/CMSIS/Include -I"/home/chris/Projects/Embedded/stm32-ssd1306/ssd1306" -I"/home/chris/Projects/Embedded/FT232_USART_Test/UserApp" -O0 -ffunction-sections -fdata-sections -Wall -fstack-usage -MMD -MP -MF"UserApp/user_app.d" -MT"UserApp/user_app.o" --specs=nano.specs -mfloat-abi=soft -mthumb -o "UserApp/user_app.o"
arm-none-eabi-gcc -o "F051_Test.elf" @"objects.list"   -mcpu=cortex-m0 -T"/home/chris/Projects/Embedded/FT232_USART_Test/F051_Test/STM32F051K8TX_FLASH.ld" --specs=nosys.specs -Wl,-Map="F051_Test.map" -Wl,--gc-sections -static --specs=nano.specs -mfloat-abi=soft -mthumb -Wl,--start-group -lc -lm -Wl,--end-group
Finished building target: F051_Test.elf
 
arm-none-eabi-objdump -h -S  F051_Test.elf  > "F051_Test.list"
arm-none-eabi-objcopy  -O binary  F051_Test.elf  "F051_Test.bin"
arm-none-eabi-size   F051_Test.elf 
   text	   data	    bss	    dec	    hex	filename
  27988	    144	   2912	  31044	   7944	F051_Test.elf
Finished building: F051_Test.bin
Finished building: default.size.stdout
 
 
Finished building: F051_Test.list
 
17:12:00 **** Incremental Build of configuration Debug for project F051_Test ****
make -j4 all 
arm-none-eabi-size   F051_Test.elf 
   text	   data	    bss	    dec	    hex	filename
  27988	    144	   2912	  31044	   7944	F051_Test.elf
Finished building: default.size.stdout
 
17:12:48 **** Incremental Build of configuration Debug for project F051_Test ****
make -j4 all 
arm-none-eabi-gcc "/home/chris/Projects/Embedded/FT232_USART_Test/UserApp/user_app.c" -mcpu=cortex-m0 -std=gnu11 -g3 -DUSE_HAL_DRIVER -DSSD1306_USE_I2C -DSTM32F051x8 -DDEBUG -c -I../Core/Inc -I../Drivers/STM32F0xx_HAL_Driver/Inc -I../Drivers/STM32F0xx_HAL_Driver/Inc/Legacy -I../Drivers/CMSIS/Device/ST/STM32F0xx/Include -I../Drivers/CMSIS/Include -I"/home/chris/Projects/Embedded/stm32-ssd1306/ssd1306" -I"/home/chris/Projects/Embedded/FT232_USART_Test/UserApp" -O0 -ffunction-sections -fdata-sections -Wall -fstack-usage -MMD -MP -MF"UserApp/user_app.d" -MT"UserApp/user_app.o" --specs=nano.specs -mfloat-abi=soft -mthumb -o "UserApp/user_app.o"
arm-none-eabi-gcc -o "F051_Test.elf" @"objects.list"   -mcpu=cortex-m0 -T"/home/chris/Projects/Embedded/FT232_USART_Test/F051_Test/STM32F051K8TX_FLASH.ld" --specs=nosys.specs -Wl,-Map="F051_Test.map" -Wl,--gc-sections -static --specs=nano.specs -mfloat-abi=soft -mthumb -Wl,--start-group -lc -lm -Wl,--end-group
Finished building target: F051_Test.elf
 
arm-none-eabi-objdump -h -S  F051_Test.elf  > "F051_Test.list"
arm-none-eabi-objcopy  -O binary  F051_Test.elf  "F051_Test.bin"
arm-none-eabi-size   F051_Test.elf 
   text	   data	    bss	    dec	    hex	filename
  27976	    144	   2912	  31032	   7938	F051_Test.elf
Finished building: default.size.stdout
Finished building: F051_Test.bin
 
 
Finished building: F051_Test.list
 
17:17:32 **** Incremental Build of configuration Debug for project F051_Test ****
make -j4 all 
arm-none-eabi-gcc "/home/chris/Projects/Embedded/stm32-ssd1306/ssd1306/ssd1306_tests.c" -mcpu=cortex-m0 -std=gnu11 -g3 -DUSE_HAL_DRIVER -DSSD1306_USE_I2C -DSTM32F051x8 -DDEBUG -c -I../Core/Inc -I../Drivers/STM32F0xx_HAL_Driver/Inc -I../Drivers/STM32F0xx_HAL_Driver/Inc/Legacy -I../Drivers/CMSIS/Device/ST/STM32F0xx/Include -I../Drivers/CMSIS/Include -I"/home/chris/Projects/Embedded/stm32-ssd1306/ssd1306" -I"/home/chris/Projects/Embedded/FT232_USART_Test/UserApp" -O0 -ffunction-sections -fdata-sections -Wall -fstack-usage -MMD -MP -MF"ssd1306/ssd1306_tests.d" -MT"ssd1306/ssd1306_tests.o" --specs=nano.specs -mfloat-abi=soft -mthumb -o "ssd1306/ssd1306_tests.o"
arm-none-eabi-gcc -o "F051_Test.elf" @"objects.list"   -mcpu=cortex-m0 -T"/home/chris/Projects/Embedded/FT232_USART_Test/F051_Test/STM32F051K8TX_FLASH.ld" --specs=nosys.specs -Wl,-Map="F051_Test.map" -Wl,--gc-sections -static --specs=nano.specs -mfloat-abi=soft -mthumb -Wl,--start-group -lc -lm -Wl,--end-group
Finished building target: F051_Test.elf
 
arm-none-eabi-objdump -h -S  F051_Test.elf  > "F051_Test.list"
arm-none-eabi-objcopy  -O binary  F051_Test.elf  "F051_Test.bin"
arm-none-eabi-size   F051_Test.elf 
   text	   data	    bss	    dec	    hex	filename
  27976	    144	   2912	  31032	   7938	F051_Test.elf
Finished building: default.size.stdout
 
Finished building: F051_Test.bin
 
Finished building: F051_Test.list
 
17:18:01 **** Incremental Build of configuration Debug for project F051_Test ****
make -j4 all 
arm-none-eabi-gcc "/home/chris/Projects/Embedded/stm32-ssd1306/ssd1306/ssd1306_tests.c" -mcpu=cortex-m0 -std=gnu11 -g3 -DUSE_HAL_DRIVER -DSSD1306_USE_I2C -DSTM32F051x8 -DDEBUG -c -I../Core/Inc -I../Drivers/STM32F0xx_HAL_Driver/Inc -I../Drivers/STM32F0xx_HAL_Driver/Inc/Legacy -I../Drivers/CMSIS/Device/ST/STM32F0xx/Include -I../Drivers/CMSIS/Include -I"/home/chris/Projects/Embedded/stm32-ssd1306/ssd1306" -I"/home/chris/Projects/Embedded/FT232_USART_Test/UserApp" -O0 -ffunction-sections -fdata-sections -Wall -fstack-usage -MMD -MP -MF"ssd1306/ssd1306_tests.d" -MT"ssd1306/ssd1306_tests.o" --specs=nano.specs -mfloat-abi=soft -mthumb -o "ssd1306/ssd1306_tests.o"
arm-none-eabi-gcc -o "F051_Test.elf" @"objects.list"   -mcpu=cortex-m0 -T"/home/chris/Projects/Embedded/FT232_USART_Test/F051_Test/STM32F051K8TX_FLASH.ld" --specs=nosys.specs -Wl,-Map="F051_Test.map" -Wl,--gc-sections -static --specs=nano.specs -mfloat-abi=soft -mthumb -Wl,--start-group -lc -lm -Wl,--end-group
Finished building target: F051_Test.elf
 
arm-none-eabi-objdump -h -S  F051_Test.elf  > "F051_Test.list"
arm-none-eabi-objcopy  -O binary  F051_Test.elf  "F051_Test.bin"
arm-none-eabi-size   F051_Test.elf 
   text	   data	    bss	    dec	    hex	filename
  30340	    144	   2912	  33396	   8274	F051_Test.elf
Finished building: default.size.stdout
 
Finished building: F051_Test.bin
 
Finished building: F051_Test.list
 
17:19:39 **** Incremental Build of configuration Debug for project F051_Test ****
make -j4 all 
arm-none-eabi-gcc "/home/chris/Projects/Embedded/stm32-ssd1306/ssd1306/ssd1306_tests.c" -mcpu=cortex-m0 -std=gnu11 -g3 -DUSE_HAL_DRIVER -DSSD1306_USE_I2C -DSTM32F051x8 -DDEBUG -c -I../Core/Inc -I../Drivers/STM32F0xx_HAL_Driver/Inc -I../Drivers/STM32F0xx_HAL_Driver/Inc/Legacy -I../Drivers/CMSIS/Device/ST/STM32F0xx/Include -I../Drivers/CMSIS/Include -I"/home/chris/Projects/Embedded/stm32-ssd1306/ssd1306" -I"/home/chris/Projects/Embedded/FT232_USART_Test/UserApp" -O0 -ffunction-sections -fdata-sections -Wall -fstack-usage -MMD -MP -MF"ssd1306/ssd1306_tests.d" -MT"ssd1306/ssd1306_tests.o" --specs=nano.specs -mfloat-abi=soft -mthumb -o "ssd1306/ssd1306_tests.o"
arm-none-eabi-gcc -o "F051_Test.elf" @"objects.list"   -mcpu=cortex-m0 -T"/home/chris/Projects/Embedded/FT232_USART_Test/F051_Test/STM32F051K8TX_FLASH.ld" --specs=nosys.specs -Wl,-Map="F051_Test.map" -Wl,--gc-sections -static --specs=nano.specs -mfloat-abi=soft -mthumb -Wl,--start-group -lc -lm -Wl,--end-group
Finished building target: F051_Test.elf
 
arm-none-eabi-objdump -h -S  F051_Test.elf  > "F051_Test.list"
arm-none-eabi-objcopy  -O binary  F051_Test.elf  "F051_Test.bin"
arm-none-eabi-size   F051_Test.elf 
   text	   data	    bss	    dec	    hex	filename
  30340	    144	   2912	  33396	   8274	F051_Test.elf
Finished building: default.size.stdout
Finished building: F051_Test.bin
 
 
Finished building: F051_Test.list
 
17:24:51 **** Incremental Build of configuration Debug for project F051_Test ****
make -j4 all 
arm-none-eabi-gcc "/home/chris/Projects/Embedded/FT232_USART_Test/UserApp/user_app.c" -mcpu=cortex-m0 -std=gnu11 -g3 -DUSE_HAL_DRIVER -DSSD1306_USE_I2C -DSTM32F051x8 -DDEBUG -c -I../Core/Inc -I../Drivers/STM32F0xx_HAL_Driver/Inc -I../Drivers/STM32F0xx_HAL_Driver/Inc/Legacy -I../Drivers/CMSIS/Device/ST/STM32F0xx/Include -I../Drivers/CMSIS/Include -I"/home/chris/Projects/Embedded/stm32-ssd1306/ssd1306" -I"/home/chris/Projects/Embedded/FT232_USART_Test/UserApp" -O0 -ffunction-sections -fdata-sections -Wall -fstack-usage -MMD -MP -MF"UserApp/user_app.d" -MT"UserApp/user_app.o" --specs=nano.specs -mfloat-abi=soft -mthumb -o "UserApp/user_app.o"
/home/chris/Projects/Embedded/FT232_USART_Test/UserApp/user_app.c: In function 'HAL_UART_RxCpltCallback':
/home/chris/Projects/Embedded/FT232_USART_Test/UserApp/user_app.c:43:18: warning: comparison between pointer and integer
  if(uart_data_in == '\r')
                  ^~
/home/chris/Projects/Embedded/FT232_USART_Test/UserApp/user_app.c:47:24: warning: comparison between pointer and integer
  else if (uart_data_in == '\n')
                        ^~
arm-none-eabi-gcc -o "F051_Test.elf" @"objects.list"   -mcpu=cortex-m0 -T"/home/chris/Projects/Embedded/FT232_USART_Test/F051_Test/STM32F051K8TX_FLASH.ld" --specs=nosys.specs -Wl,-Map="F051_Test.map" -Wl,--gc-sections -static --specs=nano.specs -mfloat-abi=soft -mthumb -Wl,--start-group -lc -lm -Wl,--end-group
Finished building target: F051_Test.elf
 
arm-none-eabi-objdump -h -S  F051_Test.elf  > "F051_Test.list"
arm-none-eabi-objcopy  -O binary  F051_Test.elf  "F051_Test.bin"
arm-none-eabi-size   F051_Test.elf 
   text	   data	    bss	    dec	    hex	filename
  30404	    144	   2912	  33460	   82b4	F051_Test.elf
Finished building: default.size.stdout
Finished building: F051_Test.bin
 
 
Finished building: F051_Test.list
 
17:25:05 **** Incremental Build of configuration Debug for project F051_Test ****
make -j4 all 
arm-none-eabi-gcc "/home/chris/Projects/Embedded/FT232_USART_Test/UserApp/user_app.c" -mcpu=cortex-m0 -std=gnu11 -g3 -DUSE_HAL_DRIVER -DSSD1306_USE_I2C -DSTM32F051x8 -DDEBUG -c -I../Core/Inc -I../Drivers/STM32F0xx_HAL_Driver/Inc -I../Drivers/STM32F0xx_HAL_Driver/Inc/Legacy -I../Drivers/CMSIS/Device/ST/STM32F0xx/Include -I../Drivers/CMSIS/Include -I"/home/chris/Projects/Embedded/stm32-ssd1306/ssd1306" -I"/home/chris/Projects/Embedded/FT232_USART_Test/UserApp" -O0 -ffunction-sections -fdata-sections -Wall -fstack-usage -MMD -MP -MF"UserApp/user_app.d" -MT"UserApp/user_app.o" --specs=nano.specs -mfloat-abi=soft -mthumb -o "UserApp/user_app.o"
arm-none-eabi-gcc -o "F051_Test.elf" @"objects.list"   -mcpu=cortex-m0 -T"/home/chris/Projects/Embedded/FT232_USART_Test/F051_Test/STM32F051K8TX_FLASH.ld" --specs=nosys.specs -Wl,-Map="F051_Test.map" -Wl,--gc-sections -static --specs=nano.specs -mfloat-abi=soft -mthumb -Wl,--start-group -lc -lm -Wl,--end-group
Finished building target: F051_Test.elf
 
arm-none-eabi-objdump -h -S  F051_Test.elf  > "F051_Test.list"
arm-none-eabi-objcopy  -O binary  F051_Test.elf  "F051_Test.bin"
arm-none-eabi-size   F051_Test.elf 
   text	   data	    bss	    dec	    hex	filename
  30408	    144	   2912	  33464	   82b8	F051_Test.elf
Finished building: default.size.stdout
 
Finished building: F051_Test.bin
 
Finished building: F051_Test.list
 
17:31:46 **** Incremental Build of configuration Debug for project F051_Test ****
make -j4 all 
arm-none-eabi-gcc "/home/chris/Projects/Embedded/FT232_USART_Test/UserApp/user_app.c" -mcpu=cortex-m0 -std=gnu11 -g3 -DUSE_HAL_DRIVER -DSSD1306_USE_I2C -DSTM32F051x8 -DDEBUG -c -I../Core/Inc -I../Drivers/STM32F0xx_HAL_Driver/Inc -I../Drivers/STM32F0xx_HAL_Driver/Inc/Legacy -I../Drivers/CMSIS/Device/ST/STM32F0xx/Include -I../Drivers/CMSIS/Include -I"/home/chris/Projects/Embedded/stm32-ssd1306/ssd1306" -I"/home/chris/Projects/Embedded/FT232_USART_Test/UserApp" -O0 -ffunction-sections -fdata-sections -Wall -fstack-usage -MMD -MP -MF"UserApp/user_app.d" -MT"UserApp/user_app.o" --specs=nano.specs -mfloat-abi=soft -mthumb -o "UserApp/user_app.o"
/home/chris/Projects/Embedded/FT232_USART_Test/UserApp/user_app.c: In function 'HAL_UART_RxCpltCallback':
/home/chris/Projects/Embedded/FT232_USART_Test/UserApp/user_app.c:45:15: error: assignment to expression with array type
   msg_out_buf = "";
               ^
make: *** [UserApp/subdir.mk:18: UserApp/user_app.o] Error 1
"make -j4 all" terminated with exit code 2. Build might be incomplete.
17:32:08 **** Incremental Build of configuration Debug for project F051_Test ****
make -j4 all 
arm-none-eabi-gcc "/home/chris/Projects/Embedded/FT232_USART_Test/UserApp/user_app.c" -mcpu=cortex-m0 -std=gnu11 -g3 -DUSE_HAL_DRIVER -DSSD1306_USE_I2C -DSTM32F051x8 -DDEBUG -c -I../Core/Inc -I../Drivers/STM32F0xx_HAL_Driver/Inc -I../Drivers/STM32F0xx_HAL_Driver/Inc/Legacy -I../Drivers/CMSIS/Device/ST/STM32F0xx/Include -I../Drivers/CMSIS/Include -I"/home/chris/Projects/Embedded/stm32-ssd1306/ssd1306" -I"/home/chris/Projects/Embedded/FT232_USART_Test/UserApp" -O0 -ffunction-sections -fdata-sections -Wall -fstack-usage -MMD -MP -MF"UserApp/user_app.d" -MT"UserApp/user_app.o" --specs=nano.specs -mfloat-abi=soft -mthumb -o "UserApp/user_app.o"
/home/chris/Projects/Embedded/FT232_USART_Test/UserApp/user_app.c: In function 'HAL_UART_RxCpltCallback':
/home/chris/Projects/Embedded/FT232_USART_Test/UserApp/user_app.c:45:15: error: assignment to expression with array type
   msg_out_buf = 0;
               ^
make: *** [UserApp/subdir.mk:18: UserApp/user_app.o] Error 1
"make -j4 all" terminated with exit code 2. Build might be incomplete.
17:33:04 **** Incremental Build of configuration Debug for project F051_Test ****
make -j4 all 
arm-none-eabi-gcc "/home/chris/Projects/Embedded/FT232_USART_Test/UserApp/user_app.c" -mcpu=cortex-m0 -std=gnu11 -g3 -DUSE_HAL_DRIVER -DSSD1306_USE_I2C -DSTM32F051x8 -DDEBUG -c -I../Core/Inc -I../Drivers/STM32F0xx_HAL_Driver/Inc -I../Drivers/STM32F0xx_HAL_Driver/Inc/Legacy -I../Drivers/CMSIS/Device/ST/STM32F0xx/Include -I../Drivers/CMSIS/Include -I"/home/chris/Projects/Embedded/stm32-ssd1306/ssd1306" -I"/home/chris/Projects/Embedded/FT232_USART_Test/UserApp" -O0 -ffunction-sections -fdata-sections -Wall -fstack-usage -MMD -MP -MF"UserApp/user_app.d" -MT"UserApp/user_app.o" --specs=nano.specs -mfloat-abi=soft -mthumb -o "UserApp/user_app.o"
/home/chris/Projects/Embedded/FT232_USART_Test/UserApp/user_app.c: In function 'HAL_UART_RxCpltCallback':
/home/chris/Projects/Embedded/FT232_USART_Test/UserApp/user_app.c:45:3: warning: implicit declaration of function 'memset' [-Wimplicit-function-declaration]
   memset(msg_out_buf, 0, 15);
   ^~~~~~
/home/chris/Projects/Embedded/FT232_USART_Test/UserApp/user_app.c:45:3: warning: incompatible implicit declaration of built-in function 'memset'
/home/chris/Projects/Embedded/FT232_USART_Test/UserApp/user_app.c:45:3: note: include '<string.h>' or provide a declaration of 'memset'
arm-none-eabi-gcc -o "F051_Test.elf" @"objects.list"   -mcpu=cortex-m0 -T"/home/chris/Projects/Embedded/FT232_USART_Test/F051_Test/STM32F051K8TX_FLASH.ld" --specs=nosys.specs -Wl,-Map="F051_Test.map" -Wl,--gc-sections -static --specs=nano.specs -mfloat-abi=soft -mthumb -Wl,--start-group -lc -lm -Wl,--end-group
Finished building target: F051_Test.elf
 
arm-none-eabi-objdump -h -S  F051_Test.elf  > "F051_Test.list"
arm-none-eabi-objcopy  -O binary  F051_Test.elf  "F051_Test.bin"
arm-none-eabi-size   F051_Test.elf 
   text	   data	    bss	    dec	    hex	filename
  30360	    144	   2912	  33416	   8288	F051_Test.elf
Finished building: default.size.stdout
Finished building: F051_Test.bin
 
 
Finished building: F051_Test.list
 
17:35:50 **** Incremental Build of configuration Debug for project F051_Test ****
make -j4 all 
arm-none-eabi-gcc "/home/chris/Projects/Embedded/FT232_USART_Test/UserApp/user_app.c" -mcpu=cortex-m0 -std=gnu11 -g3 -DUSE_HAL_DRIVER -DSSD1306_USE_I2C -DSTM32F051x8 -DDEBUG -c -I../Core/Inc -I../Drivers/STM32F0xx_HAL_Driver/Inc -I../Drivers/STM32F0xx_HAL_Driver/Inc/Legacy -I../Drivers/CMSIS/Device/ST/STM32F0xx/Include -I../Drivers/CMSIS/Include -I"/home/chris/Projects/Embedded/stm32-ssd1306/ssd1306" -I"/home/chris/Projects/Embedded/FT232_USART_Test/UserApp" -O0 -ffunction-sections -fdata-sections -Wall -fstack-usage -MMD -MP -MF"UserApp/user_app.d" -MT"UserApp/user_app.o" --specs=nano.specs -mfloat-abi=soft -mthumb -o "UserApp/user_app.o"
arm-none-eabi-gcc -o "F051_Test.elf" @"objects.list"   -mcpu=cortex-m0 -T"/home/chris/Projects/Embedded/FT232_USART_Test/F051_Test/STM32F051K8TX_FLASH.ld" --specs=nosys.specs -Wl,-Map="F051_Test.map" -Wl,--gc-sections -static --specs=nano.specs -mfloat-abi=soft -mthumb -Wl,--start-group -lc -lm -Wl,--end-group
Finished building target: F051_Test.elf
 
arm-none-eabi-objdump -h -S  F051_Test.elf  > "F051_Test.list"
arm-none-eabi-objcopy  -O binary  F051_Test.elf  "F051_Test.bin"
arm-none-eabi-size   F051_Test.elf 
   text	   data	    bss	    dec	    hex	filename
  30360	    144	   2912	  33416	   8288	F051_Test.elf
Finished building: default.size.stdout
Finished building: F051_Test.bin
 
 
Finished building: F051_Test.list
 
17:41:19 **** Incremental Build of configuration Debug for project F051_Test ****
make -j4 all 
arm-none-eabi-gcc "/home/chris/Projects/Embedded/FT232_USART_Test/UserApp/user_app.c" -mcpu=cortex-m0 -std=gnu11 -g3 -DUSE_HAL_DRIVER -DSSD1306_USE_I2C -DSTM32F051x8 -DDEBUG -c -I../Core/Inc -I../Drivers/STM32F0xx_HAL_Driver/Inc -I../Drivers/STM32F0xx_HAL_Driver/Inc/Legacy -I../Drivers/CMSIS/Device/ST/STM32F0xx/Include -I../Drivers/CMSIS/Include -I"/home/chris/Projects/Embedded/stm32-ssd1306/ssd1306" -I"/home/chris/Projects/Embedded/FT232_USART_Test/UserApp" -O0 -ffunction-sections -fdata-sections -Wall -fstack-usage -MMD -MP -MF"UserApp/user_app.d" -MT"UserApp/user_app.o" --specs=nano.specs -mfloat-abi=soft -mthumb -o "UserApp/user_app.o"
/home/chris/Projects/Embedded/FT232_USART_Test/UserApp/user_app.c: In function 'HAL_UART_RxCpltCallback':
/home/chris/Projects/Embedded/FT232_USART_Test/UserApp/user_app.c:50:51: warning: format '%s' expects argument of type 'char *', but argument 4 has type 'char (*)[15]' [-Wformat=]
   snprintf(msg_out_buf[0], sizeof(msg_out_buf), "%s%s", msg_out_buf, uart_data_in);
                                                  ~^     ~~~~~~~~~~~
/home/chris/Projects/Embedded/FT232_USART_Test/UserApp/user_app.c: In function 'i2c_display_loop':
/home/chris/Projects/Embedded/FT232_USART_Test/UserApp/user_app.c:86:24: warning: passing argument 1 of 'ssd1306_WriteString' from incompatible pointer type [-Wincompatible-pointer-types]
    ssd1306_WriteString(msg_out_buf, Font_11x18, White);
                        ^~~~~~~~~~~
In file included from /home/chris/Projects/Embedded/FT232_USART_Test/UserApp/user_app.c:17:0:
/home/chris/Projects/Embedded/stm32-ssd1306/ssd1306/ssd1306.h:109:6: note: expected 'char *' but argument is of type 'char (*)[15]'
 char ssd1306_WriteString(char* str, FontDef Font, SSD1306_COLOR color);
      ^~~~~~~~~~~~~~~~~~~
arm-none-eabi-gcc -o "F051_Test.elf" @"objects.list"   -mcpu=cortex-m0 -T"/home/chris/Projects/Embedded/FT232_USART_Test/F051_Test/STM32F051K8TX_FLASH.ld" --specs=nosys.specs -Wl,-Map="F051_Test.map" -Wl,--gc-sections -static --specs=nano.specs -mfloat-abi=soft -mthumb -Wl,--start-group -lc -lm -Wl,--end-group
Finished building target: F051_Test.elf
 
arm-none-eabi-objdump -h -S  F051_Test.elf  > "F051_Test.list"
arm-none-eabi-objcopy  -O binary  F051_Test.elf  "F051_Test.bin"
arm-none-eabi-size   F051_Test.elf 
   text	   data	    bss	    dec	    hex	filename
  30360	    144	   2944	  33448	   82a8	F051_Test.elf
Finished building: default.size.stdout
 
Finished building: F051_Test.bin
 
Finished building: F051_Test.list
 
17:41:31 **** Incremental Build of configuration Debug for project F051_Test ****
make -j4 all 
arm-none-eabi-gcc "/home/chris/Projects/Embedded/FT232_USART_Test/UserApp/user_app.c" -mcpu=cortex-m0 -std=gnu11 -g3 -DUSE_HAL_DRIVER -DSSD1306_USE_I2C -DSTM32F051x8 -DDEBUG -c -I../Core/Inc -I../Drivers/STM32F0xx_HAL_Driver/Inc -I../Drivers/STM32F0xx_HAL_Driver/Inc/Legacy -I../Drivers/CMSIS/Device/ST/STM32F0xx/Include -I../Drivers/CMSIS/Include -I"/home/chris/Projects/Embedded/stm32-ssd1306/ssd1306" -I"/home/chris/Projects/Embedded/FT232_USART_Test/UserApp" -O0 -ffunction-sections -fdata-sections -Wall -fstack-usage -MMD -MP -MF"UserApp/user_app.d" -MT"UserApp/user_app.o" --specs=nano.specs -mfloat-abi=soft -mthumb -o "UserApp/user_app.o"
/home/chris/Projects/Embedded/FT232_USART_Test/UserApp/user_app.c: In function 'i2c_display_loop':
/home/chris/Projects/Embedded/FT232_USART_Test/UserApp/user_app.c:86:24: warning: passing argument 1 of 'ssd1306_WriteString' from incompatible pointer type [-Wincompatible-pointer-types]
    ssd1306_WriteString(msg_out_buf, Font_11x18, White);
                        ^~~~~~~~~~~
In file included from /home/chris/Projects/Embedded/FT232_USART_Test/UserApp/user_app.c:17:0:
/home/chris/Projects/Embedded/stm32-ssd1306/ssd1306/ssd1306.h:109:6: note: expected 'char *' but argument is of type 'char (*)[15]'
 char ssd1306_WriteString(char* str, FontDef Font, SSD1306_COLOR color);
      ^~~~~~~~~~~~~~~~~~~
arm-none-eabi-gcc -o "F051_Test.elf" @"objects.list"   -mcpu=cortex-m0 -T"/home/chris/Projects/Embedded/FT232_USART_Test/F051_Test/STM32F051K8TX_FLASH.ld" --specs=nosys.specs -Wl,-Map="F051_Test.map" -Wl,--gc-sections -static --specs=nano.specs -mfloat-abi=soft -mthumb -Wl,--start-group -lc -lm -Wl,--end-group
Finished building target: F051_Test.elf
 
arm-none-eabi-objdump -h -S  F051_Test.elf  > "F051_Test.list"
arm-none-eabi-objcopy  -O binary  F051_Test.elf  "F051_Test.bin"
arm-none-eabi-size   F051_Test.elf 
   text	   data	    bss	    dec	    hex	filename
  30360	    144	   2944	  33448	   82a8	F051_Test.elf
Finished building: default.size.stdout
Finished building: F051_Test.bin
 
 
Finished building: F051_Test.list
 
17:41:43 **** Incremental Build of configuration Debug for project F051_Test ****
make -j4 all 
arm-none-eabi-gcc "/home/chris/Projects/Embedded/FT232_USART_Test/UserApp/user_app.c" -mcpu=cortex-m0 -std=gnu11 -g3 -DUSE_HAL_DRIVER -DSSD1306_USE_I2C -DSTM32F051x8 -DDEBUG -c -I../Core/Inc -I../Drivers/STM32F0xx_HAL_Driver/Inc -I../Drivers/STM32F0xx_HAL_Driver/Inc/Legacy -I../Drivers/CMSIS/Device/ST/STM32F0xx/Include -I../Drivers/CMSIS/Include -I"/home/chris/Projects/Embedded/stm32-ssd1306/ssd1306" -I"/home/chris/Projects/Embedded/FT232_USART_Test/UserApp" -O0 -ffunction-sections -fdata-sections -Wall -fstack-usage -MMD -MP -MF"UserApp/user_app.d" -MT"UserApp/user_app.o" --specs=nano.specs -mfloat-abi=soft -mthumb -o "UserApp/user_app.o"
arm-none-eabi-gcc -o "F051_Test.elf" @"objects.list"   -mcpu=cortex-m0 -T"/home/chris/Projects/Embedded/FT232_USART_Test/F051_Test/STM32F051K8TX_FLASH.ld" --specs=nosys.specs -Wl,-Map="F051_Test.map" -Wl,--gc-sections -static --specs=nano.specs -mfloat-abi=soft -mthumb -Wl,--start-group -lc -lm -Wl,--end-group
Finished building target: F051_Test.elf
 
arm-none-eabi-objdump -h -S  F051_Test.elf  > "F051_Test.list"
arm-none-eabi-objcopy  -O binary  F051_Test.elf  "F051_Test.bin"
arm-none-eabi-size   F051_Test.elf 
   text	   data	    bss	    dec	    hex	filename
  30360	    144	   2944	  33448	   82a8	F051_Test.elf
Finished building: default.size.stdout
Finished building: F051_Test.bin
 
 
Finished building: F051_Test.list
 
17:43:34 **** Incremental Build of configuration Debug for project F051_Test ****
make -j4 all 
arm-none-eabi-gcc "/home/chris/Projects/Embedded/FT232_USART_Test/UserApp/user_app.c" -mcpu=cortex-m0 -std=gnu11 -g3 -DUSE_HAL_DRIVER -DSSD1306_USE_I2C -DSTM32F051x8 -DDEBUG -c -I../Core/Inc -I../Drivers/STM32F0xx_HAL_Driver/Inc -I../Drivers/STM32F0xx_HAL_Driver/Inc/Legacy -I../Drivers/CMSIS/Device/ST/STM32F0xx/Include -I../Drivers/CMSIS/Include -I"/home/chris/Projects/Embedded/stm32-ssd1306/ssd1306" -I"/home/chris/Projects/Embedded/FT232_USART_Test/UserApp" -O0 -ffunction-sections -fdata-sections -Wall -fstack-usage -MMD -MP -MF"UserApp/user_app.d" -MT"UserApp/user_app.o" --specs=nano.specs -mfloat-abi=soft -mthumb -o "UserApp/user_app.o"
arm-none-eabi-gcc -o "F051_Test.elf" @"objects.list"   -mcpu=cortex-m0 -T"/home/chris/Projects/Embedded/FT232_USART_Test/F051_Test/STM32F051K8TX_FLASH.ld" --specs=nosys.specs -Wl,-Map="F051_Test.map" -Wl,--gc-sections -static --specs=nano.specs -mfloat-abi=soft -mthumb -Wl,--start-group -lc -lm -Wl,--end-group
Finished building target: F051_Test.elf
 
arm-none-eabi-objdump -h -S  F051_Test.elf  > "F051_Test.list"
arm-none-eabi-objcopy  -O binary  F051_Test.elf  "F051_Test.bin"
arm-none-eabi-size   F051_Test.elf 
   text	   data	    bss	    dec	    hex	filename
  30360	    144	   2944	  33448	   82a8	F051_Test.elf
Finished building: default.size.stdout
Finished building: F051_Test.bin
 
 
Finished building: F051_Test.list
 
17:45:17 **** Incremental Build of configuration Debug for project F051_Test ****
make -j4 all 
arm-none-eabi-gcc "/home/chris/Projects/Embedded/FT232_USART_Test/UserApp/user_app.c" -mcpu=cortex-m0 -std=gnu11 -g3 -DUSE_HAL_DRIVER -DSSD1306_USE_I2C -DSTM32F051x8 -DDEBUG -c -I../Core/Inc -I../Drivers/STM32F0xx_HAL_Driver/Inc -I../Drivers/STM32F0xx_HAL_Driver/Inc/Legacy -I../Drivers/CMSIS/Device/ST/STM32F0xx/Include -I../Drivers/CMSIS/Include -I"/home/chris/Projects/Embedded/stm32-ssd1306/ssd1306" -I"/home/chris/Projects/Embedded/FT232_USART_Test/UserApp" -O0 -ffunction-sections -fdata-sections -Wall -fstack-usage -MMD -MP -MF"UserApp/user_app.d" -MT"UserApp/user_app.o" --specs=nano.specs -mfloat-abi=soft -mthumb -o "UserApp/user_app.o"
arm-none-eabi-gcc -o "F051_Test.elf" @"objects.list"   -mcpu=cortex-m0 -T"/home/chris/Projects/Embedded/FT232_USART_Test/F051_Test/STM32F051K8TX_FLASH.ld" --specs=nosys.specs -Wl,-Map="F051_Test.map" -Wl,--gc-sections -static --specs=nano.specs -mfloat-abi=soft -mthumb -Wl,--start-group -lc -lm -Wl,--end-group
Finished building target: F051_Test.elf
 
arm-none-eabi-objdump -h -S  F051_Test.elf  > "F051_Test.list"
arm-none-eabi-objcopy  -O binary  F051_Test.elf  "F051_Test.bin"
arm-none-eabi-size   F051_Test.elf 
   text	   data	    bss	    dec	    hex	filename
  30420	    144	   2952	  33516	   82ec	F051_Test.elf
Finished building: default.size.stdout
Finished building: F051_Test.bin
 
 
Finished building: F051_Test.list
 
17:46:49 **** Incremental Build of configuration Debug for project F051_Test ****
make -j4 all 
arm-none-eabi-gcc "/home/chris/Projects/Embedded/FT232_USART_Test/UserApp/user_app.c" -mcpu=cortex-m0 -std=gnu11 -g3 -DUSE_HAL_DRIVER -DSSD1306_USE_I2C -DSTM32F051x8 -DDEBUG -c -I../Core/Inc -I../Drivers/STM32F0xx_HAL_Driver/Inc -I../Drivers/STM32F0xx_HAL_Driver/Inc/Legacy -I../Drivers/CMSIS/Device/ST/STM32F0xx/Include -I../Drivers/CMSIS/Include -I"/home/chris/Projects/Embedded/stm32-ssd1306/ssd1306" -I"/home/chris/Projects/Embedded/FT232_USART_Test/UserApp" -O0 -ffunction-sections -fdata-sections -Wall -fstack-usage -MMD -MP -MF"UserApp/user_app.d" -MT"UserApp/user_app.o" --specs=nano.specs -mfloat-abi=soft -mthumb -o "UserApp/user_app.o"
arm-none-eabi-gcc -o "F051_Test.elf" @"objects.list"   -mcpu=cortex-m0 -T"/home/chris/Projects/Embedded/FT232_USART_Test/F051_Test/STM32F051K8TX_FLASH.ld" --specs=nosys.specs -Wl,-Map="F051_Test.map" -Wl,--gc-sections -static --specs=nano.specs -mfloat-abi=soft -mthumb -Wl,--start-group -lc -lm -Wl,--end-group
Finished building target: F051_Test.elf
 
arm-none-eabi-objdump -h -S  F051_Test.elf  > "F051_Test.list"
arm-none-eabi-objcopy  -O binary  F051_Test.elf  "F051_Test.bin"
arm-none-eabi-size   F051_Test.elf 
   text	   data	    bss	    dec	    hex	filename
  30444	    144	   2952	  33540	   8304	F051_Test.elf
Finished building: default.size.stdout
Finished building: F051_Test.bin
 
 
Finished building: F051_Test.list
 
17:50:38 **** Incremental Build of configuration Debug for project F051_Test ****
make -j4 all 
arm-none-eabi-gcc "/home/chris/Projects/Embedded/stm32-ssd1306/ssd1306/ssd1306_tests.c" -mcpu=cortex-m0 -std=gnu11 -g3 -DUSE_HAL_DRIVER -DSSD1306_USE_I2C -DSTM32F051x8 -DDEBUG -c -I../Core/Inc -I../Drivers/STM32F0xx_HAL_Driver/Inc -I../Drivers/STM32F0xx_HAL_Driver/Inc/Legacy -I../Drivers/CMSIS/Device/ST/STM32F0xx/Include -I../Drivers/CMSIS/Include -I"/home/chris/Projects/Embedded/stm32-ssd1306/ssd1306" -I"/home/chris/Projects/Embedded/FT232_USART_Test/UserApp" -O0 -ffunction-sections -fdata-sections -Wall -fstack-usage -MMD -MP -MF"ssd1306/ssd1306_tests.d" -MT"ssd1306/ssd1306_tests.o" --specs=nano.specs -mfloat-abi=soft -mthumb -o "ssd1306/ssd1306_tests.o"
arm-none-eabi-gcc "/home/chris/Projects/Embedded/FT232_USART_Test/UserApp/user_app.c" -mcpu=cortex-m0 -std=gnu11 -g3 -DUSE_HAL_DRIVER -DSSD1306_USE_I2C -DSTM32F051x8 -DDEBUG -c -I../Core/Inc -I../Drivers/STM32F0xx_HAL_Driver/Inc -I../Drivers/STM32F0xx_HAL_Driver/Inc/Legacy -I../Drivers/CMSIS/Device/ST/STM32F0xx/Include -I../Drivers/CMSIS/Include -I"/home/chris/Projects/Embedded/stm32-ssd1306/ssd1306" -I"/home/chris/Projects/Embedded/FT232_USART_Test/UserApp" -O0 -ffunction-sections -fdata-sections -Wall -fstack-usage -MMD -MP -MF"UserApp/user_app.d" -MT"UserApp/user_app.o" --specs=nano.specs -mfloat-abi=soft -mthumb -o "UserApp/user_app.o"
arm-none-eabi-gcc -o "F051_Test.elf" @"objects.list"   -mcpu=cortex-m0 -T"/home/chris/Projects/Embedded/FT232_USART_Test/F051_Test/STM32F051K8TX_FLASH.ld" --specs=nosys.specs -Wl,-Map="F051_Test.map" -Wl,--gc-sections -static --specs=nano.specs -mfloat-abi=soft -mthumb -Wl,--start-group -lc -lm -Wl,--end-group
Finished building target: F051_Test.elf
 
arm-none-eabi-objdump -h -S  F051_Test.elf  > "F051_Test.list"
arm-none-eabi-objcopy  -O binary  F051_Test.elf  "F051_Test.bin"
arm-none-eabi-size   F051_Test.elf 
   text	   data	    bss	    dec	    hex	filename
  30392	    204	   2892	  33488	   82d0	F051_Test.elf
Finished building: default.size.stdout
Finished building: F051_Test.bin
 
 
Finished building: F051_Test.list
 
17:52:34 **** Incremental Build of configuration Debug for project F051_Test ****
make -j4 all 
arm-none-eabi-gcc "/home/chris/Projects/Embedded/FT232_USART_Test/UserApp/user_app.c" -mcpu=cortex-m0 -std=gnu11 -g3 -DUSE_HAL_DRIVER -DSSD1306_USE_I2C -DSTM32F051x8 -DDEBUG -c -I../Core/Inc -I../Drivers/STM32F0xx_HAL_Driver/Inc -I../Drivers/STM32F0xx_HAL_Driver/Inc/Legacy -I../Drivers/CMSIS/Device/ST/STM32F0xx/Include -I../Drivers/CMSIS/Include -I"/home/chris/Projects/Embedded/stm32-ssd1306/ssd1306" -I"/home/chris/Projects/Embedded/FT232_USART_Test/UserApp" -O0 -ffunction-sections -fdata-sections -Wall -fstack-usage -MMD -MP -MF"UserApp/user_app.d" -MT"UserApp/user_app.o" --specs=nano.specs -mfloat-abi=soft -mthumb -o "UserApp/user_app.o"
arm-none-eabi-gcc -o "F051_Test.elf" @"objects.list"   -mcpu=cortex-m0 -T"/home/chris/Projects/Embedded/FT232_USART_Test/F051_Test/STM32F051K8TX_FLASH.ld" --specs=nosys.specs -Wl,-Map="F051_Test.map" -Wl,--gc-sections -static --specs=nano.specs -mfloat-abi=soft -mthumb -Wl,--start-group -lc -lm -Wl,--end-group
Finished building target: F051_Test.elf
 
arm-none-eabi-objdump -h -S  F051_Test.elf  > "F051_Test.list"
arm-none-eabi-objcopy  -O binary  F051_Test.elf  "F051_Test.bin"
arm-none-eabi-size   F051_Test.elf 
   text	   data	    bss	    dec	    hex	filename
  30380	    204	   2892	  33476	   82c4	F051_Test.elf
Finished building: default.size.stdout
 
Finished building: F051_Test.bin
 
Finished building: F051_Test.list
 
17:55:29 **** Incremental Build of configuration Debug for project F051_Test ****
make -j4 all 
arm-none-eabi-gcc "/home/chris/Projects/Embedded/stm32-ssd1306/ssd1306/ssd1306.c" -mcpu=cortex-m0 -std=gnu11 -g3 -DUSE_HAL_DRIVER -DSSD1306_USE_I2C -DSTM32F051x8 -DDEBUG -c -I../Core/Inc -I../Drivers/STM32F0xx_HAL_Driver/Inc -I../Drivers/STM32F0xx_HAL_Driver/Inc/Legacy -I../Drivers/CMSIS/Device/ST/STM32F0xx/Include -I../Drivers/CMSIS/Include -I"/home/chris/Projects/Embedded/stm32-ssd1306/ssd1306" -I"/home/chris/Projects/Embedded/FT232_USART_Test/UserApp" -O0 -ffunction-sections -fdata-sections -Wall -fstack-usage -MMD -MP -MF"ssd1306/ssd1306.d" -MT"ssd1306/ssd1306.o" --specs=nano.specs -mfloat-abi=soft -mthumb -o "ssd1306/ssd1306.o"
arm-none-eabi-gcc "/home/chris/Projects/Embedded/stm32-ssd1306/ssd1306/ssd1306_tests.c" -mcpu=cortex-m0 -std=gnu11 -g3 -DUSE_HAL_DRIVER -DSSD1306_USE_I2C -DSTM32F051x8 -DDEBUG -c -I../Core/Inc -I../Drivers/STM32F0xx_HAL_Driver/Inc -I../Drivers/STM32F0xx_HAL_Driver/Inc/Legacy -I../Drivers/CMSIS/Device/ST/STM32F0xx/Include -I../Drivers/CMSIS/Include -I"/home/chris/Projects/Embedded/stm32-ssd1306/ssd1306" -I"/home/chris/Projects/Embedded/FT232_USART_Test/UserApp" -O0 -ffunction-sections -fdata-sections -Wall -fstack-usage -MMD -MP -MF"ssd1306/ssd1306_tests.d" -MT"ssd1306/ssd1306_tests.o" --specs=nano.specs -mfloat-abi=soft -mthumb -o "ssd1306/ssd1306_tests.o"
arm-none-eabi-gcc "/home/chris/Projects/Embedded/FT232_USART_Test/UserApp/user_app.c" -mcpu=cortex-m0 -std=gnu11 -g3 -DUSE_HAL_DRIVER -DSSD1306_USE_I2C -DSTM32F051x8 -DDEBUG -c -I../Core/Inc -I../Drivers/STM32F0xx_HAL_Driver/Inc -I../Drivers/STM32F0xx_HAL_Driver/Inc/Legacy -I../Drivers/CMSIS/Device/ST/STM32F0xx/Include -I../Drivers/CMSIS/Include -I"/home/chris/Projects/Embedded/stm32-ssd1306/ssd1306" -I"/home/chris/Projects/Embedded/FT232_USART_Test/UserApp" -O0 -ffunction-sections -fdata-sections -Wall -fstack-usage -MMD -MP -MF"UserApp/user_app.d" -MT"UserApp/user_app.o" --specs=nano.specs -mfloat-abi=soft -mthumb -o "UserApp/user_app.o"
arm-none-eabi-gcc "../Drivers/STM32F0xx_HAL_Driver/Src/stm32f0xx_hal.c" -mcpu=cortex-m0 -std=gnu11 -g3 -DUSE_HAL_DRIVER -DSSD1306_USE_I2C -DSTM32F051x8 -DDEBUG -c -I../Core/Inc -I../Drivers/STM32F0xx_HAL_Driver/Inc -I../Drivers/STM32F0xx_HAL_Driver/Inc/Legacy -I../Drivers/CMSIS/Device/ST/STM32F0xx/Include -I../Drivers/CMSIS/Include -I"/home/chris/Projects/Embedded/stm32-ssd1306/ssd1306" -I"/home/chris/Projects/Embedded/FT232_USART_Test/UserApp" -O0 -ffunction-sections -fdata-sections -Wall -fstack-usage -MMD -MP -MF"Drivers/STM32F0xx_HAL_Driver/Src/stm32f0xx_hal.d" -MT"Drivers/STM32F0xx_HAL_Driver/Src/stm32f0xx_hal.o" --specs=nano.specs -mfloat-abi=soft -mthumb -o "Drivers/STM32F0xx_HAL_Driver/Src/stm32f0xx_hal.o"
arm-none-eabi-gcc "../Drivers/STM32F0xx_HAL_Driver/Src/stm32f0xx_hal_cortex.c" -mcpu=cortex-m0 -std=gnu11 -g3 -DUSE_HAL_DRIVER -DSSD1306_USE_I2C -DSTM32F051x8 -DDEBUG -c -I../Core/Inc -I../Drivers/STM32F0xx_HAL_Driver/Inc -I../Drivers/STM32F0xx_HAL_Driver/Inc/Legacy -I../Drivers/CMSIS/Device/ST/STM32F0xx/Include -I../Drivers/CMSIS/Include -I"/home/chris/Projects/Embedded/stm32-ssd1306/ssd1306" -I"/home/chris/Projects/Embedded/FT232_USART_Test/UserApp" -O0 -ffunction-sections -fdata-sections -Wall -fstack-usage -MMD -MP -MF"Drivers/STM32F0xx_HAL_Driver/Src/stm32f0xx_hal_cortex.d" -MT"Drivers/STM32F0xx_HAL_Driver/Src/stm32f0xx_hal_cortex.o" --specs=nano.specs -mfloat-abi=soft -mthumb -o "Drivers/STM32F0xx_HAL_Driver/Src/stm32f0xx_hal_cortex.o"
arm-none-eabi-gcc "../Drivers/STM32F0xx_HAL_Driver/Src/stm32f0xx_hal_dma.c" -mcpu=cortex-m0 -std=gnu11 -g3 -DUSE_HAL_DRIVER -DSSD1306_USE_I2C -DSTM32F051x8 -DDEBUG -c -I../Core/Inc -I../Drivers/STM32F0xx_HAL_Driver/Inc -I../Drivers/STM32F0xx_HAL_Driver/Inc/Legacy -I../Drivers/CMSIS/Device/ST/STM32F0xx/Include -I../Drivers/CMSIS/Include -I"/home/chris/Projects/Embedded/stm32-ssd1306/ssd1306" -I"/home/chris/Projects/Embedded/FT232_USART_Test/UserApp" -O0 -ffunction-sections -fdata-sections -Wall -fstack-usage -MMD -MP -MF"Drivers/STM32F0xx_HAL_Driver/Src/stm32f0xx_hal_dma.d" -MT"Drivers/STM32F0xx_HAL_Driver/Src/stm32f0xx_hal_dma.o" --specs=nano.specs -mfloat-abi=soft -mthumb -o "Drivers/STM32F0xx_HAL_Driver/Src/stm32f0xx_hal_dma.o"
arm-none-eabi-gcc "../Drivers/STM32F0xx_HAL_Driver/Src/stm32f0xx_hal_exti.c" -mcpu=cortex-m0 -std=gnu11 -g3 -DUSE_HAL_DRIVER -DSSD1306_USE_I2C -DSTM32F051x8 -DDEBUG -c -I../Core/Inc -I../Drivers/STM32F0xx_HAL_Driver/Inc -I../Drivers/STM32F0xx_HAL_Driver/Inc/Legacy -I../Drivers/CMSIS/Device/ST/STM32F0xx/Include -I../Drivers/CMSIS/Include -I"/home/chris/Projects/Embedded/stm32-ssd1306/ssd1306" -I"/home/chris/Projects/Embedded/FT232_USART_Test/UserApp" -O0 -ffunction-sections -fdata-sections -Wall -fstack-usage -MMD -MP -MF"Drivers/STM32F0xx_HAL_Driver/Src/stm32f0xx_hal_exti.d" -MT"Drivers/STM32F0xx_HAL_Driver/Src/stm32f0xx_hal_exti.o" --specs=nano.specs -mfloat-abi=soft -mthumb -o "Drivers/STM32F0xx_HAL_Driver/Src/stm32f0xx_hal_exti.o"
arm-none-eabi-gcc "../Drivers/STM32F0xx_HAL_Driver/Src/stm32f0xx_hal_flash.c" -mcpu=cortex-m0 -std=gnu11 -g3 -DUSE_HAL_DRIVER -DSSD1306_USE_I2C -DSTM32F051x8 -DDEBUG -c -I../Core/Inc -I../Drivers/STM32F0xx_HAL_Driver/Inc -I../Drivers/STM32F0xx_HAL_Driver/Inc/Legacy -I../Drivers/CMSIS/Device/ST/STM32F0xx/Include -I../Drivers/CMSIS/Include -I"/home/chris/Projects/Embedded/stm32-ssd1306/ssd1306" -I"/home/chris/Projects/Embedded/FT232_USART_Test/UserApp" -O0 -ffunction-sections -fdata-sections -Wall -fstack-usage -MMD -MP -MF"Drivers/STM32F0xx_HAL_Driver/Src/stm32f0xx_hal_flash.d" -MT"Drivers/STM32F0xx_HAL_Driver/Src/stm32f0xx_hal_flash.o" --specs=nano.specs -mfloat-abi=soft -mthumb -o "Drivers/STM32F0xx_HAL_Driver/Src/stm32f0xx_hal_flash.o"
arm-none-eabi-gcc "../Drivers/STM32F0xx_HAL_Driver/Src/stm32f0xx_hal_flash_ex.c" -mcpu=cortex-m0 -std=gnu11 -g3 -DUSE_HAL_DRIVER -DSSD1306_USE_I2C -DSTM32F051x8 -DDEBUG -c -I../Core/Inc -I../Drivers/STM32F0xx_HAL_Driver/Inc -I../Drivers/STM32F0xx_HAL_Driver/Inc/Legacy -I../Drivers/CMSIS/Device/ST/STM32F0xx/Include -I../Drivers/CMSIS/Include -I"/home/chris/Projects/Embedded/stm32-ssd1306/ssd1306" -I"/home/chris/Projects/Embedded/FT232_USART_Test/UserApp" -O0 -ffunction-sections -fdata-sections -Wall -fstack-usage -MMD -MP -MF"Drivers/STM32F0xx_HAL_Driver/Src/stm32f0xx_hal_flash_ex.d" -MT"Drivers/STM32F0xx_HAL_Driver/Src/stm32f0xx_hal_flash_ex.o" --specs=nano.specs -mfloat-abi=soft -mthumb -o "Drivers/STM32F0xx_HAL_Driver/Src/stm32f0xx_hal_flash_ex.o"
arm-none-eabi-gcc "../Drivers/STM32F0xx_HAL_Driver/Src/stm32f0xx_hal_gpio.c" -mcpu=cortex-m0 -std=gnu11 -g3 -DUSE_HAL_DRIVER -DSSD1306_USE_I2C -DSTM32F051x8 -DDEBUG -c -I../Core/Inc -I../Drivers/STM32F0xx_HAL_Driver/Inc -I../Drivers/STM32F0xx_HAL_Driver/Inc/Legacy -I../Drivers/CMSIS/Device/ST/STM32F0xx/Include -I../Drivers/CMSIS/Include -I"/home/chris/Projects/Embedded/stm32-ssd1306/ssd1306" -I"/home/chris/Projects/Embedded/FT232_USART_Test/UserApp" -O0 -ffunction-sections -fdata-sections -Wall -fstack-usage -MMD -MP -MF"Drivers/STM32F0xx_HAL_Driver/Src/stm32f0xx_hal_gpio.d" -MT"Drivers/STM32F0xx_HAL_Driver/Src/stm32f0xx_hal_gpio.o" --specs=nano.specs -mfloat-abi=soft -mthumb -o "Drivers/STM32F0xx_HAL_Driver/Src/stm32f0xx_hal_gpio.o"
arm-none-eabi-gcc "../Drivers/STM32F0xx_HAL_Driver/Src/stm32f0xx_hal_i2c.c" -mcpu=cortex-m0 -std=gnu11 -g3 -DUSE_HAL_DRIVER -DSSD1306_USE_I2C -DSTM32F051x8 -DDEBUG -c -I../Core/Inc -I../Drivers/STM32F0xx_HAL_Driver/Inc -I../Drivers/STM32F0xx_HAL_Driver/Inc/Legacy -I../Drivers/CMSIS/Device/ST/STM32F0xx/Include -I../Drivers/CMSIS/Include -I"/home/chris/Projects/Embedded/stm32-ssd1306/ssd1306" -I"/home/chris/Projects/Embedded/FT232_USART_Test/UserApp" -O0 -ffunction-sections -fdata-sections -Wall -fstack-usage -MMD -MP -MF"Drivers/STM32F0xx_HAL_Driver/Src/stm32f0xx_hal_i2c.d" -MT"Drivers/STM32F0xx_HAL_Driver/Src/stm32f0xx_hal_i2c.o" --specs=nano.specs -mfloat-abi=soft -mthumb -o "Drivers/STM32F0xx_HAL_Driver/Src/stm32f0xx_hal_i2c.o"
arm-none-eabi-gcc "../Drivers/STM32F0xx_HAL_Driver/Src/stm32f0xx_hal_i2c_ex.c" -mcpu=cortex-m0 -std=gnu11 -g3 -DUSE_HAL_DRIVER -DSSD1306_USE_I2C -DSTM32F051x8 -DDEBUG -c -I../Core/Inc -I../Drivers/STM32F0xx_HAL_Driver/Inc -I../Drivers/STM32F0xx_HAL_Driver/Inc/Legacy -I../Drivers/CMSIS/Device/ST/STM32F0xx/Include -I../Drivers/CMSIS/Include -I"/home/chris/Projects/Embedded/stm32-ssd1306/ssd1306" -I"/home/chris/Projects/Embedded/FT232_USART_Test/UserApp" -O0 -ffunction-sections -fdata-sections -Wall -fstack-usage -MMD -MP -MF"Drivers/STM32F0xx_HAL_Driver/Src/stm32f0xx_hal_i2c_ex.d" -MT"Drivers/STM32F0xx_HAL_Driver/Src/stm32f0xx_hal_i2c_ex.o" --specs=nano.specs -mfloat-abi=soft -mthumb -o "Drivers/STM32F0xx_HAL_Driver/Src/stm32f0xx_hal_i2c_ex.o"
arm-none-eabi-gcc "../Drivers/STM32F0xx_HAL_Driver/Src/stm32f0xx_hal_pwr.c" -mcpu=cortex-m0 -std=gnu11 -g3 -DUSE_HAL_DRIVER -DSSD1306_USE_I2C -DSTM32F051x8 -DDEBUG -c -I../Core/Inc -I../Drivers/STM32F0xx_HAL_Driver/Inc -I../Drivers/STM32F0xx_HAL_Driver/Inc/Legacy -I../Drivers/CMSIS/Device/ST/STM32F0xx/Include -I../Drivers/CMSIS/Include -I"/home/chris/Projects/Embedded/stm32-ssd1306/ssd1306" -I"/home/chris/Projects/Embedded/FT232_USART_Test/UserApp" -O0 -ffunction-sections -fdata-sections -Wall -fstack-usage -MMD -MP -MF"Drivers/STM32F0xx_HAL_Driver/Src/stm32f0xx_hal_pwr.d" -MT"Drivers/STM32F0xx_HAL_Driver/Src/stm32f0xx_hal_pwr.o" --specs=nano.specs -mfloat-abi=soft -mthumb -o "Drivers/STM32F0xx_HAL_Driver/Src/stm32f0xx_hal_pwr.o"
arm-none-eabi-gcc "../Drivers/STM32F0xx_HAL_Driver/Src/stm32f0xx_hal_pwr_ex.c" -mcpu=cortex-m0 -std=gnu11 -g3 -DUSE_HAL_DRIVER -DSSD1306_USE_I2C -DSTM32F051x8 -DDEBUG -c -I../Core/Inc -I../Drivers/STM32F0xx_HAL_Driver/Inc -I../Drivers/STM32F0xx_HAL_Driver/Inc/Legacy -I../Drivers/CMSIS/Device/ST/STM32F0xx/Include -I../Drivers/CMSIS/Include -I"/home/chris/Projects/Embedded/stm32-ssd1306/ssd1306" -I"/home/chris/Projects/Embedded/FT232_USART_Test/UserApp" -O0 -ffunction-sections -fdata-sections -Wall -fstack-usage -MMD -MP -MF"Drivers/STM32F0xx_HAL_Driver/Src/stm32f0xx_hal_pwr_ex.d" -MT"Drivers/STM32F0xx_HAL_Driver/Src/stm32f0xx_hal_pwr_ex.o" --specs=nano.specs -mfloat-abi=soft -mthumb -o "Drivers/STM32F0xx_HAL_Driver/Src/stm32f0xx_hal_pwr_ex.o"
arm-none-eabi-gcc "../Drivers/STM32F0xx_HAL_Driver/Src/stm32f0xx_hal_rcc.c" -mcpu=cortex-m0 -std=gnu11 -g3 -DUSE_HAL_DRIVER -DSSD1306_USE_I2C -DSTM32F051x8 -DDEBUG -c -I../Core/Inc -I../Drivers/STM32F0xx_HAL_Driver/Inc -I../Drivers/STM32F0xx_HAL_Driver/Inc/Legacy -I../Drivers/CMSIS/Device/ST/STM32F0xx/Include -I../Drivers/CMSIS/Include -I"/home/chris/Projects/Embedded/stm32-ssd1306/ssd1306" -I"/home/chris/Projects/Embedded/FT232_USART_Test/UserApp" -O0 -ffunction-sections -fdata-sections -Wall -fstack-usage -MMD -MP -MF"Drivers/STM32F0xx_HAL_Driver/Src/stm32f0xx_hal_rcc.d" -MT"Drivers/STM32F0xx_HAL_Driver/Src/stm32f0xx_hal_rcc.o" --specs=nano.specs -mfloat-abi=soft -mthumb -o "Drivers/STM32F0xx_HAL_Driver/Src/stm32f0xx_hal_rcc.o"
arm-none-eabi-gcc "../Drivers/STM32F0xx_HAL_Driver/Src/stm32f0xx_hal_rcc_ex.c" -mcpu=cortex-m0 -std=gnu11 -g3 -DUSE_HAL_DRIVER -DSSD1306_USE_I2C -DSTM32F051x8 -DDEBUG -c -I../Core/Inc -I../Drivers/STM32F0xx_HAL_Driver/Inc -I../Drivers/STM32F0xx_HAL_Driver/Inc/Legacy -I../Drivers/CMSIS/Device/ST/STM32F0xx/Include -I../Drivers/CMSIS/Include -I"/home/chris/Projects/Embedded/stm32-ssd1306/ssd1306" -I"/home/chris/Projects/Embedded/FT232_USART_Test/UserApp" -O0 -ffunction-sections -fdata-sections -Wall -fstack-usage -MMD -MP -MF"Drivers/STM32F0xx_HAL_Driver/Src/stm32f0xx_hal_rcc_ex.d" -MT"Drivers/STM32F0xx_HAL_Driver/Src/stm32f0xx_hal_rcc_ex.o" --specs=nano.specs -mfloat-abi=soft -mthumb -o "Drivers/STM32F0xx_HAL_Driver/Src/stm32f0xx_hal_rcc_ex.o"
arm-none-eabi-gcc "../Drivers/STM32F0xx_HAL_Driver/Src/stm32f0xx_hal_tim.c" -mcpu=cortex-m0 -std=gnu11 -g3 -DUSE_HAL_DRIVER -DSSD1306_USE_I2C -DSTM32F051x8 -DDEBUG -c -I../Core/Inc -I../Drivers/STM32F0xx_HAL_Driver/Inc -I../Drivers/STM32F0xx_HAL_Driver/Inc/Legacy -I../Drivers/CMSIS/Device/ST/STM32F0xx/Include -I../Drivers/CMSIS/Include -I"/home/chris/Projects/Embedded/stm32-ssd1306/ssd1306" -I"/home/chris/Projects/Embedded/FT232_USART_Test/UserApp" -O0 -ffunction-sections -fdata-sections -Wall -fstack-usage -MMD -MP -MF"Drivers/STM32F0xx_HAL_Driver/Src/stm32f0xx_hal_tim.d" -MT"Drivers/STM32F0xx_HAL_Driver/Src/stm32f0xx_hal_tim.o" --specs=nano.specs -mfloat-abi=soft -mthumb -o "Drivers/STM32F0xx_HAL_Driver/Src/stm32f0xx_hal_tim.o"
arm-none-eabi-gcc "../Drivers/STM32F0xx_HAL_Driver/Src/stm32f0xx_hal_tim_ex.c" -mcpu=cortex-m0 -std=gnu11 -g3 -DUSE_HAL_DRIVER -DSSD1306_USE_I2C -DSTM32F051x8 -DDEBUG -c -I../Core/Inc -I../Drivers/STM32F0xx_HAL_Driver/Inc -I../Drivers/STM32F0xx_HAL_Driver/Inc/Legacy -I../Drivers/CMSIS/Device/ST/STM32F0xx/Include -I../Drivers/CMSIS/Include -I"/home/chris/Projects/Embedded/stm32-ssd1306/ssd1306" -I"/home/chris/Projects/Embedded/FT232_USART_Test/UserApp" -O0 -ffunction-sections -fdata-sections -Wall -fstack-usage -MMD -MP -MF"Drivers/STM32F0xx_HAL_Driver/Src/stm32f0xx_hal_tim_ex.d" -MT"Drivers/STM32F0xx_HAL_Driver/Src/stm32f0xx_hal_tim_ex.o" --specs=nano.specs -mfloat-abi=soft -mthumb -o "Drivers/STM32F0xx_HAL_Driver/Src/stm32f0xx_hal_tim_ex.o"
arm-none-eabi-gcc "../Drivers/STM32F0xx_HAL_Driver/Src/stm32f0xx_hal_uart.c" -mcpu=cortex-m0 -std=gnu11 -g3 -DUSE_HAL_DRIVER -DSSD1306_USE_I2C -DSTM32F051x8 -DDEBUG -c -I../Core/Inc -I../Drivers/STM32F0xx_HAL_Driver/Inc -I../Drivers/STM32F0xx_HAL_Driver/Inc/Legacy -I../Drivers/CMSIS/Device/ST/STM32F0xx/Include -I../Drivers/CMSIS/Include -I"/home/chris/Projects/Embedded/stm32-ssd1306/ssd1306" -I"/home/chris/Projects/Embedded/FT232_USART_Test/UserApp" -O0 -ffunction-sections -fdata-sections -Wall -fstack-usage -MMD -MP -MF"Drivers/STM32F0xx_HAL_Driver/Src/stm32f0xx_hal_uart.d" -MT"Drivers/STM32F0xx_HAL_Driver/Src/stm32f0xx_hal_uart.o" --specs=nano.specs -mfloat-abi=soft -mthumb -o "Drivers/STM32F0xx_HAL_Driver/Src/stm32f0xx_hal_uart.o"
arm-none-eabi-gcc "../Drivers/STM32F0xx_HAL_Driver/Src/stm32f0xx_hal_uart_ex.c" -mcpu=cortex-m0 -std=gnu11 -g3 -DUSE_HAL_DRIVER -DSSD1306_USE_I2C -DSTM32F051x8 -DDEBUG -c -I../Core/Inc -I../Drivers/STM32F0xx_HAL_Driver/Inc -I../Drivers/STM32F0xx_HAL_Driver/Inc/Legacy -I../Drivers/CMSIS/Device/ST/STM32F0xx/Include -I../Drivers/CMSIS/Include -I"/home/chris/Projects/Embedded/stm32-ssd1306/ssd1306" -I"/home/chris/Projects/Embedded/FT232_USART_Test/UserApp" -O0 -ffunction-sections -fdata-sections -Wall -fstack-usage -MMD -MP -MF"Drivers/STM32F0xx_HAL_Driver/Src/stm32f0xx_hal_uart_ex.d" -MT"Drivers/STM32F0xx_HAL_Driver/Src/stm32f0xx_hal_uart_ex.o" --specs=nano.specs -mfloat-abi=soft -mthumb -o "Drivers/STM32F0xx_HAL_Driver/Src/stm32f0xx_hal_uart_ex.o"
arm-none-eabi-gcc "../Core/Src/dma.c" -mcpu=cortex-m0 -std=gnu11 -g3 -DUSE_HAL_DRIVER -DSSD1306_USE_I2C -DSTM32F051x8 -DDEBUG -c -I../Core/Inc -I../Drivers/STM32F0xx_HAL_Driver/Inc -I../Drivers/STM32F0xx_HAL_Driver/Inc/Legacy -I../Drivers/CMSIS/Device/ST/STM32F0xx/Include -I../Drivers/CMSIS/Include -I"/home/chris/Projects/Embedded/stm32-ssd1306/ssd1306" -I"/home/chris/Projects/Embedded/FT232_USART_Test/UserApp" -O0 -ffunction-sections -fdata-sections -Wall -fstack-usage -MMD -MP -MF"Core/Src/dma.d" -MT"Core/Src/dma.o" --specs=nano.specs -mfloat-abi=soft -mthumb -o "Core/Src/dma.o"
arm-none-eabi-gcc "../Core/Src/gpio.c" -mcpu=cortex-m0 -std=gnu11 -g3 -DUSE_HAL_DRIVER -DSSD1306_USE_I2C -DSTM32F051x8 -DDEBUG -c -I../Core/Inc -I../Drivers/STM32F0xx_HAL_Driver/Inc -I../Drivers/STM32F0xx_HAL_Driver/Inc/Legacy -I../Drivers/CMSIS/Device/ST/STM32F0xx/Include -I../Drivers/CMSIS/Include -I"/home/chris/Projects/Embedded/stm32-ssd1306/ssd1306" -I"/home/chris/Projects/Embedded/FT232_USART_Test/UserApp" -O0 -ffunction-sections -fdata-sections -Wall -fstack-usage -MMD -MP -MF"Core/Src/gpio.d" -MT"Core/Src/gpio.o" --specs=nano.specs -mfloat-abi=soft -mthumb -o "Core/Src/gpio.o"
arm-none-eabi-gcc "../Core/Src/i2c.c" -mcpu=cortex-m0 -std=gnu11 -g3 -DUSE_HAL_DRIVER -DSSD1306_USE_I2C -DSTM32F051x8 -DDEBUG -c -I../Core/Inc -I../Drivers/STM32F0xx_HAL_Driver/Inc -I../Drivers/STM32F0xx_HAL_Driver/Inc/Legacy -I../Drivers/CMSIS/Device/ST/STM32F0xx/Include -I../Drivers/CMSIS/Include -I"/home/chris/Projects/Embedded/stm32-ssd1306/ssd1306" -I"/home/chris/Projects/Embedded/FT232_USART_Test/UserApp" -O0 -ffunction-sections -fdata-sections -Wall -fstack-usage -MMD -MP -MF"Core/Src/i2c.d" -MT"Core/Src/i2c.o" --specs=nano.specs -mfloat-abi=soft -mthumb -o "Core/Src/i2c.o"
arm-none-eabi-gcc "../Core/Src/main.c" -mcpu=cortex-m0 -std=gnu11 -g3 -DUSE_HAL_DRIVER -DSSD1306_USE_I2C -DSTM32F051x8 -DDEBUG -c -I../Core/Inc -I../Drivers/STM32F0xx_HAL_Driver/Inc -I../Drivers/STM32F0xx_HAL_Driver/Inc/Legacy -I../Drivers/CMSIS/Device/ST/STM32F0xx/Include -I../Drivers/CMSIS/Include -I"/home/chris/Projects/Embedded/stm32-ssd1306/ssd1306" -I"/home/chris/Projects/Embedded/FT232_USART_Test/UserApp" -O0 -ffunction-sections -fdata-sections -Wall -fstack-usage -MMD -MP -MF"Core/Src/main.d" -MT"Core/Src/main.o" --specs=nano.specs -mfloat-abi=soft -mthumb -o "Core/Src/main.o"
arm-none-eabi-gcc "../Core/Src/stm32f0xx_hal_msp.c" -mcpu=cortex-m0 -std=gnu11 -g3 -DUSE_HAL_DRIVER -DSSD1306_USE_I2C -DSTM32F051x8 -DDEBUG -c -I../Core/Inc -I../Drivers/STM32F0xx_HAL_Driver/Inc -I../Drivers/STM32F0xx_HAL_Driver/Inc/Legacy -I../Drivers/CMSIS/Device/ST/STM32F0xx/Include -I../Drivers/CMSIS/Include -I"/home/chris/Projects/Embedded/stm32-ssd1306/ssd1306" -I"/home/chris/Projects/Embedded/FT232_USART_Test/UserApp" -O0 -ffunction-sections -fdata-sections -Wall -fstack-usage -MMD -MP -MF"Core/Src/stm32f0xx_hal_msp.d" -MT"Core/Src/stm32f0xx_hal_msp.o" --specs=nano.specs -mfloat-abi=soft -mthumb -o "Core/Src/stm32f0xx_hal_msp.o"
arm-none-eabi-gcc "../Core/Src/stm32f0xx_it.c" -mcpu=cortex-m0 -std=gnu11 -g3 -DUSE_HAL_DRIVER -DSSD1306_USE_I2C -DSTM32F051x8 -DDEBUG -c -I../Core/Inc -I../Drivers/STM32F0xx_HAL_Driver/Inc -I../Drivers/STM32F0xx_HAL_Driver/Inc/Legacy -I../Drivers/CMSIS/Device/ST/STM32F0xx/Include -I../Drivers/CMSIS/Include -I"/home/chris/Projects/Embedded/stm32-ssd1306/ssd1306" -I"/home/chris/Projects/Embedded/FT232_USART_Test/UserApp" -O0 -ffunction-sections -fdata-sections -Wall -fstack-usage -MMD -MP -MF"Core/Src/stm32f0xx_it.d" -MT"Core/Src/stm32f0xx_it.o" --specs=nano.specs -mfloat-abi=soft -mthumb -o "Core/Src/stm32f0xx_it.o"
arm-none-eabi-gcc "../Core/Src/system_stm32f0xx.c" -mcpu=cortex-m0 -std=gnu11 -g3 -DUSE_HAL_DRIVER -DSSD1306_USE_I2C -DSTM32F051x8 -DDEBUG -c -I../Core/Inc -I../Drivers/STM32F0xx_HAL_Driver/Inc -I../Drivers/STM32F0xx_HAL_Driver/Inc/Legacy -I../Drivers/CMSIS/Device/ST/STM32F0xx/Include -I../Drivers/CMSIS/Include -I"/home/chris/Projects/Embedded/stm32-ssd1306/ssd1306" -I"/home/chris/Projects/Embedded/FT232_USART_Test/UserApp" -O0 -ffunction-sections -fdata-sections -Wall -fstack-usage -MMD -MP -MF"Core/Src/system_stm32f0xx.d" -MT"Core/Src/system_stm32f0xx.o" --specs=nano.specs -mfloat-abi=soft -mthumb -o "Core/Src/system_stm32f0xx.o"
arm-none-eabi-gcc "../Core/Src/usart.c" -mcpu=cortex-m0 -std=gnu11 -g3 -DUSE_HAL_DRIVER -DSSD1306_USE_I2C -DSTM32F051x8 -DDEBUG -c -I../Core/Inc -I../Drivers/STM32F0xx_HAL_Driver/Inc -I../Drivers/STM32F0xx_HAL_Driver/Inc/Legacy -I../Drivers/CMSIS/Device/ST/STM32F0xx/Include -I../Drivers/CMSIS/Include -I"/home/chris/Projects/Embedded/stm32-ssd1306/ssd1306" -I"/home/chris/Projects/Embedded/FT232_USART_Test/UserApp" -O0 -ffunction-sections -fdata-sections -Wall -fstack-usage -MMD -MP -MF"Core/Src/usart.d" -MT"Core/Src/usart.o" --specs=nano.specs -mfloat-abi=soft -mthumb -o "Core/Src/usart.o"
arm-none-eabi-gcc -o "F051_Test.elf" @"objects.list"   -mcpu=cortex-m0 -T"/home/chris/Projects/Embedded/FT232_USART_Test/F051_Test/STM32F051K8TX_FLASH.ld" --specs=nosys.specs -Wl,-Map="F051_Test.map" -Wl,--gc-sections -static --specs=nano.specs -mfloat-abi=soft -mthumb -Wl,--start-group -lc -lm -Wl,--end-group
Finished building target: F051_Test.elf
 
arm-none-eabi-objdump -h -S  F051_Test.elf  > "F051_Test.list"
arm-none-eabi-objcopy  -O binary  F051_Test.elf  "F051_Test.bin"
arm-none-eabi-size   F051_Test.elf 
   text	   data	    bss	    dec	    hex	filename
  30380	    204	   2892	  33476	   82c4	F051_Test.elf
Finished building: default.size.stdout
Finished building: F051_Test.bin
 
 
Finished building: F051_Test.list
 
17:55:50 **** Incremental Build of configuration Debug for project F051_Test ****
make -j4 all 
arm-none-eabi-gcc "/home/chris/Projects/Embedded/FT232_USART_Test/UserApp/user_app.c" -mcpu=cortex-m0 -std=gnu11 -g3 -DUSE_HAL_DRIVER -DSSD1306_USE_I2C -DSTM32F051x8 -DDEBUG -c -I../Core/Inc -I../Drivers/STM32F0xx_HAL_Driver/Inc -I../Drivers/STM32F0xx_HAL_Driver/Inc/Legacy -I../Drivers/CMSIS/Device/ST/STM32F0xx/Include -I../Drivers/CMSIS/Include -I"/home/chris/Projects/Embedded/stm32-ssd1306/ssd1306" -I"/home/chris/Projects/Embedded/FT232_USART_Test/UserApp" -O0 -ffunction-sections -fdata-sections -Wall -fstack-usage -MMD -MP -MF"UserApp/user_app.d" -MT"UserApp/user_app.o" --specs=nano.specs -mfloat-abi=soft -mthumb -o "UserApp/user_app.o"
arm-none-eabi-gcc -o "F051_Test.elf" @"objects.list"   -mcpu=cortex-m0 -T"/home/chris/Projects/Embedded/FT232_USART_Test/F051_Test/STM32F051K8TX_FLASH.ld" --specs=nosys.specs -Wl,-Map="F051_Test.map" -Wl,--gc-sections -static --specs=nano.specs -mfloat-abi=soft -mthumb -Wl,--start-group -lc -lm -Wl,--end-group
Finished building target: F051_Test.elf
 
arm-none-eabi-objdump -h -S  F051_Test.elf  > "F051_Test.list"
arm-none-eabi-objcopy  -O binary  F051_Test.elf  "F051_Test.bin"
arm-none-eabi-size   F051_Test.elf 
   text	   data	    bss	    dec	    hex	filename
  30392	    204	   2892	  33488	   82d0	F051_Test.elf
Finished building: F051_Test.bin
Finished building: default.size.stdout
 
 
Finished building: F051_Test.list
 
17:57:59 **** Incremental Build of configuration Debug for project F051_Test ****
make -j4 all 
arm-none-eabi-gcc "/home/chris/Projects/Embedded/stm32-ssd1306/ssd1306/ssd1306_tests.c" -mcpu=cortex-m0 -std=gnu11 -g3 -DUSE_HAL_DRIVER -DSSD1306_USE_I2C -DSTM32F051x8 -DDEBUG -c -I../Core/Inc -I../Drivers/STM32F0xx_HAL_Driver/Inc -I../Drivers/STM32F0xx_HAL_Driver/Inc/Legacy -I../Drivers/CMSIS/Device/ST/STM32F0xx/Include -I../Drivers/CMSIS/Include -I"/home/chris/Projects/Embedded/stm32-ssd1306/ssd1306" -I"/home/chris/Projects/Embedded/FT232_USART_Test/UserApp" -O0 -ffunction-sections -fdata-sections -Wall -fstack-usage -MMD -MP -MF"ssd1306/ssd1306_tests.d" -MT"ssd1306/ssd1306_tests.o" --specs=nano.specs -mfloat-abi=soft -mthumb -o "ssd1306/ssd1306_tests.o"
arm-none-eabi-gcc -o "F051_Test.elf" @"objects.list"   -mcpu=cortex-m0 -T"/home/chris/Projects/Embedded/FT232_USART_Test/F051_Test/STM32F051K8TX_FLASH.ld" --specs=nosys.specs -Wl,-Map="F051_Test.map" -Wl,--gc-sections -static --specs=nano.specs -mfloat-abi=soft -mthumb -Wl,--start-group -lc -lm -Wl,--end-group
Finished building target: F051_Test.elf
 
arm-none-eabi-objdump -h -S  F051_Test.elf  > "F051_Test.list"
arm-none-eabi-objcopy  -O binary  F051_Test.elf  "F051_Test.bin"
arm-none-eabi-size   F051_Test.elf 
   text	   data	    bss	    dec	    hex	filename
  30132	    204	   2892	  33228	   81cc	F051_Test.elf
Finished building: default.size.stdout
Finished building: F051_Test.bin
 
 
Finished building: F051_Test.list
 
